84.17.44.201 - - [16/May/2026:18:28:40 +0000] "POST /products HTTP/1.1" 200 2335 "-" "curl/7.88.1"
84.17.44.201 - - [16/May/2026:18:28:40 +0000] "GET /cart HTTP/1.1" 302 1101 "-" "curl/7.88.1"
172.67.211.55 - - [16/May/2026:18:28:40 +0000] "POST /contact HTTP/1.1" 302 1590 "-" "curl/7.88.1"
45.83.64.12 - - [16/May/2026:18:28:41 +0000] "GET /products HTTP/1.1" 200 11496 "-" "curl/7.88.1"
185.220.101.45 - - [16/May/2026:18:28:41 +0000] "GET /wp-login.php HTTP/1.1" 401 925 "-" "Mozilla/5.0 (Windows NT 10.0; Win64; x64)"
172.67.211.55 - - [16/May/2026:18:28:42 +0000] "GET /api/search?q=headphones HTTP/1.1" 200 4988 "-" "python-requests/2.31.0"
45.83.64.12 - - [16/May/2026:18:28:42 +0000] "GET /checkout HTTP/1.1" 302 4750 "-" "curl/7.88.1"
84.17.44.201 - - [16/May/2026:18:28:42 +0000] "POST /contact HTTP/1.1" 302 10488 "-" "Mozilla/5.0 (Windows NT 10.0; Win64; x64)"
104.26.12.44 - - [16/May/2026:18:28:42 +0000] "GET /cart HTTP/1.1" 301 11179 "-" "Mozilla/5.0 (Macintosh; Intel Mac OS X 10_15_7)"
84.17.44.201 - - [16/May/2026:18:28:43 +0000] "POST /api/search?q=laptop HTTP/1.1" 200 5606 "-" "Mozilla/5.0 (X11; Linux x86_64)"
104.26.12.44 - - [16/May/2026:18:28:43 +0000] "GET /assets/logo.png HTTP/1.1" 301 600 "-" "python-requests/2.31.0"
91.240.118.172 - - [16/May/2026:18:28:43 +0000] "GET /assets/banner.jpg HTTP/1.1" 200 9136 "-" "Mozilla/5.0 (X11; Linux x86_64)"
172.67.211.55 - - [16/May/2026:18:28:43 +0000] "POST /api/search?q=laptop HTTP/1.1" 200 5291 "-" "Mozilla/5.0 (Windows NT 10.0; Win64; x64)"
91.240.118.172 - - [16/May/2026:18:28:44 +0000] "POST /checkout HTTP/1.1" 301 3635 "-" "curl/7.88.1"
104.26.12.44 - - [16/May/2026:18:28:44 +0000] "POST /register HTTP/1.1" 301 3777 "-" "Mozilla/5.0 (Macintosh; Intel Mac OS X 10_15_7)"
45.83.64.12 - - [16/May/2026:18:28:44 +0000] "GET /api/search?q=headphones HTTP/1.1" 200 8388 "-" "Mozilla/5.0 (X11; Linux x86_64)"
172.67.211.55 - - [16/May/2026:18:28:45 +0000] "POST /assets/banner.jpg HTTP/1.1" 302 8381 "-" "python-requests/2.31.0"
84.17.44.201 - - [16/May/2026:18:28:45 +0000] "POST /api/search?q=headphones HTTP/1.1" 200 11955 "-" "Mozilla/5.0 (Windows NT 10.0; Win64; x64)"
91.240.118.172 - - [16/May/2026:18:28:46 +0000] "POST /cart HTTP/1.1" 200 1322 "-" "Mozilla/5.0 (Windows NT 10.0; Win64; x64)"
84.17.44.201 - - [16/May/2026:18:28:47 +0000] "POST /assets/logo.png HTTP/1.1" 301 4967 "-" "Mozilla/5.0 (X11; Linux x86_64)"
84.17.44.201 - - [16/May/2026:18:28:47 +0000] "POST /assets/banner.jpg HTTP/1.1" 200 9578 "-" "Mozilla/5.0 (Windows NT 10.0; Win64; x64)"
172.67.211.55 - - [16/May/2026:18:28:48 +0000] "GET /products HTTP/1.1" 302 11889 "-" "curl/7.88.1"
172.67.211.55 - - [16/May/2026:18:28:49 +0000] "GET /checkout HTTP/1.1" 200 2309 "-" "Mozilla/5.0 (Windows NT 10.0; Win64; x64)"
84.17.44.201 - - [16/May/2026:18:28:49 +0000] "GET /home HTTP/1.1" 301 1809 "-" "curl/7.88.1"
45.83.64.12 - - [16/May/2026:18:28:50 +0000] "POST /api/search?q=headphones HTTP/1.1" 302 7550 "-" "python-requests/2.31.0"
172.67.211.55 - - [16/May/2026:18:28:51 +0000] "GET /assets/banner.jpg HTTP/1.1" 301 5107 "-" "Mozilla/5.0 (Macintosh; Intel Mac OS X 10_15_7)"
45.83.64.12 - - [16/May/2026:18:28:51 +0000] "GET /api/search?q=headphones HTTP/1.1" 301 2276 "-" "Mozilla/5.0 (X11; Linux x86_64)"
84.17.44.201 - - [16/May/2026:18:28:51 +0000] "GET /checkout HTTP/1.1" 302 11370 "-" "Mozilla/5.0 (X11; Linux x86_64)"
45.83.64.12 - - [16/May/2026:18:28:52 +0000] "GET /home HTTP/1.1" 200 7675 "-" "python-requests/2.31.0"
172.67.211.55 - - [16/May/2026:18:28:52 +0000] "POST /api/search?q=laptop HTTP/1.1" 200 8140 "-" "Mozilla/5.0 (Windows NT 10.0; Win64; x64)"
91.240.118.172 - - [16/May/2026:18:28:52 +0000] "GET /api/search?q=headphones HTTP/1.1" 200 1525 "-" "Mozilla/5.0 (X11; Linux x86_64)"
104.26.12.44 - - [16/May/2026:18:28:52 +0000] "GET /assets/banner.jpg HTTP/1.1" 302 7666 "-" "Mozilla/5.0 (Macintosh; Intel Mac OS X 10_15_7)"
172.67.211.55 - - [16/May/2026:18:28:53 +0000] "POST /assets/banner.jpg HTTP/1.1" 302 6112 "-" "curl/7.88.1"
172.67.211.55 - - [16/May/2026:18:28:54 +0000] "GET /contact HTTP/1.1" 301 9258 "-" "Mozilla/5.0 (X11; Linux x86_64)"
104.26.12.44 - - [16/May/2026:18:28:54 +0000] "POST / HTTP/1.1" 301 5101 "-" "Mozilla/5.0 (Windows NT 10.0; Win64; x64)"
172.67.211.55 - - [16/May/2026:18:28:54 +0000] "GET /api/search?q=headphones HTTP/1.1" 200 1035 "-" "python-requests/2.31.0"
91.240.118.172 - - [16/May/2026:18:28:54 +0000] "POST /login HTTP/1.1" 302 3339 "-" "Mozilla/5.0 (X11; Linux x86_64)"
103.145.13.99 - - [16/May/2026:18:28:54 +0000] "GET /server-status HTTP/1.1" 401 1259 "-" "Mozilla/5.0 (Macintosh; Intel Mac OS X 10_15_7)"
91.240.118.172 - - [16/May/2026:18:28:55 +0000] "POST /contact HTTP/1.1" 200 6368 "-" "python-requests/2.31.0"
104.26.12.44 - - [16/May/2026:18:28:55 +0000] "POST /assets/banner.jpg HTTP/1.1" 200 9850 "-" "python-requests/2.31.0"
91.240.118.172 - - [16/May/2026:18:28:55 +0000] "POST /checkout HTTP/1.1" 302 7782 "-" "Mozilla/5.0 (Windows NT 10.0; Win64; x64)"
172.67.211.55 - - [16/May/2026:18:28:56 +0000] "POST /cart HTTP/1.1" 301 4890 "-" "python-requests/2.31.0"
172.67.211.55 - - [16/May/2026:18:28:57 +0000] "GET /assets/logo.png HTTP/1.1" 200 3602 "-" "Mozilla/5.0 (X11; Linux x86_64)"
172.67.211.55 - - [16/May/2026:18:28:57 +0000] "POST /register HTTP/1.1" 301 2219 "-" "Mozilla/5.0 (X11; Linux x86_64)"
104.26.12.44 - - [16/May/2026:18:28:57 +0000] "GET /assets/logo.png HTTP/1.1" 200 4185 "-" "Mozilla/5.0 (X11; Linux x86_64)"
45.83.64.12 - - [16/May/2026:18:28:57 +0000] "GET /cart HTTP/1.1" 200 2089 "-" "curl/7.88.1"
104.26.12.44 - - [16/May/2026:18:28:58 +0000] "GET /login HTTP/1.1" 200 1533 "-" "Mozilla/5.0 (Windows NT 10.0; Win64; x64)"
84.17.44.201 - - [16/May/2026:18:28:58 +0000] "GET /api/search?q=laptop HTTP/1.1" 200 7749 "-" "python-requests/2.31.0"
84.17.44.201 - - [16/May/2026:18:28:59 +0000] "POST /api/search?q=headphones HTTP/1.1" 200 3805 "-" "curl/7.88.1"
84.17.44.201 - - [16/May/2026:18:28:59 +0000] "GET /api/search?q=laptop HTTP/1.1" 302 6203 "-" "Mozilla/5.0 (Windows NT 10.0; Win64; x64)"
104.26.12.44 - - [16/May/2026:18:28:59 +0000] "GET /products HTTP/1.1" 200 5256 "-" "Mozilla/5.0 (Macintosh; Intel Mac OS X 10_15_7)"
104.26.12.44 - - [16/May/2026:18:28:59 +0000] "GET /products HTTP/1.1" 302 5364 "-" "Mozilla/5.0 (X11; Linux x86_64)"
45.83.64.12 - - [16/May/2026:18:29:00 +0000] "POST /assets/banner.jpg HTTP/1.1" 301 7073 "-" "Mozilla/5.0 (X11; Linux x86_64)"
84.17.44.201 - - [16/May/2026:18:29:01 +0000] "POST /register HTTP/1.1" 200 4486 "-" "Mozilla/5.0 (Windows NT 10.0; Win64; x64)"
84.17.44.201 - - [16/May/2026:18:29:01 +0000] "POST /register HTTP/1.1" 200 8149 "-" "Mozilla/5.0 (Windows NT 10.0; Win64; x64)"
45.83.64.12 - - [16/May/2026:18:29:01 +0000] "POST /api/search?q=headphones HTTP/1.1" 302 6427 "-" "Mozilla/5.0 (Macintosh; Intel Mac OS X 10_15_7)"
91.240.118.172 - - [16/May/2026:18:29:01 +0000] "POST /checkout HTTP/1.1" 200 2387 "-" "curl/7.88.1"
91.240.118.172 - - [16/May/2026:18:29:02 +0000] "POST / HTTP/1.1" 301 3379 "-" "curl/7.88.1"
45.83.64.12 - - [16/May/2026:18:29:02 +0000] "GET /contact HTTP/1.1" 200 7034 "-" "Mozilla/5.0 (X11; Linux x86_64)"
45.83.64.12 - - [16/May/2026:18:29:02 +0000] "GET /login HTTP/1.1" 200 7186 "-" "Mozilla/5.0 (X11; Linux x86_64)"
91.240.118.172 - - [16/May/2026:18:29:02 +0000] "GET /contact HTTP/1.1" 200 4145 "-" "Mozilla/5.0 (Windows NT 10.0; Win64; x64)"
198.98.51.189 - - [16/May/2026:18:29:02 +0000] "GET /xmlrpc.php HTTP/1.1" 404 1240 "-" "curl/7.88.1"
45.83.64.12 - - [16/May/2026:18:29:03 +0000] "GET /assets/logo.png HTTP/1.1" 302 2847 "-" "Mozilla/5.0 (X11; Linux x86_64)"
45.83.64.12 - - [16/May/2026:18:29:03 +0000] "POST /register HTTP/1.1" 200 3389 "-" "Mozilla/5.0 (Windows NT 10.0; Win64; x64)"
172.67.211.55 - - [16/May/2026:18:29:03 +0000] "POST /products HTTP/1.1" 200 660 "-" "curl/7.88.1"
172.67.211.55 - - [16/May/2026:18:29:03 +0000] "POST / HTTP/1.1" 301 7271 "-" "Mozilla/5.0 (X11; Linux x86_64)"
103.145.13.99 - - [16/May/2026:18:29:03 +0000] "POST /login HTTP/1.1" 401 1767 "-" "Mozilla/5.0 (Macintosh; Intel Mac OS X 10_15_7)"
84.17.44.201 - - [16/May/2026:18:29:03 +0000] "GET /assets/logo.png HTTP/1.1" 200 9464 "-" "Mozilla/5.0 (X11; Linux x86_64)"
104.26.12.44 - - [16/May/2026:18:29:03 +0000] "GET /api/search?q=laptop HTTP/1.1" 200 8203 "-" "Mozilla/5.0 (X11; Linux x86_64)"
45.83.64.12 - - [16/May/2026:18:29:03 +0000] "POST /home HTTP/1.1" 200 6662 "-" "curl/7.88.1"
45.83.64.12 - - [16/May/2026:18:29:03 +0000] "POST /home HTTP/1.1" 200 9048 "-" "Mozilla/5.0 (Macintosh; Intel Mac OS X 10_15_7)"
45.83.64.12 - - [16/May/2026:18:29:03 +0000] "GET /checkout HTTP/1.1" 301 8961 "-" "python-requests/2.31.0"
91.240.118.172 - - [16/May/2026:18:29:03 +0000] "GET /assets/logo.png HTTP/1.1" 200 5532 "-" "curl/7.88.1"
104.26.12.44 - - [16/May/2026:18:29:03 +0000] "POST /register HTTP/1.1" 200 7087 "-" "Mozilla/5.0 (Macintosh; Intel Mac OS X 10_15_7)"
172.67.211.55 - - [16/May/2026:18:29:03 +0000] "POST /api/search?q=headphones HTTP/1.1" 200 852 "-" "Mozilla/5.0 (Windows NT 10.0; Win64; x64)"
104.26.12.44 - - [16/May/2026:18:29:03 +0000] "GET /checkout HTTP/1.1" 200 6304 "-" "Mozilla/5.0 (Windows NT 10.0; Win64; x64)"
104.26.12.44 - - [16/May/2026:18:29:03 +0000] "GET /products HTTP/1.1" 200 11873 "-" "Mozilla/5.0 (Macintosh; Intel Mac OS X 10_15_7)"
45.83.64.12 - - [16/May/2026:18:29:04 +0000] "GET /cart HTTP/1.1" 200 5367 "-" "Mozilla/5.0 (Windows NT 10.0; Win64; x64)"
104.26.12.44 - - [16/May/2026:18:29:04 +0000] "POST / HTTP/1.1" 302 11237 "-" "Mozilla/5.0 (X11; Linux x86_64)"
84.17.44.201 - - [16/May/2026:18:29:04 +0000] "GET /assets/banner.jpg HTTP/1.1" 200 4597 "-" "python-requests/2.31.0"
91.240.118.172 - - [16/May/2026:18:29:04 +0000] "GET / HTTP/1.1" 200 10643 "-" "python-requests/2.31.0"
104.26.12.44 - - [16/May/2026:18:29:05 +0000] "GET /assets/banner.jpg HTTP/1.1" 200 3770 "-" "Mozilla/5.0 (X11; Linux x86_64)"
84.17.44.201 - - [16/May/2026:18:29:05 +0000] "POST /assets/banner.jpg HTTP/1.1" 200 5936 "-" "Mozilla/5.0 (Windows NT 10.0; Win64; x64)"
172.67.211.55 - - [16/May/2026:18:29:05 +0000] "POST / HTTP/1.1" 200 10969 "-" "Mozilla/5.0 (Windows NT 10.0; Win64; x64)"
172.67.211.55 - - [16/May/2026:18:29:05 +0000] "POST /api/search?q=headphones HTTP/1.1" 200 3531 "-" "Mozilla/5.0 (Windows NT 10.0; Win64; x64)"
91.240.118.172 - - [16/May/2026:18:29:05 +0000] "GET /products HTTP/1.1" 302 1570 "-" "Mozilla/5.0 (Windows NT 10.0; Win64; x64)"
172.67.211.55 - - [16/May/2026:18:29:05 +0000] "GET / HTTP/1.1" 302 924 "-" "python-requests/2.31.0"
104.26.12.44 - - [16/May/2026:18:29:05 +0000] "GET /contact HTTP/1.1" 200 5874 "-" "python-requests/2.31.0"
172.67.211.55 - - [16/May/2026:18:29:05 +0000] "POST /register HTTP/1.1" 302 11126 "-" "Mozilla/5.0 (Windows NT 10.0; Win64; x64)"
84.17.44.201 - - [16/May/2026:18:29:05 +0000] "GET /assets/banner.jpg HTTP/1.1" 200 1995 "-" "Mozilla/5.0 (Windows NT 10.0; Win64; x64)"
45.83.64.12 - - [16/May/2026:18:29:05 +0000] "POST /login HTTP/1.1" 302 10431 "-" "curl/7.88.1"
91.240.118.172 - - [16/May/2026:18:29:05 +0000] "POST /checkout HTTP/1.1" 301 3050 "-" "Mozilla/5.0 (Windows NT 10.0; Win64; x64)"
84.17.44.201 - - [16/May/2026:18:29:05 +0000] "GET /register HTTP/1.1" 200 6982 "-" "curl/7.88.1"
172.67.211.55 - - [16/May/2026:18:29:05 +0000] "POST /assets/banner.jpg HTTP/1.1" 302 4584 "-" "Mozilla/5.0 (X11; Linux x86_64)"
45.83.64.12 - - [16/May/2026:18:29:05 +0000] "POST /contact HTTP/1.1" 302 764 "-" "python-requests/2.31.0"
172.67.211.55 - - [16/May/2026:18:29:05 +0000] "GET /api/search?q=headphones HTTP/1.1" 200 2986 "-" "Mozilla/5.0 (Macintosh; Intel Mac OS X 10_15_7)"
84.17.44.201 - - [16/May/2026:18:29:05 +0000] "GET /api/search?q=headphones HTTP/1.1" 200 8517 "-" "Mozilla/5.0 (X11; Linux x86_64)"
84.17.44.201 - - [16/May/2026:18:29:05 +0000] "POST /products HTTP/1.1" 301 10457 "-" "Mozilla/5.0 (Windows NT 10.0; Win64; x64)"
45.83.64.12 - - [16/May/2026:18:29:05 +0000] "POST /products HTTP/1.1" 200 5168 "-" "python-requests/2.31.0"
91.240.118.172 - - [16/May/2026:18:29:05 +0000] "GET / HTTP/1.1" 200 1426 "-" "Mozilla/5.0 (Macintosh; Intel Mac OS X 10_15_7)"
91.240.118.172 - - [16/May/2026:18:29:06 +0000] "GET /api/search?q=headphones HTTP/1.1" 302 9374 "-" "Mozilla/5.0 (Windows NT 10.0; Win64; x64)"
91.240.118.172 - - [16/May/2026:18:29:06 +0000] "POST / HTTP/1.1" 200 10796 "-" "python-requests/2.31.0"
84.17.44.201 - - [16/May/2026:18:29:07 +0000] "POST /api/search?q=headphones HTTP/1.1" 200 9790 "-" "Mozilla/5.0 (Macintosh; Intel Mac OS X 10_15_7)"
84.17.44.201 - - [16/May/2026:18:29:08 +0000] "GET /login HTTP/1.1" 200 6784 "-" "Mozilla/5.0 (X11; Linux x86_64)"
103.145.13.99 - - [16/May/2026:18:29:08 +0000] "POST /login HTTP/1.1" 401 890 "-" "Mozilla/5.0 (Macintosh; Intel Mac OS X 10_15_7)"
45.83.64.12 - - [16/May/2026:18:29:09 +0000] "POST /products HTTP/1.1" 200 3904 "-" "Mozilla/5.0 (Macintosh; Intel Mac OS X 10_15_7)"
45.83.64.12 - - [16/May/2026:18:29:10 +0000] "GET /assets/banner.jpg HTTP/1.1" 302 8463 "-" "Mozilla/5.0 (Macintosh; Intel Mac OS X 10_15_7)"
91.240.118.172 - - [16/May/2026:18:29:11 +0000] "POST /api/search?q=laptop HTTP/1.1" 200 7079 "-" "python-requests/2.31.0"
84.17.44.201 - - [16/May/2026:18:29:11 +0000] "POST / HTTP/1.1" 200 9877 "-" "python-requests/2.31.0"
104.26.12.44 - - [16/May/2026:18:29:11 +0000] "POST /cart HTTP/1.1" 200 5518 "-" "python-requests/2.31.0"
84.17.44.201 - - [16/May/2026:18:29:12 +0000] "GET /assets/banner.jpg HTTP/1.1" 301 2688 "-" "Mozilla/5.0 (Macintosh; Intel Mac OS X 10_15_7)"
91.240.118.172 - - [16/May/2026:18:29:12 +0000] "POST /products HTTP/1.1" 200 6412 "-" "curl/7.88.1"
104.26.12.44 - - [16/May/2026:18:29:12 +0000] "GET /cart HTTP/1.1" 200 7253 "-" "python-requests/2.31.0"
84.17.44.201 - - [16/May/2026:18:29:13 +0000] "POST /api/search?q=laptop HTTP/1.1" 301 2382 "-" "curl/7.88.1"
45.83.64.12 - - [16/May/2026:18:29:13 +0000] "POST /products HTTP/1.1" 302 3081 "-" "Mozilla/5.0 (Windows NT 10.0; Win64; x64)"
172.67.211.55 - - [16/May/2026:18:29:13 +0000] "GET /login HTTP/1.1" 200 11239 "-" "Mozilla/5.0 (Windows NT 10.0; Win64; x64)"
104.26.12.44 - - [16/May/2026:18:29:13 +0000] "GET /assets/banner.jpg HTTP/1.1" 200 8089 "-" "Mozilla/5.0 (Macintosh; Intel Mac OS X 10_15_7)"
104.26.12.44 - - [16/May/2026:18:29:14 +0000] "POST /register HTTP/1.1" 301 9691 "-" "Mozilla/5.0 (Macintosh; Intel Mac OS X 10_15_7)"
45.83.64.12 - - [16/May/2026:18:29:14 +0000] "POST /products HTTP/1.1" 200 4094 "-" "Mozilla/5.0 (Windows NT 10.0; Win64; x64)"
45.83.64.12 - - [16/May/2026:18:29:14 +0000] "GET /home HTTP/1.1" 200 4482 "-" "python-requests/2.31.0"
104.26.12.44 - - [16/May/2026:18:29:14 +0000] "POST /register HTTP/1.1" 200 8343 "-" "curl/7.88.1"
91.240.118.172 - - [16/May/2026:18:29:15 +0000] "POST /api/search?q=headphones HTTP/1.1" 200 10508 "-" "Mozilla/5.0 (Windows NT 10.0; Win64; x64)"
84.17.44.201 - - [16/May/2026:18:29:15 +0000] "GET /login HTTP/1.1" 200 8681 "-" "python-requests/2.31.0"
104.26.12.44 - - [16/May/2026:18:29:16 +0000] "POST /products HTTP/1.1" 200 4678 "-" "Mozilla/5.0 (Windows NT 10.0; Win64; x64)"
45.83.64.12 - - [16/May/2026:18:29:17 +0000] "POST /cart HTTP/1.1" 200 11208 "-" "Mozilla/5.0 (Windows NT 10.0; Win64; x64)"
172.67.211.55 - - [16/May/2026:18:29:18 +0000] "POST /api/search?q=headphones HTTP/1.1" 200 11154 "-" "python-requests/2.31.0"
84.17.44.201 - - [16/May/2026:18:29:18 +0000] "POST /checkout HTTP/1.1" 301 10165 "-" "Mozilla/5.0 (X11; Linux x86_64)"
45.83.64.12 - - [16/May/2026:18:29:19 +0000] "POST /assets/logo.png HTTP/1.1" 301 9105 "-" "Mozilla/5.0 (Macintosh; Intel Mac OS X 10_15_7)"
104.26.12.44 - - [16/May/2026:18:29:19 +0000] "POST /products HTTP/1.1" 200 11763 "-" "Mozilla/5.0 (Windows NT 10.0; Win64; x64)"
84.17.44.201 - - [16/May/2026:18:29:19 +0000] "GET /contact HTTP/1.1" 301 9466 "-" "Mozilla/5.0 (Windows NT 10.0; Win64; x64)"
185.220.101.45 - - [16/May/2026:18:29:19 +0000] "GET /wp-login.php HTTP/1.1" 404 524 "-" "python-requests/2.31.0"
45.83.64.12 - - [16/May/2026:18:29:20 +0000] "POST /home HTTP/1.1" 302 3018 "-" "Mozilla/5.0 (Windows NT 10.0; Win64; x64)"
172.67.211.55 - - [16/May/2026:18:29:20 +0000] "GET /assets/logo.png HTTP/1.1" 200 8858 "-" "Mozilla/5.0 (X11; Linux x86_64)"
45.83.64.12 - - [16/May/2026:18:29:20 +0000] "POST /cart HTTP/1.1" 301 3451 "-" "Mozilla/5.0 (Windows NT 10.0; Win64; x64)"
84.17.44.201 - - [16/May/2026:18:29:20 +0000] "GET /contact HTTP/1.1" 200 4007 "-" "python-requests/2.31.0"
172.67.211.55 - - [16/May/2026:18:29:20 +0000] "POST /login HTTP/1.1" 200 6846 "-" "Mozilla/5.0 (X11; Linux x86_64)"
84.17.44.201 - - [16/May/2026:18:29:20 +0000] "POST / HTTP/1.1" 200 10487 "-" "python-requests/2.31.0"
45.83.64.12 - - [16/May/2026:18:29:20 +0000] "GET /api/search?q=headphones HTTP/1.1" 200 1194 "-" "python-requests/2.31.0"
45.83.64.12 - - [16/May/2026:18:29:20 +0000] "GET / HTTP/1.1" 200 804 "-" "Mozilla/5.0 (Macintosh; Intel Mac OS X 10_15_7)"
84.17.44.201 - - [16/May/2026:18:29:20 +0000] "GET /checkout HTTP/1.1" 200 3974 "-" "Mozilla/5.0 (Windows NT 10.0; Win64; x64)"
84.17.44.201 - - [16/May/2026:18:29:20 +0000] "POST / HTTP/1.1" 200 1293 "-" "python-requests/2.31.0"
104.26.12.44 - - [16/May/2026:18:29:20 +0000] "GET /home HTTP/1.1" 302 1818 "-" "Mozilla/5.0 (Windows NT 10.0; Win64; x64)"
104.26.12.44 - - [16/May/2026:18:29:20 +0000] "GET / HTTP/1.1" 200 8975 "-" "Mozilla/5.0 (Windows NT 10.0; Win64; x64)"
172.67.211.55 - - [16/May/2026:18:29:20 +0000] "GET /home HTTP/1.1" 200 8577 "-" "python-requests/2.31.0"
91.240.118.172 - - [16/May/2026:18:29:20 +0000] "GET /login HTTP/1.1" 301 1189 "-" "python-requests/2.31.0"
104.26.12.44 - - [16/May/2026:18:29:20 +0000] "GET /api/search?q=laptop HTTP/1.1" 200 897 "-" "python-requests/2.31.0"
84.17.44.201 - - [16/May/2026:18:29:20 +0000] "POST /register HTTP/1.1" 302 7108 "-" "python-requests/2.31.0"
172.67.211.55 - - [16/May/2026:18:29:20 +0000] "GET /login HTTP/1.1" 200 2353 "-" "Mozilla/5.0 (Windows NT 10.0; Win64; x64)"
45.83.64.12 - - [16/May/2026:18:29:21 +0000] "GET /assets/logo.png HTTP/1.1" 302 4246 "-" "Mozilla/5.0 (Windows NT 10.0; Win64; x64)"
84.17.44.201 - - [16/May/2026:18:29:21 +0000] "GET /assets/logo.png HTTP/1.1" 200 5891 "-" "python-requests/2.31.0"
45.83.64.12 - - [16/May/2026:18:29:21 +0000] "POST /products HTTP/1.1" 200 1522 "-" "curl/7.88.1"
172.67.211.55 - - [16/May/2026:18:29:21 +0000] "POST /assets/banner.jpg HTTP/1.1" 200 11166 "-" "python-requests/2.31.0"
198.98.51.189 - - [16/May/2026:18:29:21 +0000] "GET /xmlrpc.php HTTP/1.1" 401 307 "-" "Mozilla/5.0 (X11; Linux x86_64)"
91.240.118.172 - - [16/May/2026:18:29:22 +0000] "POST /contact HTTP/1.1" 200 5936 "-" "Mozilla/5.0 (X11; Linux x86_64)"
45.83.64.12 - - [16/May/2026:18:29:22 +0000] "GET /contact HTTP/1.1" 200 11255 "-" "Mozilla/5.0 (X11; Linux x86_64)"
104.26.12.44 - - [16/May/2026:18:29:22 +0000] "POST /home HTTP/1.1" 301 4363 "-" "python-requests/2.31.0"
45.83.64.12 - - [16/May/2026:18:29:22 +0000] "GET /home HTTP/1.1" 200 8888 "-" "Mozilla/5.0 (X11; Linux x86_64)"
84.17.44.201 - - [16/May/2026:18:29:23 +0000] "GET /products HTTP/1.1" 200 2278 "-" "Mozilla/5.0 (Macintosh; Intel Mac OS X 10_15_7)"
104.26.12.44 - - [16/May/2026:18:29:23 +0000] "POST /products HTTP/1.1" 301 474 "-" "curl/7.88.1"
172.67.211.55 - - [16/May/2026:18:29:23 +0000] "POST /login HTTP/1.1" 200 3985 "-" "Mozilla/5.0 (Windows NT 10.0; Win64; x64)"
104.26.12.44 - - [16/May/2026:18:29:23 +0000] "POST / HTTP/1.1" 301 11160 "-" "Mozilla/5.0 (Macintosh; Intel Mac OS X 10_15_7)"
172.67.211.55 - - [16/May/2026:18:29:24 +0000] "POST /checkout HTTP/1.1" 200 7491 "-" "curl/7.88.1"
185.220.101.45 - - [16/May/2026:18:29:24 +0000] "GET /.env HTTP/1.1" 404 991 "-" "Mozilla/5.0 (Windows NT 10.0; Win64; x64)"
91.240.118.172 - - [16/May/2026:18:29:25 +0000] "POST /home HTTP/1.1" 200 2907 "-" "Mozilla/5.0 (Windows NT 10.0; Win64; x64)"
91.240.118.172 - - [16/May/2026:18:29:26 +0000] "GET /assets/logo.png HTTP/1.1" 200 9671 "-" "python-requests/2.31.0"
91.240.118.172 - - [16/May/2026:18:29:26 +0000] "POST /assets/logo.png HTTP/1.1" 200 4921 "-" "Mozilla/5.0 (Macintosh; Intel Mac OS X 10_15_7)"
45.83.64.12 - - [16/May/2026:18:29:26 +0000] "POST / HTTP/1.1" 302 1520 "-" "curl/7.88.1"
45.83.64.12 - - [16/May/2026:18:29:27 +0000] "GET /assets/logo.png HTTP/1.1" 302 4353 "-" "curl/7.88.1"
172.67.211.55 - - [16/May/2026:18:29:27 +0000] "POST /home HTTP/1.1" 200 6153 "-" "python-requests/2.31.0"
104.26.12.44 - - [16/May/2026:18:29:28 +0000] "GET /api/search?q=laptop HTTP/1.1" 302 1529 "-" "curl/7.88.1"
84.17.44.201 - - [16/May/2026:18:29:29 +0000] "POST /api/search?q=laptop HTTP/1.1" 200 6096 "-" "Mozilla/5.0 (Macintosh; Intel Mac OS X 10_15_7)"
84.17.44.201 - - [16/May/2026:18:29:29 +0000] "POST /api/search?q=laptop HTTP/1.1" 200 3729 "-" "Mozilla/5.0 (Windows NT 10.0; Win64; x64)"
172.67.211.55 - - [16/May/2026:18:29:29 +0000] "GET /contact HTTP/1.1" 302 8934 "-" "curl/7.88.1"
45.95.147.21 - - [16/May/2026:18:29:29 +0000] "GET /.env HTTP/1.1" 404 217 "-" "Mozilla/5.0 (X11; Linux x86_64)"
84.17.44.201 - - [16/May/2026:18:29:30 +0000] "POST /assets/banner.jpg HTTP/1.1" 200 6894 "-" "Mozilla/5.0 (Macintosh; Intel Mac OS X 10_15_7)"
84.17.44.201 - - [16/May/2026:18:29:31 +0000] "POST /cart HTTP/1.1" 200 9610 "-" "Mozilla/5.0 (Windows NT 10.0; Win64; x64)"
45.83.64.12 - - [16/May/2026:18:29:31 +0000] "GET /api/search?q=laptop HTTP/1.1" 200 10164 "-" "python-requests/2.31.0"
172.67.211.55 - - [16/May/2026:18:29:31 +0000] "POST /api/search?q=laptop HTTP/1.1" 200 5727 "-" "Mozilla/5.0 (Macintosh; Intel Mac OS X 10_15_7)"
172.67.211.55 - - [16/May/2026:18:29:31 +0000] "POST /cart HTTP/1.1" 301 5388 "-" "Mozilla/5.0 (Windows NT 10.0; Win64; x64)"
172.67.211.55 - - [16/May/2026:18:29:31 +0000] "GET /home HTTP/1.1" 302 5433 "-" "Mozilla/5.0 (Windows NT 10.0; Win64; x64)"
172.67.211.55 - - [16/May/2026:18:29:31 +0000] "GET /register HTTP/1.1" 200 5616 "-" "curl/7.88.1"
45.83.64.12 - - [16/May/2026:18:29:31 +0000] "GET /checkout HTTP/1.1" 302 1431 "-" "python-requests/2.31.0"
84.17.44.201 - - [16/May/2026:18:29:31 +0000] "GET /assets/banner.jpg HTTP/1.1" 200 5888 "-" "Mozilla/5.0 (Macintosh; Intel Mac OS X 10_15_7)"
84.17.44.201 - - [16/May/2026:18:29:31 +0000] "POST /assets/logo.png HTTP/1.1" 200 684 "-" "Mozilla/5.0 (Macintosh; Intel Mac OS X 10_15_7)"
172.67.211.55 - - [16/May/2026:18:29:31 +0000] "GET /products HTTP/1.1" 200 946 "-" "python-requests/2.31.0"
45.83.64.12 - - [16/May/2026:18:29:31 +0000] "POST /contact HTTP/1.1" 200 6551 "-" "python-requests/2.31.0"
91.240.118.172 - - [16/May/2026:18:29:31 +0000] "GET /assets/logo.png HTTP/1.1" 200 2627 "-" "python-requests/2.31.0"
91.240.118.172 - - [16/May/2026:18:29:31 +0000] "GET /assets/banner.jpg HTTP/1.1" 301 11024 "-" "Mozilla/5.0 (Macintosh; Intel Mac OS X 10_15_7)"
104.26.12.44 - - [16/May/2026:18:29:31 +0000] "POST /checkout HTTP/1.1" 302 1941 "-" "curl/7.88.1"
84.17.44.201 - - [16/May/2026:18:29:31 +0000] "GET /cart HTTP/1.1" 302 8875 "-" "Mozilla/5.0 (X11; Linux x86_64)"
91.240.118.172 - - [16/May/2026:18:29:31 +0000] "GET /api/search?q=laptop HTTP/1.1" 200 1673 "-" "python-requests/2.31.0"
172.67.211.55 - - [16/May/2026:18:29:31 +0000] "POST /register HTTP/1.1" 200 7387 "-" "Mozilla/5.0 (Macintosh; Intel Mac OS X 10_15_7)"
45.83.64.12 - - [16/May/2026:18:29:31 +0000] "POST /contact HTTP/1.1" 200 2068 "-" "Mozilla/5.0 (X11; Linux x86_64)"
91.240.118.172 - - [16/May/2026:18:29:31 +0000] "GET /login HTTP/1.1" 200 5511 "-" "python-requests/2.31.0"
104.26.12.44 - - [16/May/2026:18:29:31 +0000] "GET /register HTTP/1.1" 302 7154 "-" "Mozilla/5.0 (Windows NT 10.0; Win64; x64)"
84.17.44.201 - - [16/May/2026:18:29:31 +0000] "POST /cart HTTP/1.1" 200 1895 "-" "curl/7.88.1"
104.26.12.44 - - [16/May/2026:18:29:31 +0000] "GET /login HTTP/1.1" 302 7675 "-" "Mozilla/5.0 (X11; Linux x86_64)"
172.67.211.55 - - [16/May/2026:18:29:31 +0000] "POST /api/search?q=headphones HTTP/1.1" 301 5039 "-" "Mozilla/5.0 (Windows NT 10.0; Win64; x64)"
45.83.64.12 - - [16/May/2026:18:29:32 +0000] "POST /home HTTP/1.1" 200 7234 "-" "curl/7.88.1"
104.26.12.44 - - [16/May/2026:18:29:32 +0000] "POST /login HTTP/1.1" 301 5253 "-" "Mozilla/5.0 (Macintosh; Intel Mac OS X 10_15_7)"
45.83.64.12 - - [16/May/2026:18:29:32 +0000] "GET /contact HTTP/1.1" 200 609 "-" "curl/7.88.1"
91.240.118.172 - - [16/May/2026:18:29:33 +0000] "GET /cart HTTP/1.1" 301 8847 "-" "Mozilla/5.0 (Macintosh; Intel Mac OS X 10_15_7)"
172.67.211.55 - - [16/May/2026:18:29:33 +0000] "GET /register HTTP/1.1" 200 6038 "-" "Mozilla/5.0 (Windows NT 10.0; Win64; x64)"
84.17.44.201 - - [16/May/2026:18:29:33 +0000] "GET /checkout HTTP/1.1" 302 7214 "-" "curl/7.88.1"
172.67.211.55 - - [16/May/2026:18:29:33 +0000] "POST /products HTTP/1.1" 200 6545 "-" "Mozilla/5.0 (Macintosh; Intel Mac OS X 10_15_7)"
84.17.44.201 - - [16/May/2026:18:29:34 +0000] "GET /login HTTP/1.1" 200 6969 "-" "curl/7.88.1"
45.83.64.12 - - [16/May/2026:18:29:34 +0000] "GET /assets/banner.jpg HTTP/1.1" 301 5796 "-" "python-requests/2.31.0"
172.67.211.55 - - [16/May/2026:18:29:34 +0000] "GET / HTTP/1.1" 200 3966 "-" "curl/7.88.1"
91.240.118.172 - - [16/May/2026:18:29:35 +0000] "GET / HTTP/1.1" 302 3267 "-" "Mozilla/5.0 (Macintosh; Intel Mac OS X 10_15_7)"
91.240.118.172 - - [16/May/2026:18:29:36 +0000] "GET /register HTTP/1.1" 200 9241 "-" "Mozilla/5.0 (Windows NT 10.0; Win64; x64)"
103.145.13.99 - - [16/May/2026:18:29:36 +0000] "GET /admin HTTP/1.1" 404 1042 "-" "curl/7.88.1"
172.67.211.55 - - [16/May/2026:18:29:37 +0000] "POST /api/search?q=headphones HTTP/1.1" 200 11877 "-" "Mozilla/5.0 (Windows NT 10.0; Win64; x64)"
91.240.118.172 - - [16/May/2026:18:29:37 +0000] "POST /register HTTP/1.1" 200 6188 "-" "Mozilla/5.0 (Macintosh; Intel Mac OS X 10_15_7)"
84.17.44.201 - - [16/May/2026:18:29:37 +0000] "POST /api/search?q=laptop HTTP/1.1" 200 1964 "-" "Mozilla/5.0 (Macintosh; Intel Mac OS X 10_15_7)"
91.240.118.172 - - [16/May/2026:18:29:37 +0000] "POST /products HTTP/1.1" 200 7510 "-" "Mozilla/5.0 (Windows NT 10.0; Win64; x64)"
91.240.118.172 - - [16/May/2026:18:29:38 +0000] "GET /assets/banner.jpg HTTP/1.1" 301 1272 "-" "python-requests/2.31.0"
104.26.12.44 - - [16/May/2026:18:29:38 +0000] "GET /checkout HTTP/1.1" 200 8610 "-" "Mozilla/5.0 (X11; Linux x86_64)"
104.26.12.44 - - [16/May/2026:18:29:39 +0000] "GET /login HTTP/1.1" 200 1827 "-" "curl/7.88.1"
185.220.101.45 - - [16/May/2026:18:29:39 +0000] "GET /xmlrpc.php HTTP/1.1" 404 461 "-" "Mozilla/5.0 (Windows NT 10.0; Win64; x64)"
172.67.211.55 - - [16/May/2026:18:29:40 +0000] "GET /api/search?q=headphones HTTP/1.1" 302 7507 "-" "Mozilla/5.0 (Macintosh; Intel Mac OS X 10_15_7)"
172.67.211.55 - - [16/May/2026:18:29:41 +0000] "GET /register HTTP/1.1" 302 8135 "-" "curl/7.88.1"
91.240.118.172 - - [16/May/2026:18:29:41 +0000] "POST /api/search?q=laptop HTTP/1.1" 200 1950 "-" "Mozilla/5.0 (Macintosh; Intel Mac OS X 10_15_7)"
45.83.64.12 - - [16/May/2026:18:29:42 +0000] "POST /cart HTTP/1.1" 301 7335 "-" "Mozilla/5.0 (Windows NT 10.0; Win64; x64)"
45.83.64.12 - - [16/May/2026:18:29:42 +0000] "POST /contact HTTP/1.1" 200 9400 "-" "Mozilla/5.0 (Macintosh; Intel Mac OS X 10_15_7)"
45.83.64.12 - - [16/May/2026:18:29:43 +0000] "GET /checkout HTTP/1.1" 301 666 "-" "Mozilla/5.0 (Windows NT 10.0; Win64; x64)"
172.67.211.55 - - [16/May/2026:18:29:44 +0000] "GET /cart HTTP/1.1" 200 11326 "-" "python-requests/2.31.0"
104.26.12.44 - - [16/May/2026:18:29:45 +0000] "POST /assets/banner.jpg HTTP/1.1" 301 11403 "-" "curl/7.88.1"
104.26.12.44 - - [16/May/2026:18:29:45 +0000] "GET /products HTTP/1.1" 200 4155 "-" "Mozilla/5.0 (X11; Linux x86_64)"
104.26.12.44 - - [16/May/2026:18:29:45 +0000] "GET /assets/banner.jpg HTTP/1.1" 200 9908 "-" "Mozilla/5.0 (Windows NT 10.0; Win64; x64)"
104.26.12.44 - - [16/May/2026:18:29:46 +0000] "POST /assets/banner.jpg HTTP/1.1" 200 5539 "-" "Mozilla/5.0 (Macintosh; Intel Mac OS X 10_15_7)"
45.83.64.12 - - [16/May/2026:18:29:46 +0000] "GET /login HTTP/1.1" 200 6126 "-" "Mozilla/5.0 (Macintosh; Intel Mac OS X 10_15_7)"
104.26.12.44 - - [16/May/2026:18:29:47 +0000] "POST /assets/logo.png HTTP/1.1" 200 11644 "-" "Mozilla/5.0 (Macintosh; Intel Mac OS X 10_15_7)"
104.26.12.44 - - [16/May/2026:18:29:47 +0000] "GET /assets/logo.png HTTP/1.1" 200 3862 "-" "curl/7.88.1"
91.240.118.172 - - [16/May/2026:18:29:48 +0000] "POST /home HTTP/1.1" 200 2960 "-" "python-requests/2.31.0"
84.17.44.201 - - [16/May/2026:18:29:48 +0000] "POST /home HTTP/1.1" 200 3686 "-" "curl/7.88.1"
84.17.44.201 - - [16/May/2026:18:29:48 +0000] "POST /api/search?q=headphones HTTP/1.1" 200 3729 "-" "curl/7.88.1"
104.26.12.44 - - [16/May/2026:18:29:49 +0000] "GET /checkout HTTP/1.1" 200 5954 "-" "curl/7.88.1"
45.83.64.12 - - [16/May/2026:18:29:49 +0000] "GET /cart HTTP/1.1" 200 3852 "-" "Mozilla/5.0 (Macintosh; Intel Mac OS X 10_15_7)"
104.26.12.44 - - [16/May/2026:18:29:49 +0000] "GET /products HTTP/1.1" 200 3368 "-" "python-requests/2.31.0"
172.67.211.55 - - [16/May/2026:18:29:50 +0000] "GET /home HTTP/1.1" 200 9007 "-" "Mozilla/5.0 (Windows NT 10.0; Win64; x64)"
104.26.12.44 - - [16/May/2026:18:29:50 +0000] "GET /login HTTP/1.1" 200 7740 "-" "curl/7.88.1"
84.17.44.201 - - [16/May/2026:18:29:50 +0000] "GET /products HTTP/1.1" 200 3616 "-" "Mozilla/5.0 (Windows NT 10.0; Win64; x64)"
45.83.64.12 - - [16/May/2026:18:29:50 +0000] "GET /contact HTTP/1.1" 200 8107 "-" "Mozilla/5.0 (X11; Linux x86_64)"
84.17.44.201 - - [16/May/2026:18:29:50 +0000] "GET /contact HTTP/1.1" 302 3507 "-" "Mozilla/5.0 (Macintosh; Intel Mac OS X 10_15_7)"
91.240.118.172 - - [16/May/2026:18:29:50 +0000] "GET /home HTTP/1.1" 200 8462 "-" "curl/7.88.1"
104.26.12.44 - - [16/May/2026:18:29:50 +0000] "GET /checkout HTTP/1.1" 200 11461 "-" "python-requests/2.31.0"
91.240.118.172 - - [16/May/2026:18:29:50 +0000] "GET / HTTP/1.1" 301 4957 "-" "curl/7.88.1"
84.17.44.201 - - [16/May/2026:18:29:50 +0000] "POST /assets/logo.png HTTP/1.1" 302 3262 "-" "curl/7.88.1"
45.83.64.12 - - [16/May/2026:18:29:50 +0000] "POST / HTTP/1.1" 200 7844 "-" "Mozilla/5.0 (Windows NT 10.0; Win64; x64)"
91.240.118.172 - - [16/May/2026:18:29:50 +0000] "POST /login HTTP/1.1" 302 9358 "-" "Mozilla/5.0 (Macintosh; Intel Mac OS X 10_15_7)"
45.83.64.12 - - [16/May/2026:18:29:50 +0000] "GET /login HTTP/1.1" 301 6011 "-" "Mozilla/5.0 (X11; Linux x86_64)"
84.17.44.201 - - [16/May/2026:18:29:50 +0000] "GET / HTTP/1.1" 200 10565 "-" "Mozilla/5.0 (Windows NT 10.0; Win64; x64)"
45.83.64.12 - - [16/May/2026:18:29:50 +0000] "POST /login HTTP/1.1" 200 1849 "-" "Mozilla/5.0 (Windows NT 10.0; Win64; x64)"
91.240.118.172 - - [16/May/2026:18:29:50 +0000] "GET /assets/banner.jpg HTTP/1.1" 200 4143 "-" "Mozilla/5.0 (Macintosh; Intel Mac OS X 10_15_7)"
104.26.12.44 - - [16/May/2026:18:29:50 +0000] "POST /contact HTTP/1.1" 200 7922 "-" "Mozilla/5.0 (Macintosh; Intel Mac OS X 10_15_7)"
91.240.118.172 - - [16/May/2026:18:29:50 +0000] "GET /products HTTP/1.1" 200 6248 "-" "Mozilla/5.0 (Windows NT 10.0; Win64; x64)"
172.67.211.55 - - [16/May/2026:18:29:50 +0000] "GET /assets/banner.jpg HTTP/1.1" 200 5893 "-" "Mozilla/5.0 (Macintosh; Intel Mac OS X 10_15_7)"
91.240.118.172 - - [16/May/2026:18:29:50 +0000] "POST /assets/logo.png HTTP/1.1" 200 5329 "-" "Mozilla/5.0 (Macintosh; Intel Mac OS X 10_15_7)"
172.67.211.55 - - [16/May/2026:18:29:51 +0000] "GET /register HTTP/1.1" 302 10662 "-" "python-requests/2.31.0"
91.240.118.172 - - [16/May/2026:18:29:51 +0000] "POST /api/search?q=laptop HTTP/1.1" 302 10731 "-" "Mozilla/5.0 (Macintosh; Intel Mac OS X 10_15_7)"
91.240.118.172 - - [16/May/2026:18:29:51 +0000] "POST / HTTP/1.1" 200 8630 "-" "curl/7.88.1"
91.240.118.172 - - [16/May/2026:18:29:52 +0000] "GET /api/search?q=headphones HTTP/1.1" 200 6300 "-" "python-requests/2.31.0"
45.83.64.12 - - [16/May/2026:18:29:52 +0000] "POST /api/search?q=laptop HTTP/1.1" 200 1987 "-" "Mozilla/5.0 (X11; Linux x86_64)"
104.26.12.44 - - [16/May/2026:18:29:52 +0000] "GET /assets/banner.jpg HTTP/1.1" 301 10106 "-" "Mozilla/5.0 (X11; Linux x86_64)"
172.67.211.55 - - [16/May/2026:18:29:53 +0000] "GET /login HTTP/1.1" 301 5769 "-" "curl/7.88.1"
172.67.211.55 - - [16/May/2026:18:29:53 +0000] "GET /products HTTP/1.1" 200 4921 "-" "curl/7.88.1"
84.17.44.201 - - [16/May/2026:18:29:54 +0000] "POST /assets/logo.png HTTP/1.1" 200 4817 "-" "Mozilla/5.0 (X11; Linux x86_64)"
91.240.118.172 - - [16/May/2026:18:29:55 +0000] "POST /contact HTTP/1.1" 200 8944 "-" "python-requests/2.31.0"
104.26.12.44 - - [16/May/2026:18:29:55 +0000] "GET /login HTTP/1.1" 301 11975 "-" "Mozilla/5.0 (Windows NT 10.0; Win64; x64)"
45.83.64.12 - - [16/May/2026:18:29:55 +0000] "POST /checkout HTTP/1.1" 200 9225 "-" "curl/7.88.1"
45.83.64.12 - - [16/May/2026:18:29:56 +0000] "POST /register HTTP/1.1" 301 8864 "-" "Mozilla/5.0 (Windows NT 10.0; Win64; x64)"
104.26.12.44 - - [16/May/2026:18:29:57 +0000] "GET /products HTTP/1.1" 200 2111 "-" "Mozilla/5.0 (X11; Linux x86_64)"
45.83.64.12 - - [16/May/2026:18:29:58 +0000] "GET / HTTP/1.1" 302 653 "-" "Mozilla/5.0 (X11; Linux x86_64)"
45.83.64.12 - - [16/May/2026:18:29:58 +0000] "POST /assets/logo.png HTTP/1.1" 200 5055 "-" "curl/7.88.1"
91.240.118.172 - - [16/May/2026:18:29:58 +0000] "POST /contact HTTP/1.1" 200 11177 "-" "Mozilla/5.0 (X11; Linux x86_64)"
104.26.12.44 - - [16/May/2026:18:29:59 +0000] "GET /login HTTP/1.1" 200 3351 "-" "Mozilla/5.0 (Windows NT 10.0; Win64; x64)"
84.17.44.201 - - [16/May/2026:18:29:59 +0000] "POST /checkout HTTP/1.1" 301 10714 "-" "Mozilla/5.0 (Windows NT 10.0; Win64; x64)"
91.240.118.172 - - [16/May/2026:18:29:59 +0000] "GET /contact HTTP/1.1" 200 10684 "-" "curl/7.88.1"
89.248.165.74 - - [16/May/2026:18:29:59 +0000] "GET /wp-login.php HTTP/1.1" 404 939 "-" "python-requests/2.31.0"
45.83.64.12 - - [16/May/2026:18:30:00 +0000] "POST /cart HTTP/1.1" 200 3307 "-" "Mozilla/5.0 (Macintosh; Intel Mac OS X 10_15_7)"
104.26.12.44 - - [16/May/2026:18:30:00 +0000] "POST /login HTTP/1.1" 200 3124 "-" "python-requests/2.31.0"
84.17.44.201 - - [16/May/2026:18:30:01 +0000] "POST /assets/logo.png HTTP/1.1" 200 9751 "-" "Mozilla/5.0 (Macintosh; Intel Mac OS X 10_15_7)"
104.26.12.44 - - [16/May/2026:18:30:01 +0000] "POST /api/search?q=laptop HTTP/1.1" 302 10230 "-" "curl/7.88.1"
84.17.44.201 - - [16/May/2026:18:30:01 +0000] "GET /checkout HTTP/1.1" 301 5904 "-" "Mozilla/5.0 (Windows NT 10.0; Win64; x64)"
104.26.12.44 - - [16/May/2026:18:30:01 +0000] "GET /api/search?q=laptop HTTP/1.1" 301 3807 "-" "python-requests/2.31.0"
172.67.211.55 - - [16/May/2026:18:30:02 +0000] "GET /assets/banner.jpg HTTP/1.1" 200 8402 "-" "Mozilla/5.0 (Windows NT 10.0; Win64; x64)"
104.26.12.44 - - [16/May/2026:18:30:02 +0000] "GET /cart HTTP/1.1" 200 9455 "-" "Mozilla/5.0 (X11; Linux x86_64)"
91.240.118.172 - - [16/May/2026:18:30:02 +0000] "GET /cart HTTP/1.1" 301 2770 "-" "curl/7.88.1"
185.220.101.45 - - [16/May/2026:18:30:02 +0000] "POST /login HTTP/1.1" 401 1849 "-" "Mozilla/5.0 (Macintosh; Intel Mac OS X 10_15_7)"
84.17.44.201 - - [16/May/2026:18:30:03 +0000] "POST / HTTP/1.1" 200 10675 "-" "Mozilla/5.0 (X11; Linux x86_64)"
91.240.118.172 - - [16/May/2026:18:30:03 +0000] "POST / HTTP/1.1" 200 8660 "-" "Mozilla/5.0 (Macintosh; Intel Mac OS X 10_15_7)"
172.67.211.55 - - [16/May/2026:18:30:03 +0000] "GET /login HTTP/1.1" 200 9888 "-" "python-requests/2.31.0"
45.83.64.12 - - [16/May/2026:18:30:04 +0000] "GET /login HTTP/1.1" 200 10072 "-" "curl/7.88.1"
84.17.44.201 - - [16/May/2026:18:30:04 +0000] "GET /login HTTP/1.1" 200 4123 "-" "python-requests/2.31.0"
172.67.211.55 - - [16/May/2026:18:30:05 +0000] "GET /contact HTTP/1.1" 200 9257 "-" "curl/7.88.1"
84.17.44.201 - - [16/May/2026:18:30:05 +0000] "GET /assets/banner.jpg HTTP/1.1" 200 6000 "-" "python-requests/2.31.0"
91.240.118.172 - - [16/May/2026:18:30:06 +0000] "GET / HTTP/1.1" 200 10117 "-" "Mozilla/5.0 (Windows NT 10.0; Win64; x64)"
45.83.64.12 - - [16/May/2026:18:30:06 +0000] "POST /api/search?q=headphones HTTP/1.1" 200 11375 "-" "Mozilla/5.0 (X11; Linux x86_64)"
172.67.211.55 - - [16/May/2026:18:30:06 +0000] "GET /assets/banner.jpg HTTP/1.1" 200 6352 "-" "Mozilla/5.0 (Macintosh; Intel Mac OS X 10_15_7)"
104.26.12.44 - - [16/May/2026:18:30:06 +0000] "GET /assets/banner.jpg HTTP/1.1" 301 6921 "-" "curl/7.88.1"
104.26.12.44 - - [16/May/2026:18:30:07 +0000] "POST /products HTTP/1.1" 301 8839 "-" "Mozilla/5.0 (Macintosh; Intel Mac OS X 10_15_7)"
84.17.44.201 - - [16/May/2026:18:30:07 +0000] "GET /register HTTP/1.1" 302 8007 "-" "Mozilla/5.0 (Macintosh; Intel Mac OS X 10_15_7)"
45.83.64.12 - - [16/May/2026:18:30:07 +0000] "GET /assets/banner.jpg HTTP/1.1" 301 6230 "-" "python-requests/2.31.0"
84.17.44.201 - - [16/May/2026:18:30:07 +0000] "POST /assets/logo.png HTTP/1.1" 301 5652 "-" "python-requests/2.31.0"
104.26.12.44 - - [16/May/2026:18:30:08 +0000] "GET / HTTP/1.1" 200 3694 "-" "Mozilla/5.0 (X11; Linux x86_64)"
91.240.118.172 - - [16/May/2026:18:30:08 +0000] "POST /assets/logo.png HTTP/1.1" 200 4328 "-" "Mozilla/5.0 (Windows NT 10.0; Win64; x64)"
84.17.44.201 - - [16/May/2026:18:30:08 +0000] "POST /products HTTP/1.1" 301 4951 "-" "curl/7.88.1"
45.83.64.12 - - [16/May/2026:18:30:08 +0000] "POST /api/search?q=laptop HTTP/1.1" 200 6938 "-" "python-requests/2.31.0"
172.67.211.55 - - [16/May/2026:18:30:09 +0000] "GET /cart HTTP/1.1" 200 6228 "-" "python-requests/2.31.0"
84.17.44.201 - - [16/May/2026:18:30:09 +0000] "GET /cart HTTP/1.1" 200 3948 "-" "Mozilla/5.0 (X11; Linux x86_64)"
45.83.64.12 - - [16/May/2026:18:30:10 +0000] "POST /assets/logo.png HTTP/1.1" 302 2874 "-" "Mozilla/5.0 (Windows NT 10.0; Win64; x64)"
172.67.211.55 - - [16/May/2026:18:30:10 +0000] "POST /api/search?q=headphones HTTP/1.1" 200 5170 "-" "curl/7.88.1"
104.26.12.44 - - [16/May/2026:18:30:10 +0000] "POST /register HTTP/1.1" 301 7501 "-" "python-requests/2.31.0"
172.67.211.55 - - [16/May/2026:18:30:11 +0000] "GET /api/search?q=headphones HTTP/1.1" 200 859 "-" "Mozilla/5.0 (Windows NT 10.0; Win64; x64)"
45.83.64.12 - - [16/May/2026:18:30:12 +0000] "POST /checkout HTTP/1.1" 200 4961 "-" "curl/7.88.1"
172.67.211.55 - - [16/May/2026:18:30:13 +0000] "GET /checkout HTTP/1.1" 200 459 "-" "python-requests/2.31.0"
84.17.44.201 - - [16/May/2026:18:30:14 +0000] "POST /checkout HTTP/1.1" 200 10531 "-" "curl/7.88.1"
104.26.12.44 - - [16/May/2026:18:30:14 +0000] "POST / HTTP/1.1" 200 7914 "-" "curl/7.88.1"
91.240.118.172 - - [16/May/2026:18:30:14 +0000] "POST /home HTTP/1.1" 200 4841 "-" "curl/7.88.1"
104.26.12.44 - - [16/May/2026:18:30:14 +0000] "GET /register HTTP/1.1" 200 10203 "-" "Mozilla/5.0 (X11; Linux x86_64)"
84.17.44.201 - - [16/May/2026:18:30:15 +0000] "POST /api/search?q=laptop HTTP/1.1" 301 741 "-" "curl/7.88.1"
172.67.211.55 - - [16/May/2026:18:30:16 +0000] "POST /contact HTTP/1.1" 301 10920 "-" "python-requests/2.31.0"
91.240.118.172 - - [16/May/2026:18:30:16 +0000] "GET /login HTTP/1.1" 200 9568 "-" "curl/7.88.1"
91.240.118.172 - - [16/May/2026:18:30:16 +0000] "POST /api/search?q=headphones HTTP/1.1" 200 10919 "-" "Mozilla/5.0 (Windows NT 10.0; Win64; x64)"
91.240.118.172 - - [16/May/2026:18:30:16 +0000] "GET /assets/logo.png HTTP/1.1" 200 753 "-" "python-requests/2.31.0"
172.67.211.55 - - [16/May/2026:18:30:17 +0000] "POST /cart HTTP/1.1" 302 1336 "-" "python-requests/2.31.0"
91.240.118.172 - - [16/May/2026:18:30:17 +0000] "POST /home HTTP/1.1" 301 3609 "-" "python-requests/2.31.0"
84.17.44.201 - - [16/May/2026:18:30:17 +0000] "GET /contact HTTP/1.1" 200 4272 "-" "Mozilla/5.0 (X11; Linux x86_64)"
172.67.211.55 - - [16/May/2026:18:30:18 +0000] "GET / HTTP/1.1" 301 9752 "-" "curl/7.88.1"
198.98.51.189 - - [16/May/2026:18:30:18 +0000] "GET /phpmyadmin HTTP/1.1" 404 1438 "-" "Mozilla/5.0 (Windows NT 10.0; Win64; x64)"
91.240.118.172 - - [16/May/2026:18:30:19 +0000] "POST /contact HTTP/1.1" 302 9711 "-" "Mozilla/5.0 (Macintosh; Intel Mac OS X 10_15_7)"
45.83.64.12 - - [16/May/2026:18:30:20 +0000] "POST /contact HTTP/1.1" 301 4863 "-" "Mozilla/5.0 (Macintosh; Intel Mac OS X 10_15_7)"
91.240.118.172 - - [16/May/2026:18:30:21 +0000] "POST /checkout HTTP/1.1" 200 4513 "-" "Mozilla/5.0 (Macintosh; Intel Mac OS X 10_15_7)"
84.17.44.201 - - [16/May/2026:18:30:21 +0000] "POST /home HTTP/1.1" 200 10394 "-" "curl/7.88.1"
104.26.12.44 - - [16/May/2026:18:30:21 +0000] "GET /contact HTTP/1.1" 301 9473 "-" "Mozilla/5.0 (X11; Linux x86_64)"
84.17.44.201 - - [16/May/2026:18:30:22 +0000] "GET /products HTTP/1.1" 302 7825 "-" "python-requests/2.31.0"
172.67.211.55 - - [16/May/2026:18:30:22 +0000] "POST /contact HTTP/1.1" 301 4970 "-" "Mozilla/5.0 (Windows NT 10.0; Win64; x64)"
84.17.44.201 - - [16/May/2026:18:30:22 +0000] "GET /login HTTP/1.1" 200 5922 "-" "Mozilla/5.0 (Windows NT 10.0; Win64; x64)"
172.67.211.55 - - [16/May/2026:18:30:23 +0000] "GET /api/search?q=laptop HTTP/1.1" 200 2997 "-" "Mozilla/5.0 (Macintosh; Intel Mac OS X 10_15_7)"
104.26.12.44 - - [16/May/2026:18:30:23 +0000] "GET /products HTTP/1.1" 302 11876 "-" "Mozilla/5.0 (X11; Linux x86_64)"
84.17.44.201 - - [16/May/2026:18:30:23 +0000] "GET /assets/banner.jpg HTTP/1.1" 200 4243 "-" "curl/7.88.1"
45.83.64.12 - - [16/May/2026:18:30:24 +0000] "GET /checkout HTTP/1.1" 200 10045 "-" "Mozilla/5.0 (X11; Linux x86_64)"
172.67.211.55 - - [16/May/2026:18:30:24 +0000] "POST / HTTP/1.1" 200 2825 "-" "Mozilla/5.0 (X11; Linux x86_64)"
91.240.118.172 - - [16/May/2026:18:30:25 +0000] "POST /register HTTP/1.1" 302 11532 "-" "Mozilla/5.0 (Macintosh; Intel Mac OS X 10_15_7)"
104.26.12.44 - - [16/May/2026:18:30:25 +0000] "GET /assets/logo.png HTTP/1.1" 302 2989 "-" "Mozilla/5.0 (Windows NT 10.0; Win64; x64)"
172.67.211.55 - - [16/May/2026:18:30:25 +0000] "GET /checkout HTTP/1.1" 200 10252 "-" "Mozilla/5.0 (Macintosh; Intel Mac OS X 10_15_7)"
172.67.211.55 - - [16/May/2026:18:30:25 +0000] "POST /login HTTP/1.1" 301 10294 "-" "Mozilla/5.0 (Macintosh; Intel Mac OS X 10_15_7)"
104.26.12.44 - - [16/May/2026:18:30:26 +0000] "GET /assets/logo.png HTTP/1.1" 301 6851 "-" "Mozilla/5.0 (Windows NT 10.0; Win64; x64)"
84.17.44.201 - - [16/May/2026:18:30:26 +0000] "GET /register HTTP/1.1" 302 2424 "-" "Mozilla/5.0 (Windows NT 10.0; Win64; x64)"
84.17.44.201 - - [16/May/2026:18:30:26 +0000] "POST /assets/logo.png HTTP/1.1" 200 2318 "-" "Mozilla/5.0 (Windows NT 10.0; Win64; x64)"
104.26.12.44 - - [16/May/2026:18:30:27 +0000] "POST /products HTTP/1.1" 200 8512 "-" "Mozilla/5.0 (Windows NT 10.0; Win64; x64)"
104.26.12.44 - - [16/May/2026:18:30:27 +0000] "POST /cart HTTP/1.1" 200 5425 "-" "python-requests/2.31.0"
104.26.12.44 - - [16/May/2026:18:30:27 +0000] "POST /assets/banner.jpg HTTP/1.1" 200 6382 "-" "python-requests/2.31.0"
84.17.44.201 - - [16/May/2026:18:30:28 +0000] "POST /assets/banner.jpg HTTP/1.1" 301 1086 "-" "Mozilla/5.0 (X11; Linux x86_64)"
172.67.211.55 - - [16/May/2026:18:30:28 +0000] "GET /api/search?q=laptop HTTP/1.1" 301 4990 "-" "python-requests/2.31.0"
84.17.44.201 - - [16/May/2026:18:30:28 +0000] "GET /checkout HTTP/1.1" 200 1851 "-" "Mozilla/5.0 (Macintosh; Intel Mac OS X 10_15_7)"
91.240.118.172 - - [16/May/2026:18:30:28 +0000] "POST /login HTTP/1.1" 200 11626 "-" "curl/7.88.1"
91.240.118.172 - - [16/May/2026:18:30:29 +0000] "POST /products HTTP/1.1" 200 9775 "-" "curl/7.88.1"
84.17.44.201 - - [16/May/2026:18:30:29 +0000] "GET /assets/logo.png HTTP/1.1" 200 10833 "-" "Mozilla/5.0 (Windows NT 10.0; Win64; x64)"
45.83.64.12 - - [16/May/2026:18:30:29 +0000] "GET /register HTTP/1.1" 200 10154 "-" "Mozilla/5.0 (Macintosh; Intel Mac OS X 10_15_7)"
104.26.12.44 - - [16/May/2026:18:30:29 +0000] "POST /contact HTTP/1.1" 301 9863 "-" "curl/7.88.1"
89.248.165.74 - - [16/May/2026:18:30:29 +0000] "GET /xmlrpc.php HTTP/1.1" 404 1489 "-" "Mozilla/5.0 (Macintosh; Intel Mac OS X 10_15_7)"
45.83.64.12 - - [16/May/2026:18:30:30 +0000] "GET /cart HTTP/1.1" 200 8284 "-" "Mozilla/5.0 (X11; Linux x86_64)"
91.240.118.172 - - [16/May/2026:18:30:31 +0000] "POST /api/search?q=laptop HTTP/1.1" 301 2633 "-" "Mozilla/5.0 (Macintosh; Intel Mac OS X 10_15_7)"
45.83.64.12 - - [16/May/2026:18:30:31 +0000] "POST /products HTTP/1.1" 301 4193 "-" "Mozilla/5.0 (Macintosh; Intel Mac OS X 10_15_7)"
84.17.44.201 - - [16/May/2026:18:30:32 +0000] "POST /assets/logo.png HTTP/1.1" 200 11253 "-" "Mozilla/5.0 (Windows NT 10.0; Win64; x64)"
45.83.64.12 - - [16/May/2026:18:30:32 +0000] "GET /cart HTTP/1.1" 301 4969 "-" "Mozilla/5.0 (Macintosh; Intel Mac OS X 10_15_7)"
45.95.147.21 - - [16/May/2026:18:30:32 +0000] "GET /server-status HTTP/1.1" 404 1487 "-" "Mozilla/5.0 (Macintosh; Intel Mac OS X 10_15_7)"
172.67.211.55 - - [16/May/2026:18:30:33 +0000] "POST / HTTP/1.1" 301 10829 "-" "Mozilla/5.0 (Macintosh; Intel Mac OS X 10_15_7)"
172.67.211.55 - - [16/May/2026:18:30:34 +0000] "GET /register HTTP/1.1" 200 4847 "-" "Mozilla/5.0 (X11; Linux x86_64)"
45.83.64.12 - - [16/May/2026:18:30:35 +0000] "POST /home HTTP/1.1" 200 7314 "-" "Mozilla/5.0 (Macintosh; Intel Mac OS X 10_15_7)"
104.26.12.44 - - [16/May/2026:18:30:36 +0000] "GET /api/search?q=laptop HTTP/1.1" 200 3047 "-" "Mozilla/5.0 (Windows NT 10.0; Win64; x64)"
84.17.44.201 - - [16/May/2026:18:30:36 +0000] "POST /login HTTP/1.1" 200 10550 "-" "Mozilla/5.0 (X11; Linux x86_64)"
45.83.64.12 - - [16/May/2026:18:30:37 +0000] "GET /login HTTP/1.1" 200 6254 "-" "Mozilla/5.0 (X11; Linux x86_64)"
45.83.64.12 - - [16/May/2026:18:30:37 +0000] "GET /products HTTP/1.1" 200 8416 "-" "curl/7.88.1"
45.83.64.12 - - [16/May/2026:18:30:38 +0000] "POST /api/search?q=headphones HTTP/1.1" 302 6847 "-" "python-requests/2.31.0"
104.26.12.44 - - [16/May/2026:18:30:38 +0000] "GET /assets/logo.png HTTP/1.1" 200 10831 "-" "Mozilla/5.0 (Windows NT 10.0; Win64; x64)"
45.83.64.12 - - [16/May/2026:18:30:38 +0000] "POST /cart HTTP/1.1" 200 3762 "-" "Mozilla/5.0 (X11; Linux x86_64)"
84.17.44.201 - - [16/May/2026:18:30:38 +0000] "GET /checkout HTTP/1.1" 200 6014 "-" "Mozilla/5.0 (Windows NT 10.0; Win64; x64)"
84.17.44.201 - - [16/May/2026:18:30:39 +0000] "POST /login HTTP/1.1" 200 9845 "-" "curl/7.88.1"
172.67.211.55 - - [16/May/2026:18:30:39 +0000] "GET /checkout HTTP/1.1" 200 2513 "-" "Mozilla/5.0 (Macintosh; Intel Mac OS X 10_15_7)"
172.67.211.55 - - [16/May/2026:18:30:39 +0000] "GET /checkout HTTP/1.1" 301 9496 "-" "curl/7.88.1"
104.26.12.44 - - [16/May/2026:18:30:39 +0000] "GET /register HTTP/1.1" 200 10375 "-" "curl/7.88.1"
45.83.64.12 - - [16/May/2026:18:30:40 +0000] "GET / HTTP/1.1" 200 1572 "-" "Mozilla/5.0 (X11; Linux x86_64)"
91.240.118.172 - - [16/May/2026:18:30:40 +0000] "POST /checkout HTTP/1.1" 200 3296 "-" "Mozilla/5.0 (Macintosh; Intel Mac OS X 10_15_7)"
104.26.12.44 - - [16/May/2026:18:30:40 +0000] "POST /assets/banner.jpg HTTP/1.1" 302 3439 "-" "Mozilla/5.0 (Windows NT 10.0; Win64; x64)"
104.26.12.44 - - [16/May/2026:18:30:41 +0000] "POST /contact HTTP/1.1" 200 5009 "-" "curl/7.88.1"
91.240.118.172 - - [16/May/2026:18:30:41 +0000] "POST /products HTTP/1.1" 200 7638 "-" "Mozilla/5.0 (Macintosh; Intel Mac OS X 10_15_7)"
104.26.12.44 - - [16/May/2026:18:30:42 +0000] "GET /login HTTP/1.1" 200 2705 "-" "python-requests/2.31.0"
84.17.44.201 - - [16/May/2026:18:30:43 +0000] "GET /contact HTTP/1.1" 200 10538 "-" "python-requests/2.31.0"
45.83.64.12 - - [16/May/2026:18:30:43 +0000] "GET /api/search?q=laptop HTTP/1.1" 200 6595 "-" "python-requests/2.31.0"
172.67.211.55 - - [16/May/2026:18:30:43 +0000] "GET /products HTTP/1.1" 200 745 "-" "Mozilla/5.0 (Macintosh; Intel Mac OS X 10_15_7)"
172.67.211.55 - - [16/May/2026:18:30:44 +0000] "GET /contact HTTP/1.1" 301 2580 "-" "Mozilla/5.0 (X11; Linux x86_64)"
91.240.118.172 - - [16/May/2026:18:30:45 +0000] "POST /api/search?q=headphones HTTP/1.1" 200 10160 "-" "curl/7.88.1"
45.83.64.12 - - [16/May/2026:18:30:45 +0000] "GET /checkout HTTP/1.1" 302 6517 "-" "Mozilla/5.0 (Windows NT 10.0; Win64; x64)"
84.17.44.201 - - [16/May/2026:18:30:46 +0000] "POST /register HTTP/1.1" 301 1546 "-" "python-requests/2.31.0"
84.17.44.201 - - [16/May/2026:18:30:46 +0000] "POST / HTTP/1.1" 302 11094 "-" "Mozilla/5.0 (Macintosh; Intel Mac OS X 10_15_7)"
185.220.101.45 - - [16/May/2026:18:30:46 +0000] "POST /login HTTP/1.1" 401 1943 "-" "curl/7.88.1"
45.83.64.12 - - [16/May/2026:18:30:47 +0000] "GET /api/search?q=headphones HTTP/1.1" 200 8922 "-" "Mozilla/5.0 (X11; Linux x86_64)"
45.83.64.12 - - [16/May/2026:18:30:47 +0000] "GET /checkout HTTP/1.1" 200 8807 "-" "Mozilla/5.0 (X11; Linux x86_64)"
172.67.211.55 - - [16/May/2026:18:30:47 +0000] "GET / HTTP/1.1" 200 4614 "-" "Mozilla/5.0 (Windows NT 10.0; Win64; x64)"
45.83.64.12 - - [16/May/2026:18:30:47 +0000] "GET /products HTTP/1.1" 200 2371 "-" "curl/7.88.1"
172.67.211.55 - - [16/May/2026:18:30:48 +0000] "GET / HTTP/1.1" 200 1146 "-" "Mozilla/5.0 (Macintosh; Intel Mac OS X 10_15_7)"
84.17.44.201 - - [16/May/2026:18:30:48 +0000] "GET / HTTP/1.1" 302 2245 "-" "Mozilla/5.0 (Macintosh; Intel Mac OS X 10_15_7)"
45.83.64.12 - - [16/May/2026:18:30:48 +0000] "GET /contact HTTP/1.1" 301 9749 "-" "Mozilla/5.0 (Macintosh; Intel Mac OS X 10_15_7)"
84.17.44.201 - - [16/May/2026:18:30:48 +0000] "GET /register HTTP/1.1" 200 7414 "-" "Mozilla/5.0 (Windows NT 10.0; Win64; x64)"
45.83.64.12 - - [16/May/2026:18:30:49 +0000] "POST /login HTTP/1.1" 302 3830 "-" "python-requests/2.31.0"
91.240.118.172 - - [16/May/2026:18:30:49 +0000] "POST /products HTTP/1.1" 200 9141 "-" "curl/7.88.1"
104.26.12.44 - - [16/May/2026:18:30:49 +0000] "GET /contact HTTP/1.1" 200 3561 "-" "Mozilla/5.0 (Macintosh; Intel Mac OS X 10_15_7)"
172.67.211.55 - - [16/May/2026:18:30:49 +0000] "POST /home HTTP/1.1" 301 5696 "-" "python-requests/2.31.0"
172.67.211.55 - - [16/May/2026:18:30:50 +0000] "POST /products HTTP/1.1" 301 6275 "-" "Mozilla/5.0 (X11; Linux x86_64)"
84.17.44.201 - - [16/May/2026:18:30:50 +0000] "POST /cart HTTP/1.1" 200 4749 "-" "curl/7.88.1"
84.17.44.201 - - [16/May/2026:18:30:51 +0000] "POST /register HTTP/1.1" 302 463 "-" "Mozilla/5.0 (X11; Linux x86_64)"
172.67.211.55 - - [16/May/2026:18:30:51 +0000] "GET /login HTTP/1.1" 200 11945 "-" "Mozilla/5.0 (Windows NT 10.0; Win64; x64)"
84.17.44.201 - - [16/May/2026:18:30:51 +0000] "POST /register HTTP/1.1" 302 8069 "-" "Mozilla/5.0 (X11; Linux x86_64)"
