104.26.12.44 - - [16/May/2026:18:30:51 +0000] "GET /login HTTP/1.1" 200 4669 "-" "python-requests/2.31.0"
84.17.44.201 - - [16/May/2026:18:30:52 +0000] "GET / HTTP/1.1" 200 4156 "-" "Mozilla/5.0 (Macintosh; Intel Mac OS X 10_15_7)"
172.67.211.55 - - [16/May/2026:18:30:52 +0000] "POST /home HTTP/1.1" 200 4735 "-" "Mozilla/5.0 (X11; Linux x86_64)"
104.26.12.44 - - [16/May/2026:18:30:52 +0000] "POST /products HTTP/1.1" 302 537 "-" "Mozilla/5.0 (X11; Linux x86_64)"
45.83.64.12 - - [16/May/2026:18:30:52 +0000] "GET /assets/logo.png HTTP/1.1" 302 3058 "-" "curl/7.88.1"
104.26.12.44 - - [16/May/2026:18:30:53 +0000] "GET /register HTTP/1.1" 200 9271 "-" "curl/7.88.1"
84.17.44.201 - - [16/May/2026:18:30:53 +0000] "POST /cart HTTP/1.1" 200 10112 "-" "Mozilla/5.0 (X11; Linux x86_64)"
172.67.211.55 - - [16/May/2026:18:30:53 +0000] "GET /home HTTP/1.1" 200 1061 "-" "curl/7.88.1"
91.240.118.172 - - [16/May/2026:18:30:54 +0000] "GET /cart HTTP/1.1" 302 2913 "-" "Mozilla/5.0 (Windows NT 10.0; Win64; x64)"
172.67.211.55 - - [16/May/2026:18:30:54 +0000] "GET /assets/banner.jpg HTTP/1.1" 200 3992 "-" "Mozilla/5.0 (X11; Linux x86_64)"
172.67.211.55 - - [16/May/2026:18:30:54 +0000] "POST /checkout HTTP/1.1" 302 5908 "-" "python-requests/2.31.0"
45.83.64.12 - - [16/May/2026:18:30:54 +0000] "GET /api/search?q=laptop HTTP/1.1" 301 9297 "-" "Mozilla/5.0 (X11; Linux x86_64)"
172.67.211.55 - - [16/May/2026:18:30:55 +0000] "GET /contact HTTP/1.1" 200 2387 "-" "Mozilla/5.0 (Macintosh; Intel Mac OS X 10_15_7)"
91.240.118.172 - - [16/May/2026:18:30:56 +0000] "GET /home HTTP/1.1" 200 3341 "-" "Mozilla/5.0 (Windows NT 10.0; Win64; x64)"
84.17.44.201 - - [16/May/2026:18:30:56 +0000] "POST /home HTTP/1.1" 200 762 "-" "Mozilla/5.0 (X11; Linux x86_64)"
172.67.211.55 - - [16/May/2026:18:30:56 +0000] "POST /login HTTP/1.1" 302 7131 "-" "python-requests/2.31.0"
91.240.118.172 - - [16/May/2026:18:30:56 +0000] "POST /assets/banner.jpg HTTP/1.1" 301 6137 "-" "curl/7.88.1"
91.240.118.172 - - [16/May/2026:18:30:57 +0000] "GET /home HTTP/1.1" 301 3694 "-" "Mozilla/5.0 (Windows NT 10.0; Win64; x64)"
104.26.12.44 - - [16/May/2026:18:30:58 +0000] "GET /login HTTP/1.1" 301 4467 "-" "Mozilla/5.0 (Windows NT 10.0; Win64; x64)"
84.17.44.201 - - [16/May/2026:18:30:59 +0000] "GET /contact HTTP/1.1" 200 7481 "-" "python-requests/2.31.0"
84.17.44.201 - - [16/May/2026:18:30:59 +0000] "POST /products HTTP/1.1" 301 9768 "-" "curl/7.88.1"
45.83.64.12 - - [16/May/2026:18:30:59 +0000] "GET /assets/banner.jpg HTTP/1.1" 301 740 "-" "python-requests/2.31.0"
91.240.118.172 - - [16/May/2026:18:31:00 +0000] "POST /api/search?q=laptop HTTP/1.1" 302 10351 "-" "curl/7.88.1"
91.240.118.172 - - [16/May/2026:18:31:01 +0000] "POST /cart HTTP/1.1" 200 2487 "-" "Mozilla/5.0 (X11; Linux x86_64)"
91.240.118.172 - - [16/May/2026:18:31:02 +0000] "GET /home HTTP/1.1" 301 10427 "-" "Mozilla/5.0 (Macintosh; Intel Mac OS X 10_15_7)"
45.83.64.12 - - [16/May/2026:18:31:02 +0000] "GET /contact HTTP/1.1" 301 782 "-" "Mozilla/5.0 (X11; Linux x86_64)"
104.26.12.44 - - [16/May/2026:18:31:02 +0000] "POST / HTTP/1.1" 301 11791 "-" "Mozilla/5.0 (Macintosh; Intel Mac OS X 10_15_7)"
84.17.44.201 - - [16/May/2026:18:31:02 +0000] "GET /assets/banner.jpg HTTP/1.1" 200 5281 "-" "Mozilla/5.0 (Macintosh; Intel Mac OS X 10_15_7)"
84.17.44.201 - - [16/May/2026:18:31:03 +0000] "GET /api/search?q=headphones HTTP/1.1" 301 6521 "-" "Mozilla/5.0 (Windows NT 10.0; Win64; x64)"
45.83.64.12 - - [16/May/2026:18:31:03 +0000] "GET /products HTTP/1.1" 200 7389 "-" "Mozilla/5.0 (Windows NT 10.0; Win64; x64)"
104.26.12.44 - - [16/May/2026:18:31:03 +0000] "POST /cart HTTP/1.1" 301 4183 "-" "curl/7.88.1"
84.17.44.201 - - [16/May/2026:18:31:03 +0000] "POST /home HTTP/1.1" 301 4766 "-" "curl/7.88.1"
45.83.64.12 - - [16/May/2026:18:31:04 +0000] "GET /assets/logo.png HTTP/1.1" 200 11505 "-" "Mozilla/5.0 (Windows NT 10.0; Win64; x64)"
91.240.118.172 - - [16/May/2026:18:31:05 +0000] "GET /assets/banner.jpg HTTP/1.1" 200 1885 "-" "Mozilla/5.0 (X11; Linux x86_64)"
84.17.44.201 - - [16/May/2026:18:31:05 +0000] "POST / HTTP/1.1" 200 4233 "-" "Mozilla/5.0 (X11; Linux x86_64)"
172.67.211.55 - - [16/May/2026:18:31:05 +0000] "POST /api/search?q=laptop HTTP/1.1" 200 6002 "-" "curl/7.88.1"
84.17.44.201 - - [16/May/2026:18:31:05 +0000] "GET /register HTTP/1.1" 200 7288 "-" "Mozilla/5.0 (X11; Linux x86_64)"
45.83.64.12 - - [16/May/2026:18:31:06 +0000] "GET /assets/logo.png HTTP/1.1" 302 5285 "-" "Mozilla/5.0 (Windows NT 10.0; Win64; x64)"
91.240.118.172 - - [16/May/2026:18:31:07 +0000] "GET /assets/banner.jpg HTTP/1.1" 200 10586 "-" "Mozilla/5.0 (Windows NT 10.0; Win64; x64)"
84.17.44.201 - - [16/May/2026:18:31:07 +0000] "POST / HTTP/1.1" 200 6487 "-" "python-requests/2.31.0"
104.26.12.44 - - [16/May/2026:18:31:07 +0000] "POST /assets/logo.png HTTP/1.1" 200 755 "-" "Mozilla/5.0 (Windows NT 10.0; Win64; x64)"
84.17.44.201 - - [16/May/2026:18:31:08 +0000] "POST /api/search?q=headphones HTTP/1.1" 200 10568 "-" "python-requests/2.31.0"
91.240.118.172 - - [16/May/2026:18:31:08 +0000] "GET /contact HTTP/1.1" 200 10765 "-" "Mozilla/5.0 (Windows NT 10.0; Win64; x64)"
45.83.64.12 - - [16/May/2026:18:31:08 +0000] "POST /checkout HTTP/1.1" 301 10274 "-" "Mozilla/5.0 (X11; Linux x86_64)"
84.17.44.201 - - [16/May/2026:18:31:08 +0000] "POST /checkout HTTP/1.1" 302 7083 "-" "Mozilla/5.0 (Windows NT 10.0; Win64; x64)"
172.67.211.55 - - [16/May/2026:18:31:09 +0000] "POST /contact HTTP/1.1" 200 11759 "-" "python-requests/2.31.0"
104.26.12.44 - - [16/May/2026:18:31:09 +0000] "POST /register HTTP/1.1" 302 3088 "-" "Mozilla/5.0 (X11; Linux x86_64)"
172.67.211.55 - - [16/May/2026:18:31:09 +0000] "POST /assets/banner.jpg HTTP/1.1" 200 2637 "-" "python-requests/2.31.0"
84.17.44.201 - - [16/May/2026:18:31:09 +0000] "GET /cart HTTP/1.1" 200 2067 "-" "Mozilla/5.0 (X11; Linux x86_64)"
172.67.211.55 - - [16/May/2026:18:31:10 +0000] "GET /home HTTP/1.1" 200 1724 "-" "Mozilla/5.0 (Windows NT 10.0; Win64; x64)"
91.240.118.172 - - [16/May/2026:18:31:10 +0000] "GET /register HTTP/1.1" 200 1627 "-" "Mozilla/5.0 (X11; Linux x86_64)"
45.83.64.12 - - [16/May/2026:18:31:10 +0000] "GET /assets/banner.jpg HTTP/1.1" 301 2031 "-" "Mozilla/5.0 (X11; Linux x86_64)"
91.240.118.172 - - [16/May/2026:18:31:11 +0000] "GET /register HTTP/1.1" 302 1998 "-" "curl/7.88.1"
84.17.44.201 - - [16/May/2026:18:31:12 +0000] "GET /assets/banner.jpg HTTP/1.1" 200 5301 "-" "Mozilla/5.0 (Windows NT 10.0; Win64; x64)"
84.17.44.201 - - [16/May/2026:18:31:13 +0000] "POST /home HTTP/1.1" 302 5925 "-" "python-requests/2.31.0"
84.17.44.201 - - [16/May/2026:18:31:13 +0000] "GET /assets/banner.jpg HTTP/1.1" 301 8570 "-" "Mozilla/5.0 (X11; Linux x86_64)"
91.240.118.172 - - [16/May/2026:18:31:13 +0000] "GET /register HTTP/1.1" 301 2637 "-" "Mozilla/5.0 (X11; Linux x86_64)"
45.83.64.12 - - [16/May/2026:18:31:13 +0000] "POST /assets/banner.jpg HTTP/1.1" 301 6513 "-" "Mozilla/5.0 (Windows NT 10.0; Win64; x64)"
103.145.13.99 - - [16/May/2026:18:31:13 +0000] "POST /login HTTP/1.1" 401 1373 "-" "Mozilla/5.0 (X11; Linux x86_64)"
91.240.118.172 - - [16/May/2026:18:31:14 +0000] "GET /checkout HTTP/1.1" 200 11808 "-" "Mozilla/5.0 (Windows NT 10.0; Win64; x64)"
104.26.12.44 - - [16/May/2026:18:31:15 +0000] "POST /contact HTTP/1.1" 200 2331 "-" "Mozilla/5.0 (Windows NT 10.0; Win64; x64)"
84.17.44.201 - - [16/May/2026:18:31:15 +0000] "GET /api/search?q=headphones HTTP/1.1" 200 11579 "-" "python-requests/2.31.0"
84.17.44.201 - - [16/May/2026:18:31:16 +0000] "GET /products HTTP/1.1" 302 8198 "-" "Mozilla/5.0 (X11; Linux x86_64)"
84.17.44.201 - - [16/May/2026:18:31:16 +0000] "GET / HTTP/1.1" 200 8883 "-" "Mozilla/5.0 (X11; Linux x86_64)"
45.83.64.12 - - [16/May/2026:18:31:16 +0000] "POST /register HTTP/1.1" 200 4487 "-" "Mozilla/5.0 (Windows NT 10.0; Win64; x64)"
104.26.12.44 - - [16/May/2026:18:31:16 +0000] "GET /assets/banner.jpg HTTP/1.1" 200 6949 "-" "Mozilla/5.0 (X11; Linux x86_64)"
198.98.51.189 - - [16/May/2026:18:31:16 +0000] "POST /login HTTP/1.1" 401 1553 "-" "Mozilla/5.0 (X11; Linux x86_64)"
104.26.12.44 - - [16/May/2026:18:31:17 +0000] "POST /cart HTTP/1.1" 200 5639 "-" "Mozilla/5.0 (Macintosh; Intel Mac OS X 10_15_7)"
91.240.118.172 - - [16/May/2026:18:31:17 +0000] "POST /home HTTP/1.1" 302 6961 "-" "Mozilla/5.0 (Macintosh; Intel Mac OS X 10_15_7)"
104.26.12.44 - - [16/May/2026:18:31:18 +0000] "GET /login HTTP/1.1" 301 8784 "-" "Mozilla/5.0 (X11; Linux x86_64)"
172.67.211.55 - - [16/May/2026:18:31:18 +0000] "GET /api/search?q=laptop HTTP/1.1" 200 4151 "-" "curl/7.88.1"
91.240.118.172 - - [16/May/2026:18:31:18 +0000] "GET / HTTP/1.1" 200 4090 "-" "Mozilla/5.0 (Windows NT 10.0; Win64; x64)"
104.26.12.44 - - [16/May/2026:18:31:19 +0000] "POST /login HTTP/1.1" 301 9312 "-" "python-requests/2.31.0"
84.17.44.201 - - [16/May/2026:18:31:19 +0000] "GET /assets/logo.png HTTP/1.1" 200 8328 "-" "Mozilla/5.0 (Macintosh; Intel Mac OS X 10_15_7)"
172.67.211.55 - - [16/May/2026:18:31:20 +0000] "POST /api/search?q=headphones HTTP/1.1" 200 11869 "-" "Mozilla/5.0 (Macintosh; Intel Mac OS X 10_15_7)"
84.17.44.201 - - [16/May/2026:18:31:20 +0000] "POST /register HTTP/1.1" 200 10126 "-" "Mozilla/5.0 (X11; Linux x86_64)"
84.17.44.201 - - [16/May/2026:18:31:21 +0000] "POST /cart HTTP/1.1" 200 5410 "-" "python-requests/2.31.0"
104.26.12.44 - - [16/May/2026:18:31:21 +0000] "POST /home HTTP/1.1" 301 3890 "-" "Mozilla/5.0 (X11; Linux x86_64)"
91.240.118.172 - - [16/May/2026:18:31:21 +0000] "GET /contact HTTP/1.1" 302 11291 "-" "Mozilla/5.0 (X11; Linux x86_64)"
198.98.51.189 - - [16/May/2026:18:31:21 +0000] "GET /.env HTTP/1.1" 401 1077 "-" "Mozilla/5.0 (X11; Linux x86_64)"
172.67.211.55 - - [16/May/2026:18:31:22 +0000] "POST /contact HTTP/1.1" 200 2164 "-" "python-requests/2.31.0"
172.67.211.55 - - [16/May/2026:18:31:22 +0000] "GET /contact HTTP/1.1" 200 10884 "-" "curl/7.88.1"
104.26.12.44 - - [16/May/2026:18:31:22 +0000] "POST /products HTTP/1.1" 200 4793 "-" "python-requests/2.31.0"
84.17.44.201 - - [16/May/2026:18:31:22 +0000] "GET /cart HTTP/1.1" 302 1944 "-" "curl/7.88.1"
172.67.211.55 - - [16/May/2026:18:31:23 +0000] "POST /home HTTP/1.1" 200 6872 "-" "Mozilla/5.0 (Macintosh; Intel Mac OS X 10_15_7)"
104.26.12.44 - - [16/May/2026:18:31:23 +0000] "GET /assets/banner.jpg HTTP/1.1" 200 10640 "-" "curl/7.88.1"
172.67.211.55 - - [16/May/2026:18:31:24 +0000] "POST /register HTTP/1.1" 200 3846 "-" "Mozilla/5.0 (Macintosh; Intel Mac OS X 10_15_7)"
172.67.211.55 - - [16/May/2026:18:31:25 +0000] "POST /login HTTP/1.1" 200 7112 "-" "Mozilla/5.0 (Windows NT 10.0; Win64; x64)"
84.17.44.201 - - [16/May/2026:18:31:26 +0000] "GET /assets/logo.png HTTP/1.1" 200 3859 "-" "python-requests/2.31.0"
104.26.12.44 - - [16/May/2026:18:31:26 +0000] "GET /api/search?q=headphones HTTP/1.1" 302 8757 "-" "python-requests/2.31.0"
91.240.118.172 - - [16/May/2026:18:31:26 +0000] "POST /contact HTTP/1.1" 200 1293 "-" "curl/7.88.1"
104.26.12.44 - - [16/May/2026:18:31:26 +0000] "POST /api/search?q=headphones HTTP/1.1" 302 8162 "-" "Mozilla/5.0 (Windows NT 10.0; Win64; x64)"
172.67.211.55 - - [16/May/2026:18:31:27 +0000] "POST /assets/banner.jpg HTTP/1.1" 200 6409 "-" "curl/7.88.1"
45.83.64.12 - - [16/May/2026:18:31:27 +0000] "POST /api/search?q=headphones HTTP/1.1" 200 9650 "-" "Mozilla/5.0 (Macintosh; Intel Mac OS X 10_15_7)"
104.26.12.44 - - [16/May/2026:18:31:27 +0000] "POST /cart HTTP/1.1" 302 3558 "-" "Mozilla/5.0 (X11; Linux x86_64)"
84.17.44.201 - - [16/May/2026:18:31:28 +0000] "POST /register HTTP/1.1" 200 1286 "-" "curl/7.88.1"
104.26.12.44 - - [16/May/2026:18:31:28 +0000] "POST /products HTTP/1.1" 200 1914 "-" "Mozilla/5.0 (Macintosh; Intel Mac OS X 10_15_7)"
84.17.44.201 - - [16/May/2026:18:31:28 +0000] "POST /checkout HTTP/1.1" 301 6634 "-" "curl/7.88.1"
84.17.44.201 - - [16/May/2026:18:31:29 +0000] "GET /login HTTP/1.1" 301 5504 "-" "Mozilla/5.0 (X11; Linux x86_64)"
172.67.211.55 - - [16/May/2026:18:31:29 +0000] "POST /home HTTP/1.1" 200 3272 "-" "Mozilla/5.0 (Macintosh; Intel Mac OS X 10_15_7)"
172.67.211.55 - - [16/May/2026:18:31:29 +0000] "POST /assets/banner.jpg HTTP/1.1" 200 11082 "-" "Mozilla/5.0 (Macintosh; Intel Mac OS X 10_15_7)"
91.240.118.172 - - [16/May/2026:18:31:29 +0000] "GET /cart HTTP/1.1" 200 7994 "-" "python-requests/2.31.0"
104.26.12.44 - - [16/May/2026:18:31:30 +0000] "POST /checkout HTTP/1.1" 302 8069 "-" "Mozilla/5.0 (Macintosh; Intel Mac OS X 10_15_7)"
45.83.64.12 - - [16/May/2026:18:31:30 +0000] "GET /home HTTP/1.1" 200 691 "-" "Mozilla/5.0 (Macintosh; Intel Mac OS X 10_15_7)"
104.26.12.44 - - [16/May/2026:18:31:30 +0000] "GET /api/search?q=headphones HTTP/1.1" 200 595 "-" "Mozilla/5.0 (X11; Linux x86_64)"
84.17.44.201 - - [16/May/2026:18:31:31 +0000] "POST / HTTP/1.1" 301 995 "-" "python-requests/2.31.0"
45.83.64.12 - - [16/May/2026:18:31:31 +0000] "POST /api/search?q=laptop HTTP/1.1" 200 4185 "-" "Mozilla/5.0 (Macintosh; Intel Mac OS X 10_15_7)"
172.67.211.55 - - [16/May/2026:18:31:31 +0000] "GET /api/search?q=headphones HTTP/1.1" 302 766 "-" "Mozilla/5.0 (X11; Linux x86_64)"
91.240.118.172 - - [16/May/2026:18:31:31 +0000] "POST /api/search?q=headphones HTTP/1.1" 302 1183 "-" "curl/7.88.1"
84.17.44.201 - - [16/May/2026:18:31:32 +0000] "POST /api/search?q=headphones HTTP/1.1" 200 2185 "-" "Mozilla/5.0 (Windows NT 10.0; Win64; x64)"
45.83.64.12 - - [16/May/2026:18:31:32 +0000] "POST /api/search?q=headphones HTTP/1.1" 302 1616 "-" "Mozilla/5.0 (Windows NT 10.0; Win64; x64)"
104.26.12.44 - - [16/May/2026:18:31:32 +0000] "GET /home HTTP/1.1" 301 9456 "-" "Mozilla/5.0 (Windows NT 10.0; Win64; x64)"
45.83.64.12 - - [16/May/2026:18:31:33 +0000] "GET /home HTTP/1.1" 200 1287 "-" "Mozilla/5.0 (X11; Linux x86_64)"
84.17.44.201 - - [16/May/2026:18:31:33 +0000] "GET / HTTP/1.1" 200 1864 "-" "Mozilla/5.0 (Macintosh; Intel Mac OS X 10_15_7)"
91.240.118.172 - - [16/May/2026:18:31:34 +0000] "GET /login HTTP/1.1" 200 3731 "-" "curl/7.88.1"
45.83.64.12 - - [16/May/2026:18:31:35 +0000] "GET /products HTTP/1.1" 200 5734 "-" "curl/7.88.1"
45.83.64.12 - - [16/May/2026:18:31:35 +0000] "GET /cart HTTP/1.1" 301 6303 "-" "Mozilla/5.0 (X11; Linux x86_64)"
84.17.44.201 - - [16/May/2026:18:31:35 +0000] "GET /home HTTP/1.1" 200 10433 "-" "Mozilla/5.0 (Macintosh; Intel Mac OS X 10_15_7)"
45.83.64.12 - - [16/May/2026:18:31:36 +0000] "POST /api/search?q=laptop HTTP/1.1" 200 2520 "-" "Mozilla/5.0 (X11; Linux x86_64)"
45.83.64.12 - - [16/May/2026:18:31:37 +0000] "GET /register HTTP/1.1" 200 3331 "-" "python-requests/2.31.0"
172.67.211.55 - - [16/May/2026:18:31:37 +0000] "POST / HTTP/1.1" 302 6354 "-" "Mozilla/5.0 (X11; Linux x86_64)"
172.67.211.55 - - [16/May/2026:18:31:37 +0000] "GET /assets/banner.jpg HTTP/1.1" 302 6880 "-" "Mozilla/5.0 (Macintosh; Intel Mac OS X 10_15_7)"
104.26.12.44 - - [16/May/2026:18:31:38 +0000] "POST /assets/logo.png HTTP/1.1" 302 7806 "-" "Mozilla/5.0 (Windows NT 10.0; Win64; x64)"
104.26.12.44 - - [16/May/2026:18:31:38 +0000] "POST /register HTTP/1.1" 302 7633 "-" "Mozilla/5.0 (X11; Linux x86_64)"
45.83.64.12 - - [16/May/2026:18:31:38 +0000] "GET /api/search?q=laptop HTTP/1.1" 200 9927 "-" "Mozilla/5.0 (Macintosh; Intel Mac OS X 10_15_7)"
45.83.64.12 - - [16/May/2026:18:31:38 +0000] "POST /api/search?q=headphones HTTP/1.1" 302 5697 "-" "Mozilla/5.0 (X11; Linux x86_64)"
84.17.44.201 - - [16/May/2026:18:31:39 +0000] "POST /cart HTTP/1.1" 200 7223 "-" "Mozilla/5.0 (Macintosh; Intel Mac OS X 10_15_7)"
45.83.64.12 - - [16/May/2026:18:31:39 +0000] "POST /products HTTP/1.1" 302 9199 "-" "python-requests/2.31.0"
172.67.211.55 - - [16/May/2026:18:31:40 +0000] "POST / HTTP/1.1" 200 10404 "-" "Mozilla/5.0 (X11; Linux x86_64)"
172.67.211.55 - - [16/May/2026:18:31:40 +0000] "GET /login HTTP/1.1" 200 1108 "-" "Mozilla/5.0 (Windows NT 10.0; Win64; x64)"
172.67.211.55 - - [16/May/2026:18:31:40 +0000] "POST /assets/banner.jpg HTTP/1.1" 301 9893 "-" "Mozilla/5.0 (X11; Linux x86_64)"
91.240.118.172 - - [16/May/2026:18:31:41 +0000] "GET /assets/logo.png HTTP/1.1" 200 11426 "-" "Mozilla/5.0 (X11; Linux x86_64)"
104.26.12.44 - - [16/May/2026:18:31:41 +0000] "GET /contact HTTP/1.1" 301 1431 "-" "python-requests/2.31.0"
172.67.211.55 - - [16/May/2026:18:31:41 +0000] "POST /contact HTTP/1.1" 301 7187 "-" "Mozilla/5.0 (Macintosh; Intel Mac OS X 10_15_7)"
104.26.12.44 - - [16/May/2026:18:31:41 +0000] "POST /home HTTP/1.1" 301 9935 "-" "python-requests/2.31.0"
84.17.44.201 - - [16/May/2026:18:31:42 +0000] "POST /login HTTP/1.1" 301 6593 "-" "Mozilla/5.0 (Macintosh; Intel Mac OS X 10_15_7)"
104.26.12.44 - - [16/May/2026:18:31:42 +0000] "POST /register HTTP/1.1" 302 1646 "-" "Mozilla/5.0 (Macintosh; Intel Mac OS X 10_15_7)"
91.240.118.172 - - [16/May/2026:18:31:42 +0000] "GET /contact HTTP/1.1" 301 11239 "-" "Mozilla/5.0 (Windows NT 10.0; Win64; x64)"
104.26.12.44 - - [16/May/2026:18:31:43 +0000] "GET /assets/logo.png HTTP/1.1" 200 10614 "-" "Mozilla/5.0 (Macintosh; Intel Mac OS X 10_15_7)"
172.67.211.55 - - [16/May/2026:18:31:43 +0000] "POST / HTTP/1.1" 200 3607 "-" "python-requests/2.31.0"
91.240.118.172 - - [16/May/2026:18:31:43 +0000] "GET /home HTTP/1.1" 200 4575 "-" "curl/7.88.1"
104.26.12.44 - - [16/May/2026:18:31:43 +0000] "POST /api/search?q=laptop HTTP/1.1" 200 1706 "-" "curl/7.88.1"
84.17.44.201 - - [16/May/2026:18:31:44 +0000] "POST /assets/banner.jpg HTTP/1.1" 302 527 "-" "Mozilla/5.0 (Windows NT 10.0; Win64; x64)"
104.26.12.44 - - [16/May/2026:18:31:44 +0000] "GET /register HTTP/1.1" 301 8135 "-" "Mozilla/5.0 (Macintosh; Intel Mac OS X 10_15_7)"
84.17.44.201 - - [16/May/2026:18:31:44 +0000] "GET /assets/logo.png HTTP/1.1" 200 11359 "-" "Mozilla/5.0 (X11; Linux x86_64)"
91.240.118.172 - - [16/May/2026:18:31:45 +0000] "GET /contact HTTP/1.1" 200 8472 "-" "Mozilla/5.0 (Windows NT 10.0; Win64; x64)"
91.240.118.172 - - [16/May/2026:18:31:45 +0000] "POST /login HTTP/1.1" 302 642 "-" "Mozilla/5.0 (Macintosh; Intel Mac OS X 10_15_7)"
45.83.64.12 - - [16/May/2026:18:31:45 +0000] "POST /checkout HTTP/1.1" 200 7068 "-" "Mozilla/5.0 (X11; Linux x86_64)"
172.67.211.55 - - [16/May/2026:18:31:45 +0000] "POST /home HTTP/1.1" 200 5920 "-" "curl/7.88.1"
91.240.118.172 - - [16/May/2026:18:31:45 +0000] "GET /home HTTP/1.1" 200 7892 "-" "python-requests/2.31.0"
172.67.211.55 - - [16/May/2026:18:31:45 +0000] "POST /api/search?q=laptop HTTP/1.1" 200 2441 "-" "Mozilla/5.0 (X11; Linux x86_64)"
91.240.118.172 - - [16/May/2026:18:31:45 +0000] "POST /home HTTP/1.1" 200 4558 "-" "Mozilla/5.0 (X11; Linux x86_64)"
45.83.64.12 - - [16/May/2026:18:31:45 +0000] "POST /contact HTTP/1.1" 200 8688 "-" "Mozilla/5.0 (Windows NT 10.0; Win64; x64)"
91.240.118.172 - - [16/May/2026:18:31:45 +0000] "POST /contact HTTP/1.1" 200 1787 "-" "python-requests/2.31.0"
104.26.12.44 - - [16/May/2026:18:31:45 +0000] "GET /assets/logo.png HTTP/1.1" 200 11410 "-" "Mozilla/5.0 (Macintosh; Intel Mac OS X 10_15_7)"
91.240.118.172 - - [16/May/2026:18:31:45 +0000] "POST /cart HTTP/1.1" 200 624 "-" "Mozilla/5.0 (Macintosh; Intel Mac OS X 10_15_7)"
91.240.118.172 - - [16/May/2026:18:31:45 +0000] "GET /assets/banner.jpg HTTP/1.1" 200 5957 "-" "curl/7.88.1"
84.17.44.201 - - [16/May/2026:18:31:45 +0000] "GET /checkout HTTP/1.1" 302 8935 "-" "curl/7.88.1"
91.240.118.172 - - [16/May/2026:18:31:45 +0000] "POST /products HTTP/1.1" 200 10659 "-" "curl/7.88.1"
172.67.211.55 - - [16/May/2026:18:31:45 +0000] "GET / HTTP/1.1" 302 6960 "-" "curl/7.88.1"
91.240.118.172 - - [16/May/2026:18:31:45 +0000] "GET /assets/banner.jpg HTTP/1.1" 302 6416 "-" "Mozilla/5.0 (Windows NT 10.0; Win64; x64)"
104.26.12.44 - - [16/May/2026:18:31:45 +0000] "POST /api/search?q=headphones HTTP/1.1" 200 8755 "-" "python-requests/2.31.0"
104.26.12.44 - - [16/May/2026:18:31:45 +0000] "GET /register HTTP/1.1" 200 5797 "-" "Mozilla/5.0 (Macintosh; Intel Mac OS X 10_15_7)"
104.26.12.44 - - [16/May/2026:18:31:45 +0000] "GET /products HTTP/1.1" 301 1354 "-" "Mozilla/5.0 (Windows NT 10.0; Win64; x64)"
172.67.211.55 - - [16/May/2026:18:31:45 +0000] "GET /api/search?q=laptop HTTP/1.1" 200 4081 "-" "curl/7.88.1"
91.240.118.172 - - [16/May/2026:18:31:45 +0000] "GET /cart HTTP/1.1" 302 8890 "-" "curl/7.88.1"
84.17.44.201 - - [16/May/2026:18:31:46 +0000] "GET /checkout HTTP/1.1" 301 10807 "-" "python-requests/2.31.0"
84.17.44.201 - - [16/May/2026:18:31:47 +0000] "POST /register HTTP/1.1" 200 497 "-" "python-requests/2.31.0"
104.26.12.44 - - [16/May/2026:18:31:47 +0000] "GET /api/search?q=laptop HTTP/1.1" 200 1418 "-" "Mozilla/5.0 (X11; Linux x86_64)"
84.17.44.201 - - [16/May/2026:18:31:48 +0000] "POST /register HTTP/1.1" 200 6256 "-" "Mozilla/5.0 (X11; Linux x86_64)"
45.83.64.12 - - [16/May/2026:18:31:49 +0000] "POST /assets/logo.png HTTP/1.1" 301 4838 "-" "python-requests/2.31.0"
45.83.64.12 - - [16/May/2026:18:31:49 +0000] "GET /api/search?q=headphones HTTP/1.1" 302 11765 "-" "Mozilla/5.0 (Macintosh; Intel Mac OS X 10_15_7)"
104.26.12.44 - - [16/May/2026:18:31:49 +0000] "GET /login HTTP/1.1" 302 10380 "-" "curl/7.88.1"
198.98.51.189 - - [16/May/2026:18:31:49 +0000] "GET /phpmyadmin HTTP/1.1" 403 274 "-" "Mozilla/5.0 (Macintosh; Intel Mac OS X 10_15_7)"
91.240.118.172 - - [16/May/2026:18:31:50 +0000] "POST /assets/banner.jpg HTTP/1.1" 302 9705 "-" "python-requests/2.31.0"
91.240.118.172 - - [16/May/2026:18:31:50 +0000] "POST /register HTTP/1.1" 200 572 "-" "Mozilla/5.0 (Windows NT 10.0; Win64; x64)"
84.17.44.201 - - [16/May/2026:18:31:50 +0000] "GET /home HTTP/1.1" 302 4776 "-" "Mozilla/5.0 (Macintosh; Intel Mac OS X 10_15_7)"
172.67.211.55 - - [16/May/2026:18:31:50 +0000] "GET /api/search?q=headphones HTTP/1.1" 302 1007 "-" "Mozilla/5.0 (X11; Linux x86_64)"
91.240.118.172 - - [16/May/2026:18:31:50 +0000] "POST / HTTP/1.1" 200 416 "-" "Mozilla/5.0 (Macintosh; Intel Mac OS X 10_15_7)"
104.26.12.44 - - [16/May/2026:18:31:50 +0000] "GET /home HTTP/1.1" 200 2445 "-" "Mozilla/5.0 (X11; Linux x86_64)"
45.83.64.12 - - [16/May/2026:18:31:50 +0000] "POST /cart HTTP/1.1" 301 9296 "-" "Mozilla/5.0 (Windows NT 10.0; Win64; x64)"
172.67.211.55 - - [16/May/2026:18:31:50 +0000] "POST / HTTP/1.1" 301 1505 "-" "Mozilla/5.0 (Windows NT 10.0; Win64; x64)"
172.67.211.55 - - [16/May/2026:18:31:50 +0000] "POST /register HTTP/1.1" 302 1958 "-" "Mozilla/5.0 (Macintosh; Intel Mac OS X 10_15_7)"
104.26.12.44 - - [16/May/2026:18:31:50 +0000] "POST /register HTTP/1.1" 200 7948 "-" "curl/7.88.1"
45.83.64.12 - - [16/May/2026:18:31:50 +0000] "GET /home HTTP/1.1" 302 9998 "-" "Mozilla/5.0 (Windows NT 10.0; Win64; x64)"
91.240.118.172 - - [16/May/2026:18:31:50 +0000] "GET /products HTTP/1.1" 200 2077 "-" "Mozilla/5.0 (Windows NT 10.0; Win64; x64)"
91.240.118.172 - - [16/May/2026:18:31:50 +0000] "GET /login HTTP/1.1" 200 7167 "-" "Mozilla/5.0 (X11; Linux x86_64)"
84.17.44.201 - - [16/May/2026:18:31:50 +0000] "GET / HTTP/1.1" 200 7829 "-" "Mozilla/5.0 (X11; Linux x86_64)"
84.17.44.201 - - [16/May/2026:18:31:50 +0000] "GET /register HTTP/1.1" 200 8976 "-" "Mozilla/5.0 (Macintosh; Intel Mac OS X 10_15_7)"
45.83.64.12 - - [16/May/2026:18:31:50 +0000] "GET /products HTTP/1.1" 200 9088 "-" "Mozilla/5.0 (X11; Linux x86_64)"
172.67.211.55 - - [16/May/2026:18:31:51 +0000] "GET /home HTTP/1.1" 301 8178 "-" "curl/7.88.1"
172.67.211.55 - - [16/May/2026:18:31:51 +0000] "POST /checkout HTTP/1.1" 302 4668 "-" "python-requests/2.31.0"
91.240.118.172 - - [16/May/2026:18:31:51 +0000] "GET /contact HTTP/1.1" 200 2571 "-" "Mozilla/5.0 (X11; Linux x86_64)"
104.26.12.44 - - [16/May/2026:18:31:52 +0000] "GET /api/search?q=laptop HTTP/1.1" 200 1231 "-" "Mozilla/5.0 (X11; Linux x86_64)"
172.67.211.55 - - [16/May/2026:18:31:53 +0000] "POST / HTTP/1.1" 301 926 "-" "Mozilla/5.0 (X11; Linux x86_64)"
45.83.64.12 - - [16/May/2026:18:31:53 +0000] "POST /home HTTP/1.1" 302 2951 "-" "curl/7.88.1"
172.67.211.55 - - [16/May/2026:18:31:53 +0000] "GET /api/search?q=laptop HTTP/1.1" 302 6399 "-" "python-requests/2.31.0"
172.67.211.55 - - [16/May/2026:18:31:54 +0000] "POST /api/search?q=headphones HTTP/1.1" 200 11150 "-" "curl/7.88.1"
84.17.44.201 - - [16/May/2026:18:31:54 +0000] "GET /checkout HTTP/1.1" 301 6525 "-" "python-requests/2.31.0"
45.83.64.12 - - [16/May/2026:18:31:54 +0000] "GET /assets/logo.png HTTP/1.1" 302 4355 "-" "Mozilla/5.0 (X11; Linux x86_64)"
45.83.64.12 - - [16/May/2026:18:31:55 +0000] "GET /cart HTTP/1.1" 200 1687 "-" "Mozilla/5.0 (Windows NT 10.0; Win64; x64)"
91.240.118.172 - - [16/May/2026:18:31:56 +0000] "POST /register HTTP/1.1" 200 10985 "-" "python-requests/2.31.0"
45.83.64.12 - - [16/May/2026:18:31:56 +0000] "POST /login HTTP/1.1" 200 8283 "-" "python-requests/2.31.0"
104.26.12.44 - - [16/May/2026:18:31:57 +0000] "POST /register HTTP/1.1" 200 623 "-" "Mozilla/5.0 (Windows NT 10.0; Win64; x64)"
45.83.64.12 - - [16/May/2026:18:31:57 +0000] "GET / HTTP/1.1" 200 2425 "-" "python-requests/2.31.0"
84.17.44.201 - - [16/May/2026:18:31:58 +0000] "POST / HTTP/1.1" 301 1330 "-" "curl/7.88.1"
185.220.101.45 - - [16/May/2026:18:31:58 +0000] "GET /phpmyadmin HTTP/1.1" 401 1310 "-" "curl/7.88.1"
45.83.64.12 - - [16/May/2026:18:31:59 +0000] "GET /cart HTTP/1.1" 200 8812 "-" "python-requests/2.31.0"
45.83.64.12 - - [16/May/2026:18:31:59 +0000] "GET /login HTTP/1.1" 200 5406 "-" "curl/7.88.1"
84.17.44.201 - - [16/May/2026:18:31:59 +0000] "POST /contact HTTP/1.1" 200 401 "-" "Mozilla/5.0 (X11; Linux x86_64)"
104.26.12.44 - - [16/May/2026:18:31:59 +0000] "GET /cart HTTP/1.1" 200 5267 "-" "curl/7.88.1"
91.240.118.172 - - [16/May/2026:18:32:00 +0000] "GET /assets/banner.jpg HTTP/1.1" 200 11253 "-" "curl/7.88.1"
84.17.44.201 - - [16/May/2026:18:32:00 +0000] "GET /cart HTTP/1.1" 301 8488 "-" "Mozilla/5.0 (X11; Linux x86_64)"
172.67.211.55 - - [16/May/2026:18:32:00 +0000] "POST /home HTTP/1.1" 200 10497 "-" "curl/7.88.1"
45.83.64.12 - - [16/May/2026:18:32:00 +0000] "POST /checkout HTTP/1.1" 200 3387 "-" "Mozilla/5.0 (Macintosh; Intel Mac OS X 10_15_7)"
91.240.118.172 - - [16/May/2026:18:32:01 +0000] "GET /products HTTP/1.1" 200 5116 "-" "Mozilla/5.0 (X11; Linux x86_64)"
104.26.12.44 - - [16/May/2026:18:32:01 +0000] "GET /assets/banner.jpg HTTP/1.1" 302 5080 "-" "Mozilla/5.0 (Macintosh; Intel Mac OS X 10_15_7)"
172.67.211.55 - - [16/May/2026:18:32:01 +0000] "POST /products HTTP/1.1" 200 9145 "-" "Mozilla/5.0 (Macintosh; Intel Mac OS X 10_15_7)"
172.67.211.55 - - [16/May/2026:18:32:01 +0000] "POST /assets/banner.jpg HTTP/1.1" 301 870 "-" "curl/7.88.1"
91.240.118.172 - - [16/May/2026:18:32:02 +0000] "POST /api/search?q=laptop HTTP/1.1" 200 4084 "-" "curl/7.88.1"
91.240.118.172 - - [16/May/2026:18:32:02 +0000] "POST / HTTP/1.1" 200 10601 "-" "Mozilla/5.0 (X11; Linux x86_64)"
91.240.118.172 - - [16/May/2026:18:32:02 +0000] "GET /register HTTP/1.1" 200 5660 "-" "Mozilla/5.0 (X11; Linux x86_64)"
172.67.211.55 - - [16/May/2026:18:32:03 +0000] "GET /contact HTTP/1.1" 200 7357 "-" "curl/7.88.1"
84.17.44.201 - - [16/May/2026:18:32:03 +0000] "GET / HTTP/1.1" 200 6132 "-" "curl/7.88.1"
45.95.147.21 - - [16/May/2026:18:32:03 +0000] "GET /server-status HTTP/1.1" 404 534 "-" "curl/7.88.1"
84.17.44.201 - - [16/May/2026:18:32:04 +0000] "GET /register HTTP/1.1" 301 2575 "-" "curl/7.88.1"
172.67.211.55 - - [16/May/2026:18:32:04 +0000] "GET /api/search?q=headphones HTTP/1.1" 200 3139 "-" "python-requests/2.31.0"
104.26.12.44 - - [16/May/2026:18:32:05 +0000] "POST /products HTTP/1.1" 302 3129 "-" "curl/7.88.1"
91.240.118.172 - - [16/May/2026:18:32:05 +0000] "GET /contact HTTP/1.1" 200 4066 "-" "curl/7.88.1"
104.26.12.44 - - [16/May/2026:18:32:06 +0000] "GET /products HTTP/1.1" 200 2321 "-" "Mozilla/5.0 (Windows NT 10.0; Win64; x64)"
84.17.44.201 - - [16/May/2026:18:32:06 +0000] "GET /products HTTP/1.1" 200 11026 "-" "Mozilla/5.0 (X11; Linux x86_64)"
104.26.12.44 - - [16/May/2026:18:32:06 +0000] "GET /home HTTP/1.1" 301 4105 "-" "Mozilla/5.0 (X11; Linux x86_64)"
84.17.44.201 - - [16/May/2026:18:32:06 +0000] "POST /assets/banner.jpg HTTP/1.1" 200 8597 "-" "Mozilla/5.0 (X11; Linux x86_64)"
84.17.44.201 - - [16/May/2026:18:32:07 +0000] "GET /cart HTTP/1.1" 301 7923 "-" "Mozilla/5.0 (X11; Linux x86_64)"
84.17.44.201 - - [16/May/2026:18:32:07 +0000] "POST /checkout HTTP/1.1" 200 3509 "-" "curl/7.88.1"
45.83.64.12 - - [16/May/2026:18:32:07 +0000] "GET /products HTTP/1.1" 200 1253 "-" "Mozilla/5.0 (X11; Linux x86_64)"
91.240.118.172 - - [16/May/2026:18:32:08 +0000] "POST /contact HTTP/1.1" 302 9519 "-" "Mozilla/5.0 (Windows NT 10.0; Win64; x64)"
45.83.64.12 - - [16/May/2026:18:32:09 +0000] "GET /home HTTP/1.1" 302 543 "-" "curl/7.88.1"
84.17.44.201 - - [16/May/2026:18:32:09 +0000] "GET /home HTTP/1.1" 200 6387 "-" "Mozilla/5.0 (X11; Linux x86_64)"
45.83.64.12 - - [16/May/2026:18:32:09 +0000] "GET /api/search?q=laptop HTTP/1.1" 302 2987 "-" "Mozilla/5.0 (Windows NT 10.0; Win64; x64)"
91.240.118.172 - - [16/May/2026:18:32:09 +0000] "POST /login HTTP/1.1" 200 10833 "-" "Mozilla/5.0 (Windows NT 10.0; Win64; x64)"
45.83.64.12 - - [16/May/2026:18:32:10 +0000] "GET /products HTTP/1.1" 200 5947 "-" "Mozilla/5.0 (Macintosh; Intel Mac OS X 10_15_7)"
84.17.44.201 - - [16/May/2026:18:32:10 +0000] "GET /api/search?q=headphones HTTP/1.1" 302 2170 "-" "Mozilla/5.0 (Macintosh; Intel Mac OS X 10_15_7)"
104.26.12.44 - - [16/May/2026:18:32:10 +0000] "POST /register HTTP/1.1" 200 2782 "-" "Mozilla/5.0 (Macintosh; Intel Mac OS X 10_15_7)"
104.26.12.44 - - [16/May/2026:18:32:11 +0000] "GET /assets/logo.png HTTP/1.1" 301 4644 "-" "Mozilla/5.0 (Macintosh; Intel Mac OS X 10_15_7)"
104.26.12.44 - - [16/May/2026:18:32:11 +0000] "GET /assets/banner.jpg HTTP/1.1" 200 8547 "-" "Mozilla/5.0 (Macintosh; Intel Mac OS X 10_15_7)"
45.83.64.12 - - [16/May/2026:18:32:12 +0000] "POST /home HTTP/1.1" 200 5377 "-" "curl/7.88.1"
172.67.211.55 - - [16/May/2026:18:32:12 +0000] "GET /login HTTP/1.1" 200 4985 "-" "Mozilla/5.0 (Macintosh; Intel Mac OS X 10_15_7)"
84.17.44.201 - - [16/May/2026:18:32:12 +0000] "POST /assets/banner.jpg HTTP/1.1" 301 2444 "-" "Mozilla/5.0 (Windows NT 10.0; Win64; x64)"
172.67.211.55 - - [16/May/2026:18:32:12 +0000] "POST / HTTP/1.1" 302 8779 "-" "Mozilla/5.0 (Windows NT 10.0; Win64; x64)"
104.26.12.44 - - [16/May/2026:18:32:13 +0000] "POST /contact HTTP/1.1" 302 9914 "-" "Mozilla/5.0 (X11; Linux x86_64)"
104.26.12.44 - - [16/May/2026:18:32:14 +0000] "GET /assets/banner.jpg HTTP/1.1" 301 1906 "-" "Mozilla/5.0 (Windows NT 10.0; Win64; x64)"
91.240.118.172 - - [16/May/2026:18:32:14 +0000] "GET /api/search?q=headphones HTTP/1.1" 302 10732 "-" "Mozilla/5.0 (Windows NT 10.0; Win64; x64)"
91.240.118.172 - - [16/May/2026:18:32:15 +0000] "GET /home HTTP/1.1" 302 11470 "-" "Mozilla/5.0 (Windows NT 10.0; Win64; x64)"
84.17.44.201 - - [16/May/2026:18:32:15 +0000] "GET /home HTTP/1.1" 301 8387 "-" "Mozilla/5.0 (X11; Linux x86_64)"
172.67.211.55 - - [16/May/2026:18:32:15 +0000] "POST /contact HTTP/1.1" 302 7441 "-" "python-requests/2.31.0"
91.240.118.172 - - [16/May/2026:18:32:16 +0000] "GET /login HTTP/1.1" 200 2113 "-" "Mozilla/5.0 (Windows NT 10.0; Win64; x64)"
172.67.211.55 - - [16/May/2026:18:32:16 +0000] "POST /api/search?q=laptop HTTP/1.1" 200 4493 "-" "Mozilla/5.0 (Windows NT 10.0; Win64; x64)"
45.83.64.12 - - [16/May/2026:18:32:17 +0000] "POST /register HTTP/1.1" 200 7684 "-" "Mozilla/5.0 (Macintosh; Intel Mac OS X 10_15_7)"
84.17.44.201 - - [16/May/2026:18:32:18 +0000] "GET /assets/logo.png HTTP/1.1" 301 3298 "-" "Mozilla/5.0 (Windows NT 10.0; Win64; x64)"
84.17.44.201 - - [16/May/2026:18:32:19 +0000] "GET /assets/banner.jpg HTTP/1.1" 200 10501 "-" "Mozilla/5.0 (Macintosh; Intel Mac OS X 10_15_7)"
104.26.12.44 - - [16/May/2026:18:32:19 +0000] "GET /checkout HTTP/1.1" 200 6982 "-" "python-requests/2.31.0"
91.240.118.172 - - [16/May/2026:18:32:20 +0000] "POST /products HTTP/1.1" 301 1348 "-" "Mozilla/5.0 (Windows NT 10.0; Win64; x64)"
172.67.211.55 - - [16/May/2026:18:32:20 +0000] "POST /home HTTP/1.1" 200 3080 "-" "curl/7.88.1"
172.67.211.55 - - [16/May/2026:18:32:21 +0000] "GET /home HTTP/1.1" 200 9195 "-" "Mozilla/5.0 (X11; Linux x86_64)"
84.17.44.201 - - [16/May/2026:18:32:21 +0000] "POST /assets/logo.png HTTP/1.1" 200 3991 "-" "Mozilla/5.0 (X11; Linux x86_64)"
104.26.12.44 - - [16/May/2026:18:32:21 +0000] "POST /home HTTP/1.1" 200 11595 "-" "Mozilla/5.0 (X11; Linux x86_64)"
104.26.12.44 - - [16/May/2026:18:32:22 +0000] "GET /register HTTP/1.1" 200 7393 "-" "python-requests/2.31.0"
84.17.44.201 - - [16/May/2026:18:32:22 +0000] "GET /cart HTTP/1.1" 302 7284 "-" "Mozilla/5.0 (Windows NT 10.0; Win64; x64)"
104.26.12.44 - - [16/May/2026:18:32:23 +0000] "POST /cart HTTP/1.1" 301 5339 "-" "Mozilla/5.0 (X11; Linux x86_64)"
91.240.118.172 - - [16/May/2026:18:32:23 +0000] "GET /api/search?q=headphones HTTP/1.1" 200 4539 "-" "curl/7.88.1"
84.17.44.201 - - [16/May/2026:18:32:23 +0000] "GET /register HTTP/1.1" 200 1657 "-" "curl/7.88.1"
84.17.44.201 - - [16/May/2026:18:32:23 +0000] "GET /cart HTTP/1.1" 200 10676 "-" "python-requests/2.31.0"
185.220.101.45 - - [16/May/2026:18:32:23 +0000] "GET /server-status HTTP/1.1" 404 1416 "-" "Mozilla/5.0 (Macintosh; Intel Mac OS X 10_15_7)"
104.26.12.44 - - [16/May/2026:18:32:24 +0000] "GET /api/search?q=laptop HTTP/1.1" 200 889 "-" "python-requests/2.31.0"
104.26.12.44 - - [16/May/2026:18:32:24 +0000] "GET /api/search?q=headphones HTTP/1.1" 200 4304 "-" "Mozilla/5.0 (Macintosh; Intel Mac OS X 10_15_7)"
104.26.12.44 - - [16/May/2026:18:32:24 +0000] "GET /register HTTP/1.1" 200 11755 "-" "python-requests/2.31.0"
172.67.211.55 - - [16/May/2026:18:32:25 +0000] "GET /api/search?q=headphones HTTP/1.1" 200 7422 "-" "python-requests/2.31.0"
45.83.64.12 - - [16/May/2026:18:32:25 +0000] "GET / HTTP/1.1" 200 4261 "-" "Mozilla/5.0 (Windows NT 10.0; Win64; x64)"
91.240.118.172 - - [16/May/2026:18:32:25 +0000] "GET /login HTTP/1.1" 301 3997 "-" "curl/7.88.1"
84.17.44.201 - - [16/May/2026:18:32:25 +0000] "POST /login HTTP/1.1" 301 9403 "-" "curl/7.88.1"
45.83.64.12 - - [16/May/2026:18:32:26 +0000] "GET /login HTTP/1.1" 302 4175 "-" "Mozilla/5.0 (Macintosh; Intel Mac OS X 10_15_7)"
84.17.44.201 - - [16/May/2026:18:32:26 +0000] "GET / HTTP/1.1" 301 3152 "-" "python-requests/2.31.0"
91.240.118.172 - - [16/May/2026:18:32:26 +0000] "POST /assets/logo.png HTTP/1.1" 302 6459 "-" "Mozilla/5.0 (X11; Linux x86_64)"
104.26.12.44 - - [16/May/2026:18:32:26 +0000] "GET /api/search?q=laptop HTTP/1.1" 302 10304 "-" "python-requests/2.31.0"
89.248.165.74 - - [16/May/2026:18:32:26 +0000] "POST /login HTTP/1.1" 401 1838 "-" "Mozilla/5.0 (Windows NT 10.0; Win64; x64)"
104.26.12.44 - - [16/May/2026:18:32:27 +0000] "GET /assets/logo.png HTTP/1.1" 200 4705 "-" "Mozilla/5.0 (Windows NT 10.0; Win64; x64)"
172.67.211.55 - - [16/May/2026:18:32:27 +0000] "GET /api/search?q=laptop HTTP/1.1" 200 11110 "-" "Mozilla/5.0 (X11; Linux x86_64)"
91.240.118.172 - - [16/May/2026:18:32:27 +0000] "GET /contact HTTP/1.1" 200 4295 "-" "curl/7.88.1"
91.240.118.172 - - [16/May/2026:18:32:28 +0000] "GET /assets/banner.jpg HTTP/1.1" 200 10278 "-" "python-requests/2.31.0"
172.67.211.55 - - [16/May/2026:18:32:29 +0000] "POST /home HTTP/1.1" 200 3646 "-" "Mozilla/5.0 (X11; Linux x86_64)"
172.67.211.55 - - [16/May/2026:18:32:29 +0000] "POST / HTTP/1.1" 200 2483 "-" "python-requests/2.31.0"
172.67.211.55 - - [16/May/2026:18:32:29 +0000] "GET / HTTP/1.1" 302 5374 "-" "python-requests/2.31.0"
91.240.118.172 - - [16/May/2026:18:32:30 +0000] "GET /checkout HTTP/1.1" 301 6911 "-" "Mozilla/5.0 (X11; Linux x86_64)"
104.26.12.44 - - [16/May/2026:18:32:31 +0000] "POST /contact HTTP/1.1" 302 10634 "-" "Mozilla/5.0 (Macintosh; Intel Mac OS X 10_15_7)"
84.17.44.201 - - [16/May/2026:18:32:31 +0000] "POST /login HTTP/1.1" 302 9004 "-" "curl/7.88.1"
91.240.118.172 - - [16/May/2026:18:32:31 +0000] "GET /contact HTTP/1.1" 200 7158 "-" "Mozilla/5.0 (Windows NT 10.0; Win64; x64)"
172.67.211.55 - - [16/May/2026:18:32:31 +0000] "POST /assets/banner.jpg HTTP/1.1" 200 10128 "-" "Mozilla/5.0 (X11; Linux x86_64)"
84.17.44.201 - - [16/May/2026:18:32:32 +0000] "GET /register HTTP/1.1" 302 1484 "-" "python-requests/2.31.0"
45.83.64.12 - - [16/May/2026:18:32:33 +0000] "GET /assets/logo.png HTTP/1.1" 200 7768 "-" "Mozilla/5.0 (Macintosh; Intel Mac OS X 10_15_7)"
91.240.118.172 - - [16/May/2026:18:32:33 +0000] "POST /checkout HTTP/1.1" 302 1777 "-" "python-requests/2.31.0"
172.67.211.55 - - [16/May/2026:18:32:33 +0000] "GET /assets/logo.png HTTP/1.1" 302 5636 "-" "python-requests/2.31.0"
91.240.118.172 - - [16/May/2026:18:32:33 +0000] "POST /assets/banner.jpg HTTP/1.1" 302 9650 "-" "curl/7.88.1"
91.240.118.172 - - [16/May/2026:18:32:34 +0000] "POST /assets/banner.jpg HTTP/1.1" 200 2984 "-" "Mozilla/5.0 (Windows NT 10.0; Win64; x64)"
172.67.211.55 - - [16/May/2026:18:32:34 +0000] "GET /login HTTP/1.1" 200 1438 "-" "Mozilla/5.0 (X11; Linux x86_64)"
45.83.64.12 - - [16/May/2026:18:32:35 +0000] "POST /home HTTP/1.1" 200 2745 "-" "Mozilla/5.0 (Macintosh; Intel Mac OS X 10_15_7)"
104.26.12.44 - - [16/May/2026:18:32:36 +0000] "POST /home HTTP/1.1" 302 5176 "-" "curl/7.88.1"
91.240.118.172 - - [16/May/2026:18:32:37 +0000] "POST /register HTTP/1.1" 302 3577 "-" "Mozilla/5.0 (Windows NT 10.0; Win64; x64)"
91.240.118.172 - - [16/May/2026:18:32:38 +0000] "POST /assets/banner.jpg HTTP/1.1" 200 9716 "-" "curl/7.88.1"
104.26.12.44 - - [16/May/2026:18:32:38 +0000] "POST /assets/logo.png HTTP/1.1" 200 9330 "-" "Mozilla/5.0 (Macintosh; Intel Mac OS X 10_15_7)"
45.83.64.12 - - [16/May/2026:18:32:39 +0000] "POST /register HTTP/1.1" 301 4789 "-" "Mozilla/5.0 (Macintosh; Intel Mac OS X 10_15_7)"
91.240.118.172 - - [16/May/2026:18:32:39 +0000] "GET / HTTP/1.1" 302 8962 "-" "Mozilla/5.0 (Windows NT 10.0; Win64; x64)"
91.240.118.172 - - [16/May/2026:18:32:39 +0000] "GET /cart HTTP/1.1" 302 3325 "-" "Mozilla/5.0 (Windows NT 10.0; Win64; x64)"
104.26.12.44 - - [16/May/2026:18:32:39 +0000] "POST /checkout HTTP/1.1" 302 3815 "-" "curl/7.88.1"
104.26.12.44 - - [16/May/2026:18:32:40 +0000] "POST /home HTTP/1.1" 200 8292 "-" "curl/7.88.1"
45.83.64.12 - - [16/May/2026:18:32:40 +0000] "GET / HTTP/1.1" 301 9899 "-" "curl/7.88.1"
91.240.118.172 - - [16/May/2026:18:32:40 +0000] "POST /cart HTTP/1.1" 200 982 "-" "Mozilla/5.0 (Windows NT 10.0; Win64; x64)"
45.83.64.12 - - [16/May/2026:18:32:41 +0000] "GET /api/search?q=laptop HTTP/1.1" 301 5376 "-" "python-requests/2.31.0"
104.26.12.44 - - [16/May/2026:18:32:41 +0000] "POST /assets/banner.jpg HTTP/1.1" 200 8469 "-" "curl/7.88.1"
45.83.64.12 - - [16/May/2026:18:32:42 +0000] "POST /products HTTP/1.1" 302 10230 "-" "Mozilla/5.0 (Windows NT 10.0; Win64; x64)"
172.67.211.55 - - [16/May/2026:18:32:42 +0000] "GET /cart HTTP/1.1" 301 9887 "-" "Mozilla/5.0 (Windows NT 10.0; Win64; x64)"
172.67.211.55 - - [16/May/2026:18:32:42 +0000] "GET /home HTTP/1.1" 301 3630 "-" "Mozilla/5.0 (Macintosh; Intel Mac OS X 10_15_7)"
104.26.12.44 - - [16/May/2026:18:32:42 +0000] "GET /assets/logo.png HTTP/1.1" 302 7984 "-" "curl/7.88.1"
84.17.44.201 - - [16/May/2026:18:32:43 +0000] "POST /assets/logo.png HTTP/1.1" 301 5774 "-" "Mozilla/5.0 (Windows NT 10.0; Win64; x64)"
45.83.64.12 - - [16/May/2026:18:32:44 +0000] "GET /checkout HTTP/1.1" 200 6353 "-" "Mozilla/5.0 (Macintosh; Intel Mac OS X 10_15_7)"
91.240.118.172 - - [16/May/2026:18:32:44 +0000] "GET /cart HTTP/1.1" 301 540 "-" "Mozilla/5.0 (Windows NT 10.0; Win64; x64)"
91.240.118.172 - - [16/May/2026:18:32:44 +0000] "GET / HTTP/1.1" 301 10568 "-" "Mozilla/5.0 (Windows NT 10.0; Win64; x64)"
91.240.118.172 - - [16/May/2026:18:32:44 +0000] "POST /contact HTTP/1.1" 200 8681 "-" "python-requests/2.31.0"
91.240.118.172 - - [16/May/2026:18:32:45 +0000] "GET /api/search?q=laptop HTTP/1.1" 200 2287 "-" "curl/7.88.1"
91.240.118.172 - - [16/May/2026:18:32:45 +0000] "GET /checkout HTTP/1.1" 200 401 "-" "Mozilla/5.0 (X11; Linux x86_64)"
84.17.44.201 - - [16/May/2026:18:32:46 +0000] "GET /assets/logo.png HTTP/1.1" 200 6074 "-" "Mozilla/5.0 (X11; Linux x86_64)"
104.26.12.44 - - [16/May/2026:18:32:46 +0000] "GET /register HTTP/1.1" 200 10269 "-" "curl/7.88.1"
172.67.211.55 - - [16/May/2026:18:32:47 +0000] "GET /api/search?q=laptop HTTP/1.1" 200 6177 "-" "curl/7.88.1"
172.67.211.55 - - [16/May/2026:18:32:47 +0000] "GET /checkout HTTP/1.1" 302 3722 "-" "curl/7.88.1"
45.95.147.21 - - [16/May/2026:18:32:47 +0000] "GET /phpmyadmin HTTP/1.1" 404 1402 "-" "curl/7.88.1"
84.17.44.201 - - [16/May/2026:18:32:48 +0000] "GET /checkout HTTP/1.1" 200 5624 "-" "Mozilla/5.0 (Macintosh; Intel Mac OS X 10_15_7)"
45.83.64.12 - - [16/May/2026:18:32:48 +0000] "GET /cart HTTP/1.1" 200 10882 "-" "curl/7.88.1"
84.17.44.201 - - [16/May/2026:18:32:48 +0000] "POST /contact HTTP/1.1" 200 533 "-" "Mozilla/5.0 (Macintosh; Intel Mac OS X 10_15_7)"
45.83.64.12 - - [16/May/2026:18:32:49 +0000] "POST /api/search?q=headphones HTTP/1.1" 200 8085 "-" "Mozilla/5.0 (Windows NT 10.0; Win64; x64)"
172.67.211.55 - - [16/May/2026:18:32:49 +0000] "GET /api/search?q=laptop HTTP/1.1" 200 9186 "-" "Mozilla/5.0 (X11; Linux x86_64)"
104.26.12.44 - - [16/May/2026:18:32:50 +0000] "GET /api/search?q=headphones HTTP/1.1" 301 671 "-" "Mozilla/5.0 (X11; Linux x86_64)"
91.240.118.172 - - [16/May/2026:18:32:50 +0000] "POST /register HTTP/1.1" 200 9582 "-" "Mozilla/5.0 (Macintosh; Intel Mac OS X 10_15_7)"
45.83.64.12 - - [16/May/2026:18:32:51 +0000] "POST /assets/banner.jpg HTTP/1.1" 200 5803 "-" "Mozilla/5.0 (Windows NT 10.0; Win64; x64)"
172.67.211.55 - - [16/May/2026:18:32:51 +0000] "POST /checkout HTTP/1.1" 302 3514 "-" "Mozilla/5.0 (X11; Linux x86_64)"
84.17.44.201 - - [16/May/2026:18:32:51 +0000] "GET /api/search?q=laptop HTTP/1.1" 302 3584 "-" "Mozilla/5.0 (X11; Linux x86_64)"
172.67.211.55 - - [16/May/2026:18:32:52 +0000] "POST /contact HTTP/1.1" 200 3330 "-" "Mozilla/5.0 (Macintosh; Intel Mac OS X 10_15_7)"
84.17.44.201 - - [16/May/2026:18:32:52 +0000] "POST /login HTTP/1.1" 200 579 "-" "python-requests/2.31.0"
172.67.211.55 - - [16/May/2026:18:32:52 +0000] "POST /checkout HTTP/1.1" 302 6102 "-" "curl/7.88.1"
172.67.211.55 - - [16/May/2026:18:32:52 +0000] "POST /assets/banner.jpg HTTP/1.1" 200 9896 "-" "curl/7.88.1"
172.67.211.55 - - [16/May/2026:18:32:52 +0000] "GET /register HTTP/1.1" 301 1122 "-" "Mozilla/5.0 (X11; Linux x86_64)"
91.240.118.172 - - [16/May/2026:18:32:52 +0000] "GET /login HTTP/1.1" 302 1387 "-" "Mozilla/5.0 (Windows NT 10.0; Win64; x64)"
172.67.211.55 - - [16/May/2026:18:32:52 +0000] "POST /register HTTP/1.1" 301 6030 "-" "python-requests/2.31.0"
104.26.12.44 - - [16/May/2026:18:32:52 +0000] "POST /api/search?q=laptop HTTP/1.1" 200 9400 "-" "Mozilla/5.0 (X11; Linux x86_64)"
84.17.44.201 - - [16/May/2026:18:32:52 +0000] "GET /contact HTTP/1.1" 200 540 "-" "Mozilla/5.0 (Macintosh; Intel Mac OS X 10_15_7)"
84.17.44.201 - - [16/May/2026:18:32:52 +0000] "GET /cart HTTP/1.1" 200 5541 "-" "python-requests/2.31.0"
84.17.44.201 - - [16/May/2026:18:32:52 +0000] "GET /api/search?q=laptop HTTP/1.1" 200 9357 "-" "python-requests/2.31.0"
45.83.64.12 - - [16/May/2026:18:32:52 +0000] "GET /login HTTP/1.1" 301 5241 "-" "python-requests/2.31.0"
45.83.64.12 - - [16/May/2026:18:32:52 +0000] "GET /api/search?q=headphones HTTP/1.1" 301 3641 "-" "curl/7.88.1"
172.67.211.55 - - [16/May/2026:18:32:52 +0000] "GET /home HTTP/1.1" 301 11155 "-" "python-requests/2.31.0"
91.240.118.172 - - [16/May/2026:18:32:52 +0000] "GET /login HTTP/1.1" 200 6215 "-" "Mozilla/5.0 (Macintosh; Intel Mac OS X 10_15_7)"
45.83.64.12 - - [16/May/2026:18:32:52 +0000] "GET /register HTTP/1.1" 200 7842 "-" "Mozilla/5.0 (Macintosh; Intel Mac OS X 10_15_7)"
172.67.211.55 - - [16/May/2026:18:32:53 +0000] "POST /contact HTTP/1.1" 200 11773 "-" "Mozilla/5.0 (Windows NT 10.0; Win64; x64)"
104.26.12.44 - - [16/May/2026:18:32:54 +0000] "POST /api/search?q=laptop HTTP/1.1" 200 5686 "-" "python-requests/2.31.0"
91.240.118.172 - - [16/May/2026:18:32:54 +0000] "POST /assets/logo.png HTTP/1.1" 200 11151 "-" "Mozilla/5.0 (Macintosh; Intel Mac OS X 10_15_7)"
84.17.44.201 - - [16/May/2026:18:32:54 +0000] "POST /api/search?q=laptop HTTP/1.1" 200 5171 "-" "Mozilla/5.0 (Windows NT 10.0; Win64; x64)"
45.83.64.12 - - [16/May/2026:18:32:55 +0000] "POST /assets/logo.png HTTP/1.1" 200 5152 "-" "Mozilla/5.0 (Macintosh; Intel Mac OS X 10_15_7)"
45.83.64.12 - - [16/May/2026:18:32:56 +0000] "GET /api/search?q=laptop HTTP/1.1" 301 4143 "-" "Mozilla/5.0 (Windows NT 10.0; Win64; x64)"
91.240.118.172 - - [16/May/2026:18:32:56 +0000] "GET /api/search?q=headphones HTTP/1.1" 200 3553 "-" "curl/7.88.1"
172.67.211.55 - - [16/May/2026:18:32:56 +0000] "POST /api/search?q=headphones HTTP/1.1" 200 6021 "-" "Mozilla/5.0 (X11; Linux x86_64)"
172.67.211.55 - - [16/May/2026:18:32:56 +0000] "GET /assets/banner.jpg HTTP/1.1" 301 1847 "-" "curl/7.88.1"
45.83.64.12 - - [16/May/2026:18:32:57 +0000] "GET /contact HTTP/1.1" 301 9850 "-" "Mozilla/5.0 (Windows NT 10.0; Win64; x64)"
91.240.118.172 - - [16/May/2026:18:32:58 +0000] "POST /cart HTTP/1.1" 302 8699 "-" "Mozilla/5.0 (Windows NT 10.0; Win64; x64)"
104.26.12.44 - - [16/May/2026:18:32:59 +0000] "GET /contact HTTP/1.1" 301 4279 "-" "python-requests/2.31.0"
104.26.12.44 - - [16/May/2026:18:32:59 +0000] "POST /home HTTP/1.1" 200 8892 "-" "python-requests/2.31.0"
91.240.118.172 - - [16/May/2026:18:33:00 +0000] "POST /login HTTP/1.1" 200 10982 "-" "curl/7.88.1"
45.83.64.12 - - [16/May/2026:18:33:00 +0000] "POST /api/search?q=headphones HTTP/1.1" 200 1177 "-" "Mozilla/5.0 (Macintosh; Intel Mac OS X 10_15_7)"
104.26.12.44 - - [16/May/2026:18:33:00 +0000] "POST /api/search?q=headphones HTTP/1.1" 302 9482 "-" "Mozilla/5.0 (Macintosh; Intel Mac OS X 10_15_7)"
89.248.165.74 - - [16/May/2026:18:33:00 +0000] "POST /login HTTP/1.1" 401 880 "-" "Mozilla/5.0 (X11; Linux x86_64)"
104.26.12.44 - - [16/May/2026:18:33:01 +0000] "GET /home HTTP/1.1" 200 5657 "-" "Mozilla/5.0 (X11; Linux x86_64)"
45.83.64.12 - - [16/May/2026:18:33:01 +0000] "GET /checkout HTTP/1.1" 200 6019 "-" "Mozilla/5.0 (X11; Linux x86_64)"
104.26.12.44 - - [16/May/2026:18:33:01 +0000] "GET /contact HTTP/1.1" 200 3187 "-" "curl/7.88.1"
84.17.44.201 - - [16/May/2026:18:33:02 +0000] "POST /checkout HTTP/1.1" 200 8078 "-" "Mozilla/5.0 (Windows NT 10.0; Win64; x64)"
84.17.44.201 - - [16/May/2026:18:33:02 +0000] "GET /products HTTP/1.1" 302 2004 "-" "python-requests/2.31.0"
45.83.64.12 - - [16/May/2026:18:33:02 +0000] "GET /assets/banner.jpg HTTP/1.1" 200 10294 "-" "Mozilla/5.0 (X11; Linux x86_64)"
45.83.64.12 - - [16/May/2026:18:33:03 +0000] "GET /api/search?q=headphones HTTP/1.1" 200 7994 "-" "Mozilla/5.0 (X11; Linux x86_64)"
104.26.12.44 - - [16/May/2026:18:33:03 +0000] "GET /register HTTP/1.1" 200 6207 "-" "Mozilla/5.0 (Macintosh; Intel Mac OS X 10_15_7)"
45.83.64.12 - - [16/May/2026:18:33:03 +0000] "POST /api/search?q=laptop HTTP/1.1" 200 9614 "-" "Mozilla/5.0 (Windows NT 10.0; Win64; x64)"
103.145.13.99 - - [16/May/2026:18:33:03 +0000] "GET /server-status HTTP/1.1" 401 964 "-" "Mozilla/5.0 (X11; Linux x86_64)"
45.83.64.12 - - [16/May/2026:18:33:04 +0000] "POST /home HTTP/1.1" 200 3034 "-" "Mozilla/5.0 (X11; Linux x86_64)"
104.26.12.44 - - [16/May/2026:18:33:04 +0000] "POST /checkout HTTP/1.1" 200 7745 "-" "curl/7.88.1"
91.240.118.172 - - [16/May/2026:18:33:05 +0000] "GET /checkout HTTP/1.1" 301 3881 "-" "Mozilla/5.0 (Windows NT 10.0; Win64; x64)"
45.83.64.12 - - [16/May/2026:18:33:05 +0000] "POST /checkout HTTP/1.1" 200 6514 "-" "Mozilla/5.0 (Windows NT 10.0; Win64; x64)"
172.67.211.55 - - [16/May/2026:18:33:06 +0000] "POST /cart HTTP/1.1" 301 2911 "-" "Mozilla/5.0 (X11; Linux x86_64)"
104.26.12.44 - - [16/May/2026:18:33:07 +0000] "POST /login HTTP/1.1" 200 1825 "-" "python-requests/2.31.0"
45.83.64.12 - - [16/May/2026:18:33:08 +0000] "POST /api/search?q=headphones HTTP/1.1" 302 6789 "-" "Mozilla/5.0 (X11; Linux x86_64)"
172.67.211.55 - - [16/May/2026:18:33:08 +0000] "GET /login HTTP/1.1" 301 10395 "-" "Mozilla/5.0 (Macintosh; Intel Mac OS X 10_15_7)"
45.83.64.12 - - [16/May/2026:18:33:08 +0000] "POST /api/search?q=laptop HTTP/1.1" 302 8120 "-" "Mozilla/5.0 (X11; Linux x86_64)"
104.26.12.44 - - [16/May/2026:18:33:08 +0000] "POST /assets/banner.jpg HTTP/1.1" 301 8691 "-" "Mozilla/5.0 (Macintosh; Intel Mac OS X 10_15_7)"
104.26.12.44 - - [16/May/2026:18:33:09 +0000] "POST / HTTP/1.1" 200 5668 "-" "Mozilla/5.0 (X11; Linux x86_64)"
84.17.44.201 - - [16/May/2026:18:33:10 +0000] "POST /products HTTP/1.1" 200 8836 "-" "Mozilla/5.0 (X11; Linux x86_64)"
104.26.12.44 - - [16/May/2026:18:33:10 +0000] "POST /products HTTP/1.1" 302 1900 "-" "python-requests/2.31.0"
45.83.64.12 - - [16/May/2026:18:33:10 +0000] "GET / HTTP/1.1" 200 11188 "-" "Mozilla/5.0 (Macintosh; Intel Mac OS X 10_15_7)"
91.240.118.172 - - [16/May/2026:18:33:10 +0000] "POST /login HTTP/1.1" 200 7913 "-" "Mozilla/5.0 (Macintosh; Intel Mac OS X 10_15_7)"
91.240.118.172 - - [16/May/2026:18:33:11 +0000] "GET /contact HTTP/1.1" 301 6128 "-" "Mozilla/5.0 (Windows NT 10.0; Win64; x64)"
84.17.44.201 - - [16/May/2026:18:33:11 +0000] "GET /login HTTP/1.1" 301 7395 "-" "Mozilla/5.0 (X11; Linux x86_64)"
84.17.44.201 - - [16/May/2026:18:33:12 +0000] "POST /cart HTTP/1.1" 302 9407 "-" "python-requests/2.31.0"
172.67.211.55 - - [16/May/2026:18:33:12 +0000] "GET /contact HTTP/1.1" 200 10836 "-" "python-requests/2.31.0"
84.17.44.201 - - [16/May/2026:18:33:12 +0000] "GET /assets/logo.png HTTP/1.1" 301 5998 "-" "Mozilla/5.0 (X11; Linux x86_64)"
91.240.118.172 - - [16/May/2026:18:33:12 +0000] "GET /login HTTP/1.1" 200 5017 "-" "python-requests/2.31.0"
104.26.12.44 - - [16/May/2026:18:33:13 +0000] "POST /assets/banner.jpg HTTP/1.1" 301 7147 "-" "Mozilla/5.0 (Windows NT 10.0; Win64; x64)"
172.67.211.55 - - [16/May/2026:18:33:13 +0000] "POST /contact HTTP/1.1" 301 10469 "-" "curl/7.88.1"
104.26.12.44 - - [16/May/2026:18:33:13 +0000] "POST /contact HTTP/1.1" 302 714 "-" "curl/7.88.1"
84.17.44.201 - - [16/May/2026:18:33:14 +0000] "POST /login HTTP/1.1" 200 3807 "-" "Mozilla/5.0 (Windows NT 10.0; Win64; x64)"
104.26.12.44 - - [16/May/2026:18:33:14 +0000] "POST /assets/banner.jpg HTTP/1.1" 200 1748 "-" "Mozilla/5.0 (Macintosh; Intel Mac OS X 10_15_7)"
104.26.12.44 - - [16/May/2026:18:33:15 +0000] "POST /cart HTTP/1.1" 200 6223 "-" "curl/7.88.1"
45.83.64.12 - - [16/May/2026:18:33:15 +0000] "POST /assets/banner.jpg HTTP/1.1" 200 2306 "-" "curl/7.88.1"
