104.26.12.44 - - [16/May/2026:18:23:59 +0000] "GET /products HTTP/1.1" 200 6931 "-" "Mozilla/5.0 (Macintosh; Intel Mac OS X 10_15_7)"
104.26.12.44 - - [16/May/2026:18:24:00 +0000] "GET /register HTTP/1.1" 302 660 "-" "Mozilla/5.0 (Windows NT 10.0; Win64; x64)"
84.17.44.201 - - [16/May/2026:18:24:00 +0000] "POST /register HTTP/1.1" 301 9578 "-" "python-requests/2.31.0"
172.67.211.55 - - [16/May/2026:18:24:01 +0000] "POST /contact HTTP/1.1" 200 4052 "-" "Mozilla/5.0 (Macintosh; Intel Mac OS X 10_15_7)"
45.83.64.12 - - [16/May/2026:18:24:01 +0000] "GET /contact HTTP/1.1" 301 10573 "-" "Mozilla/5.0 (Windows NT 10.0; Win64; x64)"
45.83.64.12 - - [16/May/2026:18:24:01 +0000] "POST /login HTTP/1.1" 200 2316 "-" "curl/7.88.1"
84.17.44.201 - - [16/May/2026:18:24:02 +0000] "POST /home HTTP/1.1" 200 1731 "-" "Mozilla/5.0 (Macintosh; Intel Mac OS X 10_15_7)"
84.17.44.201 - - [16/May/2026:18:24:02 +0000] "GET /login HTTP/1.1" 200 1338 "-" "Mozilla/5.0 (X11; Linux x86_64)"
45.83.64.12 - - [16/May/2026:18:24:02 +0000] "POST /api/search?q=headphones HTTP/1.1" 200 3212 "-" "Mozilla/5.0 (Windows NT 10.0; Win64; x64)"
103.145.13.99 - - [16/May/2026:18:24:02 +0000] "GET /server-status HTTP/1.1" 403 211 "-" "Mozilla/5.0 (Macintosh; Intel Mac OS X 10_15_7)"
84.17.44.201 - - [16/May/2026:18:24:03 +0000] "POST /login HTTP/1.1" 301 2725 "-" "Mozilla/5.0 (X11; Linux x86_64)"
84.17.44.201 - - [16/May/2026:18:24:03 +0000] "POST /register HTTP/1.1" 302 11062 "-" "python-requests/2.31.0"
45.83.64.12 - - [16/May/2026:18:24:03 +0000] "GET /login HTTP/1.1" 200 11356 "-" "curl/7.88.1"
104.26.12.44 - - [16/May/2026:18:24:03 +0000] "POST /api/search?q=laptop HTTP/1.1" 301 7951 "-" "python-requests/2.31.0"
45.83.64.12 - - [16/May/2026:18:24:04 +0000] "GET /home HTTP/1.1" 200 9057 "-" "curl/7.88.1"
104.26.12.44 - - [16/May/2026:18:24:04 +0000] "POST /login HTTP/1.1" 200 6973 "-" "Mozilla/5.0 (Windows NT 10.0; Win64; x64)"
45.83.64.12 - - [16/May/2026:18:24:05 +0000] "POST /assets/banner.jpg HTTP/1.1" 200 10848 "-" "Mozilla/5.0 (Macintosh; Intel Mac OS X 10_15_7)"
84.17.44.201 - - [16/May/2026:18:24:05 +0000] "POST /assets/logo.png HTTP/1.1" 200 9116 "-" "curl/7.88.1"
91.240.118.172 - - [16/May/2026:18:24:06 +0000] "GET /cart HTTP/1.1" 301 7503 "-" "python-requests/2.31.0"
45.83.64.12 - - [16/May/2026:18:24:06 +0000] "POST /assets/banner.jpg HTTP/1.1" 200 6926 "-" "curl/7.88.1"
104.26.12.44 - - [16/May/2026:18:24:06 +0000] "POST /products HTTP/1.1" 301 1737 "-" "python-requests/2.31.0"
84.17.44.201 - - [16/May/2026:18:24:06 +0000] "GET /products HTTP/1.1" 200 11067 "-" "curl/7.88.1"
104.26.12.44 - - [16/May/2026:18:24:07 +0000] "GET /login HTTP/1.1" 200 5751 "-" "python-requests/2.31.0"
91.240.118.172 - - [16/May/2026:18:24:07 +0000] "POST /api/search?q=headphones HTTP/1.1" 200 9214 "-" "curl/7.88.1"
172.67.211.55 - - [16/May/2026:18:24:07 +0000] "POST /checkout HTTP/1.1" 301 10408 "-" "python-requests/2.31.0"
45.83.64.12 - - [16/May/2026:18:24:08 +0000] "GET /checkout HTTP/1.1" 301 10971 "-" "Mozilla/5.0 (Windows NT 10.0; Win64; x64)"
172.67.211.55 - - [16/May/2026:18:24:08 +0000] "GET /products HTTP/1.1" 200 11279 "-" "curl/7.88.1"
172.67.211.55 - - [16/May/2026:18:24:08 +0000] "GET /api/search?q=laptop HTTP/1.1" 200 11449 "-" "python-requests/2.31.0"
45.83.64.12 - - [16/May/2026:18:24:08 +0000] "GET / HTTP/1.1" 301 9523 "-" "curl/7.88.1"
103.145.13.99 - - [16/May/2026:18:24:08 +0000] "GET /xmlrpc.php HTTP/1.1" 404 503 "-" "Mozilla/5.0 (X11; Linux x86_64)"
84.17.44.201 - - [16/May/2026:18:24:09 +0000] "POST /checkout HTTP/1.1" 301 11480 "-" "Mozilla/5.0 (Macintosh; Intel Mac OS X 10_15_7)"
45.83.64.12 - - [16/May/2026:18:24:10 +0000] "POST /cart HTTP/1.1" 200 5974 "-" "python-requests/2.31.0"
104.26.12.44 - - [16/May/2026:18:24:10 +0000] "POST /login HTTP/1.1" 302 10744 "-" "Mozilla/5.0 (X11; Linux x86_64)"
172.67.211.55 - - [16/May/2026:18:24:10 +0000] "POST /assets/banner.jpg HTTP/1.1" 301 8884 "-" "curl/7.88.1"
84.17.44.201 - - [16/May/2026:18:24:10 +0000] "GET /register HTTP/1.1" 302 8324 "-" "python-requests/2.31.0"
45.83.64.12 - - [16/May/2026:18:24:11 +0000] "POST /register HTTP/1.1" 301 9958 "-" "Mozilla/5.0 (X11; Linux x86_64)"
45.83.64.12 - - [16/May/2026:18:24:11 +0000] "GET /register HTTP/1.1" 200 10918 "-" "Mozilla/5.0 (Windows NT 10.0; Win64; x64)"
104.26.12.44 - - [16/May/2026:18:24:11 +0000] "POST /assets/banner.jpg HTTP/1.1" 301 8939 "-" "Mozilla/5.0 (Macintosh; Intel Mac OS X 10_15_7)"
91.240.118.172 - - [16/May/2026:18:24:12 +0000] "POST /assets/logo.png HTTP/1.1" 200 11116 "-" "Mozilla/5.0 (X11; Linux x86_64)"
104.26.12.44 - - [16/May/2026:18:24:12 +0000] "GET /checkout HTTP/1.1" 200 11433 "-" "curl/7.88.1"
84.17.44.201 - - [16/May/2026:18:24:13 +0000] "GET /checkout HTTP/1.1" 200 6346 "-" "python-requests/2.31.0"
172.67.211.55 - - [16/May/2026:18:24:13 +0000] "POST /home HTTP/1.1" 200 4345 "-" "Mozilla/5.0 (Windows NT 10.0; Win64; x64)"
91.240.118.172 - - [16/May/2026:18:24:14 +0000] "GET /checkout HTTP/1.1" 200 11808 "-" "Mozilla/5.0 (Windows NT 10.0; Win64; x64)"
91.240.118.172 - - [16/May/2026:18:24:14 +0000] "GET /home HTTP/1.1" 200 7347 "-" "curl/7.88.1"
172.67.211.55 - - [16/May/2026:18:24:14 +0000] "GET /api/search?q=laptop HTTP/1.1" 302 1703 "-" "Mozilla/5.0 (Windows NT 10.0; Win64; x64)"
45.83.64.12 - - [16/May/2026:18:24:15 +0000] "POST /assets/logo.png HTTP/1.1" 200 9603 "-" "curl/7.88.1"
104.26.12.44 - - [16/May/2026:18:24:15 +0000] "POST /assets/logo.png HTTP/1.1" 200 11958 "-" "curl/7.88.1"
172.67.211.55 - - [16/May/2026:18:24:16 +0000] "POST /api/search?q=laptop HTTP/1.1" 200 3989 "-" "Mozilla/5.0 (X11; Linux x86_64)"
84.17.44.201 - - [16/May/2026:18:24:16 +0000] "POST /login HTTP/1.1" 302 1076 "-" "curl/7.88.1"
45.83.64.12 - - [16/May/2026:18:24:17 +0000] "GET /register HTTP/1.1" 302 9310 "-" "Mozilla/5.0 (Macintosh; Intel Mac OS X 10_15_7)"
104.26.12.44 - - [16/May/2026:18:24:17 +0000] "GET /cart HTTP/1.1" 200 1162 "-" "Mozilla/5.0 (Macintosh; Intel Mac OS X 10_15_7)"
91.240.118.172 - - [16/May/2026:18:24:17 +0000] "POST /cart HTTP/1.1" 302 11487 "-" "Mozilla/5.0 (X11; Linux x86_64)"
104.26.12.44 - - [16/May/2026:18:24:17 +0000] "POST /register HTTP/1.1" 301 696 "-" "Mozilla/5.0 (Macintosh; Intel Mac OS X 10_15_7)"
185.220.101.45 - - [16/May/2026:18:24:17 +0000] "GET /admin HTTP/1.1" 404 884 "-" "python-requests/2.31.0"
172.67.211.55 - - [16/May/2026:18:24:18 +0000] "POST /api/search?q=laptop HTTP/1.1" 200 9842 "-" "curl/7.88.1"
91.240.118.172 - - [16/May/2026:18:24:18 +0000] "POST /assets/logo.png HTTP/1.1" 200 5296 "-" "Mozilla/5.0 (Windows NT 10.0; Win64; x64)"
104.26.12.44 - - [16/May/2026:18:24:19 +0000] "POST /assets/logo.png HTTP/1.1" 200 8533 "-" "python-requests/2.31.0"
91.240.118.172 - - [16/May/2026:18:24:19 +0000] "POST /contact HTTP/1.1" 200 3500 "-" "Mozilla/5.0 (Macintosh; Intel Mac OS X 10_15_7)"
84.17.44.201 - - [16/May/2026:18:24:19 +0000] "POST /contact HTTP/1.1" 302 2694 "-" "Mozilla/5.0 (Windows NT 10.0; Win64; x64)"
91.240.118.172 - - [16/May/2026:18:24:20 +0000] "POST /contact HTTP/1.1" 301 1586 "-" "Mozilla/5.0 (X11; Linux x86_64)"
104.26.12.44 - - [16/May/2026:18:24:20 +0000] "POST /contact HTTP/1.1" 200 1367 "-" "Mozilla/5.0 (Macintosh; Intel Mac OS X 10_15_7)"
84.17.44.201 - - [16/May/2026:18:24:21 +0000] "GET /checkout HTTP/1.1" 200 5786 "-" "Mozilla/5.0 (Macintosh; Intel Mac OS X 10_15_7)"
172.67.211.55 - - [16/May/2026:18:24:21 +0000] "POST /cart HTTP/1.1" 301 4861 "-" "curl/7.88.1"
45.83.64.12 - - [16/May/2026:18:24:21 +0000] "POST /assets/banner.jpg HTTP/1.1" 301 9854 "-" "Mozilla/5.0 (X11; Linux x86_64)"
91.240.118.172 - - [16/May/2026:18:24:21 +0000] "GET /products HTTP/1.1" 200 9579 "-" "Mozilla/5.0 (Macintosh; Intel Mac OS X 10_15_7)"
91.240.118.172 - - [16/May/2026:18:24:22 +0000] "POST /login HTTP/1.1" 200 10938 "-" "Mozilla/5.0 (Windows NT 10.0; Win64; x64)"
104.26.12.44 - - [16/May/2026:18:24:23 +0000] "GET /products HTTP/1.1" 301 922 "-" "Mozilla/5.0 (Macintosh; Intel Mac OS X 10_15_7)"
84.17.44.201 - - [16/May/2026:18:24:23 +0000] "GET /api/search?q=headphones HTTP/1.1" 200 9013 "-" "Mozilla/5.0 (X11; Linux x86_64)"
45.83.64.12 - - [16/May/2026:18:24:23 +0000] "GET /register HTTP/1.1" 301 812 "-" "Mozilla/5.0 (Macintosh; Intel Mac OS X 10_15_7)"
172.67.211.55 - - [16/May/2026:18:24:23 +0000] "POST /api/search?q=laptop HTTP/1.1" 302 10913 "-" "python-requests/2.31.0"
91.240.118.172 - - [16/May/2026:18:24:24 +0000] "GET /assets/logo.png HTTP/1.1" 302 10302 "-" "Mozilla/5.0 (X11; Linux x86_64)"
172.67.211.55 - - [16/May/2026:18:24:25 +0000] "GET /assets/banner.jpg HTTP/1.1" 200 3565 "-" "Mozilla/5.0 (Macintosh; Intel Mac OS X 10_15_7)"
45.83.64.12 - - [16/May/2026:18:24:25 +0000] "POST /login HTTP/1.1" 200 8938 "-" "Mozilla/5.0 (Macintosh; Intel Mac OS X 10_15_7)"
91.240.118.172 - - [16/May/2026:18:24:25 +0000] "GET /contact HTTP/1.1" 301 8704 "-" "curl/7.88.1"
91.240.118.172 - - [16/May/2026:18:24:26 +0000] "POST /contact HTTP/1.1" 301 3890 "-" "Mozilla/5.0 (X11; Linux x86_64)"
104.26.12.44 - - [16/May/2026:18:24:26 +0000] "GET /register HTTP/1.1" 301 3390 "-" "curl/7.88.1"
45.83.64.12 - - [16/May/2026:18:24:26 +0000] "GET /products HTTP/1.1" 200 11626 "-" "python-requests/2.31.0"
172.67.211.55 - - [16/May/2026:18:24:27 +0000] "POST /assets/logo.png HTTP/1.1" 302 4101 "-" "curl/7.88.1"
172.67.211.55 - - [16/May/2026:18:24:27 +0000] "GET /checkout HTTP/1.1" 200 7543 "-" "Mozilla/5.0 (X11; Linux x86_64)"
172.67.211.55 - - [16/May/2026:18:24:27 +0000] "POST /login HTTP/1.1" 302 3621 "-" "Mozilla/5.0 (X11; Linux x86_64)"
45.83.64.12 - - [16/May/2026:18:24:28 +0000] "POST /cart HTTP/1.1" 302 7566 "-" "Mozilla/5.0 (Macintosh; Intel Mac OS X 10_15_7)"
104.26.12.44 - - [16/May/2026:18:24:28 +0000] "GET /register HTTP/1.1" 200 10379 "-" "Mozilla/5.0 (Macintosh; Intel Mac OS X 10_15_7)"
172.67.211.55 - - [16/May/2026:18:24:28 +0000] "GET /products HTTP/1.1" 301 2209 "-" "curl/7.88.1"
104.26.12.44 - - [16/May/2026:18:24:28 +0000] "GET /login HTTP/1.1" 200 2151 "-" "curl/7.88.1"
91.240.118.172 - - [16/May/2026:18:24:29 +0000] "POST /contact HTTP/1.1" 302 4498 "-" "Mozilla/5.0 (Windows NT 10.0; Win64; x64)"
91.240.118.172 - - [16/May/2026:18:24:29 +0000] "POST /login HTTP/1.1" 200 1055 "-" "Mozilla/5.0 (X11; Linux x86_64)"
172.67.211.55 - - [16/May/2026:18:24:29 +0000] "GET /assets/logo.png HTTP/1.1" 302 10416 "-" "Mozilla/5.0 (Macintosh; Intel Mac OS X 10_15_7)"
91.240.118.172 - - [16/May/2026:18:24:29 +0000] "POST /products HTTP/1.1" 301 7871 "-" "Mozilla/5.0 (Macintosh; Intel Mac OS X 10_15_7)"
45.83.64.12 - - [16/May/2026:18:24:30 +0000] "GET /contact HTTP/1.1" 200 7583 "-" "Mozilla/5.0 (Macintosh; Intel Mac OS X 10_15_7)"
104.26.12.44 - - [16/May/2026:18:24:31 +0000] "POST /products HTTP/1.1" 200 9476 "-" "Mozilla/5.0 (Macintosh; Intel Mac OS X 10_15_7)"
84.17.44.201 - - [16/May/2026:18:24:32 +0000] "POST /products HTTP/1.1" 200 7364 "-" "curl/7.88.1"
104.26.12.44 - - [16/May/2026:18:24:33 +0000] "POST /assets/logo.png HTTP/1.1" 200 4249 "-" "Mozilla/5.0 (X11; Linux x86_64)"
91.240.118.172 - - [16/May/2026:18:24:33 +0000] "POST /api/search?q=headphones HTTP/1.1" 200 1723 "-" "python-requests/2.31.0"
91.240.118.172 - - [16/May/2026:18:24:33 +0000] "GET /contact HTTP/1.1" 200 5201 "-" "Mozilla/5.0 (Macintosh; Intel Mac OS X 10_15_7)"
104.26.12.44 - - [16/May/2026:18:24:34 +0000] "GET /home HTTP/1.1" 200 2630 "-" "Mozilla/5.0 (Windows NT 10.0; Win64; x64)"
91.240.118.172 - - [16/May/2026:18:24:34 +0000] "GET /checkout HTTP/1.1" 200 4563 "-" "python-requests/2.31.0"
84.17.44.201 - - [16/May/2026:18:24:34 +0000] "GET /contact HTTP/1.1" 200 9581 "-" "Mozilla/5.0 (X11; Linux x86_64)"
84.17.44.201 - - [16/May/2026:18:24:35 +0000] "POST /login HTTP/1.1" 301 4309 "-" "python-requests/2.31.0"
45.83.64.12 - - [16/May/2026:18:24:35 +0000] "GET /login HTTP/1.1" 200 2757 "-" "curl/7.88.1"
45.95.147.21 - - [16/May/2026:18:24:35 +0000] "GET /wp-login.php HTTP/1.1" 404 280 "-" "curl/7.88.1"
91.240.118.172 - - [16/May/2026:18:24:36 +0000] "GET /checkout HTTP/1.1" 200 2058 "-" "curl/7.88.1"
91.240.118.172 - - [16/May/2026:18:24:37 +0000] "GET /checkout HTTP/1.1" 200 1772 "-" "Mozilla/5.0 (Macintosh; Intel Mac OS X 10_15_7)"
104.26.12.44 - - [16/May/2026:18:24:38 +0000] "POST /checkout HTTP/1.1" 302 5713 "-" "Mozilla/5.0 (Macintosh; Intel Mac OS X 10_15_7)"
104.26.12.44 - - [16/May/2026:18:24:38 +0000] "GET / HTTP/1.1" 301 10273 "-" "Mozilla/5.0 (Windows NT 10.0; Win64; x64)"
84.17.44.201 - - [16/May/2026:18:24:39 +0000] "POST /home HTTP/1.1" 200 6373 "-" "Mozilla/5.0 (Macintosh; Intel Mac OS X 10_15_7)"
104.26.12.44 - - [16/May/2026:18:24:39 +0000] "POST /checkout HTTP/1.1" 301 10037 "-" "Mozilla/5.0 (X11; Linux x86_64)"
91.240.118.172 - - [16/May/2026:18:24:39 +0000] "POST /api/search?q=headphones HTTP/1.1" 301 10791 "-" "Mozilla/5.0 (Macintosh; Intel Mac OS X 10_15_7)"
172.67.211.55 - - [16/May/2026:18:24:40 +0000] "POST /api/search?q=laptop HTTP/1.1" 200 1706 "-" "curl/7.88.1"
104.26.12.44 - - [16/May/2026:18:24:40 +0000] "POST /api/search?q=headphones HTTP/1.1" 200 9771 "-" "Mozilla/5.0 (Macintosh; Intel Mac OS X 10_15_7)"
91.240.118.172 - - [16/May/2026:18:24:41 +0000] "GET /products HTTP/1.1" 200 4067 "-" "Mozilla/5.0 (Macintosh; Intel Mac OS X 10_15_7)"
104.26.12.44 - - [16/May/2026:18:24:41 +0000] "POST /api/search?q=headphones HTTP/1.1" 200 5056 "-" "python-requests/2.31.0"
104.26.12.44 - - [16/May/2026:18:24:41 +0000] "GET /login HTTP/1.1" 200 8687 "-" "Mozilla/5.0 (Windows NT 10.0; Win64; x64)"
172.67.211.55 - - [16/May/2026:18:24:41 +0000] "POST /api/search?q=laptop HTTP/1.1" 200 11775 "-" "Mozilla/5.0 (X11; Linux x86_64)"
45.83.64.12 - - [16/May/2026:18:24:42 +0000] "GET /products HTTP/1.1" 302 3622 "-" "Mozilla/5.0 (Macintosh; Intel Mac OS X 10_15_7)"
45.83.64.12 - - [16/May/2026:18:24:42 +0000] "POST /home HTTP/1.1" 302 11168 "-" "curl/7.88.1"
45.83.64.12 - - [16/May/2026:18:24:43 +0000] "GET / HTTP/1.1" 302 629 "-" "Mozilla/5.0 (Windows NT 10.0; Win64; x64)"
104.26.12.44 - - [16/May/2026:18:24:43 +0000] "GET /contact HTTP/1.1" 200 8205 "-" "python-requests/2.31.0"
172.67.211.55 - - [16/May/2026:18:24:43 +0000] "GET /assets/banner.jpg HTTP/1.1" 302 6613 "-" "Mozilla/5.0 (Macintosh; Intel Mac OS X 10_15_7)"
45.83.64.12 - - [16/May/2026:18:24:44 +0000] "GET /login HTTP/1.1" 200 11362 "-" "Mozilla/5.0 (Macintosh; Intel Mac OS X 10_15_7)"
45.83.64.12 - - [16/May/2026:18:24:44 +0000] "GET /assets/logo.png HTTP/1.1" 200 4583 "-" "Mozilla/5.0 (Macintosh; Intel Mac OS X 10_15_7)"
172.67.211.55 - - [16/May/2026:18:24:44 +0000] "POST /checkout HTTP/1.1" 200 4919 "-" "Mozilla/5.0 (Windows NT 10.0; Win64; x64)"
45.83.64.12 - - [16/May/2026:18:24:44 +0000] "POST /assets/logo.png HTTP/1.1" 301 3296 "-" "Mozilla/5.0 (Windows NT 10.0; Win64; x64)"
84.17.44.201 - - [16/May/2026:18:24:45 +0000] "GET /assets/logo.png HTTP/1.1" 200 4984 "-" "python-requests/2.31.0"
84.17.44.201 - - [16/May/2026:18:24:45 +0000] "POST /api/search?q=laptop HTTP/1.1" 301 7837 "-" "Mozilla/5.0 (X11; Linux x86_64)"
91.240.118.172 - - [16/May/2026:18:24:45 +0000] "GET /api/search?q=headphones HTTP/1.1" 301 11849 "-" "Mozilla/5.0 (X11; Linux x86_64)"
84.17.44.201 - - [16/May/2026:18:24:46 +0000] "POST /cart HTTP/1.1" 200 6680 "-" "Mozilla/5.0 (Macintosh; Intel Mac OS X 10_15_7)"
104.26.12.44 - - [16/May/2026:18:24:46 +0000] "POST /login HTTP/1.1" 301 3933 "-" "Mozilla/5.0 (Windows NT 10.0; Win64; x64)"
84.17.44.201 - - [16/May/2026:18:24:46 +0000] "POST /contact HTTP/1.1" 200 8243 "-" "python-requests/2.31.0"
91.240.118.172 - - [16/May/2026:18:24:47 +0000] "POST /api/search?q=laptop HTTP/1.1" 200 9916 "-" "Mozilla/5.0 (X11; Linux x86_64)"
104.26.12.44 - - [16/May/2026:18:24:47 +0000] "POST /assets/logo.png HTTP/1.1" 200 8645 "-" "Mozilla/5.0 (X11; Linux x86_64)"
91.240.118.172 - - [16/May/2026:18:24:48 +0000] "POST /register HTTP/1.1" 200 3305 "-" "curl/7.88.1"
45.83.64.12 - - [16/May/2026:18:24:48 +0000] "GET /api/search?q=laptop HTTP/1.1" 301 4287 "-" "Mozilla/5.0 (Macintosh; Intel Mac OS X 10_15_7)"
91.240.118.172 - - [16/May/2026:18:24:48 +0000] "POST /login HTTP/1.1" 301 1424 "-" "curl/7.88.1"
172.67.211.55 - - [16/May/2026:18:24:49 +0000] "POST /assets/logo.png HTTP/1.1" 200 2095 "-" "curl/7.88.1"
172.67.211.55 - - [16/May/2026:18:24:50 +0000] "GET /login HTTP/1.1" 200 8006 "-" "curl/7.88.1"
172.67.211.55 - - [16/May/2026:18:24:50 +0000] "POST /assets/logo.png HTTP/1.1" 302 11767 "-" "python-requests/2.31.0"
91.240.118.172 - - [16/May/2026:18:24:50 +0000] "GET /cart HTTP/1.1" 200 8061 "-" "Mozilla/5.0 (X11; Linux x86_64)"
91.240.118.172 - - [16/May/2026:18:24:51 +0000] "GET /login HTTP/1.1" 200 5033 "-" "curl/7.88.1"
103.145.13.99 - - [16/May/2026:18:24:51 +0000] "GET /wp-login.php HTTP/1.1" 401 1083 "-" "Mozilla/5.0 (Windows NT 10.0; Win64; x64)"
84.17.44.201 - - [16/May/2026:18:24:52 +0000] "GET /cart HTTP/1.1" 200 9928 "-" "Mozilla/5.0 (Windows NT 10.0; Win64; x64)"
172.67.211.55 - - [16/May/2026:18:24:52 +0000] "POST /assets/banner.jpg HTTP/1.1" 200 9624 "-" "Mozilla/5.0 (Windows NT 10.0; Win64; x64)"
45.83.64.12 - - [16/May/2026:18:24:52 +0000] "GET /products HTTP/1.1" 200 881 "-" "curl/7.88.1"
172.67.211.55 - - [16/May/2026:18:24:52 +0000] "GET /products HTTP/1.1" 200 9574 "-" "Mozilla/5.0 (X11; Linux x86_64)"
91.240.118.172 - - [16/May/2026:18:24:53 +0000] "GET /contact HTTP/1.1" 200 2043 "-" "Mozilla/5.0 (X11; Linux x86_64)"
172.67.211.55 - - [16/May/2026:18:24:53 +0000] "GET /products HTTP/1.1" 301 6987 "-" "Mozilla/5.0 (X11; Linux x86_64)"
84.17.44.201 - - [16/May/2026:18:24:53 +0000] "POST /api/search?q=headphones HTTP/1.1" 302 6166 "-" "Mozilla/5.0 (Macintosh; Intel Mac OS X 10_15_7)"
45.83.64.12 - - [16/May/2026:18:24:54 +0000] "POST /assets/logo.png HTTP/1.1" 200 4484 "-" "Mozilla/5.0 (Macintosh; Intel Mac OS X 10_15_7)"
91.240.118.172 - - [16/May/2026:18:24:54 +0000] "GET / HTTP/1.1" 302 9586 "-" "Mozilla/5.0 (Windows NT 10.0; Win64; x64)"
91.240.118.172 - - [16/May/2026:18:24:54 +0000] "POST / HTTP/1.1" 301 3142 "-" "Mozilla/5.0 (X11; Linux x86_64)"
84.17.44.201 - - [16/May/2026:18:24:55 +0000] "GET /login HTTP/1.1" 200 961 "-" "curl/7.88.1"
45.83.64.12 - - [16/May/2026:18:24:55 +0000] "POST /products HTTP/1.1" 200 11575 "-" "Mozilla/5.0 (Windows NT 10.0; Win64; x64)"
45.83.64.12 - - [16/May/2026:18:24:55 +0000] "POST / HTTP/1.1" 301 2896 "-" "python-requests/2.31.0"
84.17.44.201 - - [16/May/2026:18:24:56 +0000] "GET /assets/logo.png HTTP/1.1" 200 11227 "-" "python-requests/2.31.0"
84.17.44.201 - - [16/May/2026:18:24:56 +0000] "POST /home HTTP/1.1" 200 10742 "-" "Mozilla/5.0 (Macintosh; Intel Mac OS X 10_15_7)"
103.145.13.99 - - [16/May/2026:18:24:56 +0000] "POST /login HTTP/1.1" 403 534 "-" "python-requests/2.31.0"
91.240.118.172 - - [16/May/2026:18:24:57 +0000] "POST /cart HTTP/1.1" 302 6775 "-" "Mozilla/5.0 (Macintosh; Intel Mac OS X 10_15_7)"
172.67.211.55 - - [16/May/2026:18:24:57 +0000] "GET /login HTTP/1.1" 200 2431 "-" "Mozilla/5.0 (Windows NT 10.0; Win64; x64)"
104.26.12.44 - - [16/May/2026:18:24:58 +0000] "POST /api/search?q=headphones HTTP/1.1" 200 5074 "-" "Mozilla/5.0 (Windows NT 10.0; Win64; x64)"
104.26.12.44 - - [16/May/2026:18:24:58 +0000] "POST /register HTTP/1.1" 200 3695 "-" "Mozilla/5.0 (X11; Linux x86_64)"
84.17.44.201 - - [16/May/2026:18:24:59 +0000] "GET /api/search?q=laptop HTTP/1.1" 301 9790 "-" "Mozilla/5.0 (X11; Linux x86_64)"
91.240.118.172 - - [16/May/2026:18:24:59 +0000] "GET /login HTTP/1.1" 200 626 "-" "Mozilla/5.0 (Windows NT 10.0; Win64; x64)"
104.26.12.44 - - [16/May/2026:18:24:59 +0000] "POST /cart HTTP/1.1" 302 869 "-" "python-requests/2.31.0"
172.67.211.55 - - [16/May/2026:18:24:59 +0000] "GET /contact HTTP/1.1" 200 4423 "-" "Mozilla/5.0 (Windows NT 10.0; Win64; x64)"
172.67.211.55 - - [16/May/2026:18:25:00 +0000] "POST /assets/banner.jpg HTTP/1.1" 302 4771 "-" "python-requests/2.31.0"
91.240.118.172 - - [16/May/2026:18:25:00 +0000] "POST /cart HTTP/1.1" 200 11831 "-" "python-requests/2.31.0"
91.240.118.172 - - [16/May/2026:18:25:00 +0000] "POST /api/search?q=headphones HTTP/1.1" 200 6689 "-" "curl/7.88.1"
172.67.211.55 - - [16/May/2026:18:25:00 +0000] "GET /home HTTP/1.1" 200 8050 "-" "Mozilla/5.0 (Windows NT 10.0; Win64; x64)"
172.67.211.55 - - [16/May/2026:18:25:01 +0000] "GET / HTTP/1.1" 200 4057 "-" "Mozilla/5.0 (Windows NT 10.0; Win64; x64)"
104.26.12.44 - - [16/May/2026:18:25:01 +0000] "GET /home HTTP/1.1" 301 8308 "-" "Mozilla/5.0 (Macintosh; Intel Mac OS X 10_15_7)"
172.67.211.55 - - [16/May/2026:18:25:02 +0000] "GET /api/search?q=headphones HTTP/1.1" 200 11897 "-" "python-requests/2.31.0"
172.67.211.55 - - [16/May/2026:18:25:02 +0000] "POST /login HTTP/1.1" 200 7966 "-" "Mozilla/5.0 (Macintosh; Intel Mac OS X 10_15_7)"
84.17.44.201 - - [16/May/2026:18:25:02 +0000] "POST / HTTP/1.1" 200 8771 "-" "python-requests/2.31.0"
91.240.118.172 - - [16/May/2026:18:25:02 +0000] "GET /api/search?q=laptop HTTP/1.1" 301 1210 "-" "curl/7.88.1"
104.26.12.44 - - [16/May/2026:18:25:02 +0000] "GET /cart HTTP/1.1" 302 4526 "-" "Mozilla/5.0 (Macintosh; Intel Mac OS X 10_15_7)"
84.17.44.201 - - [16/May/2026:18:25:02 +0000] "POST /assets/banner.jpg HTTP/1.1" 301 5467 "-" "Mozilla/5.0 (X11; Linux x86_64)"
172.67.211.55 - - [16/May/2026:18:25:02 +0000] "GET /products HTTP/1.1" 200 9073 "-" "python-requests/2.31.0"
84.17.44.201 - - [16/May/2026:18:25:02 +0000] "GET /checkout HTTP/1.1" 200 2374 "-" "Mozilla/5.0 (Macintosh; Intel Mac OS X 10_15_7)"
104.26.12.44 - - [16/May/2026:18:25:02 +0000] "POST /register HTTP/1.1" 302 4935 "-" "Mozilla/5.0 (Windows NT 10.0; Win64; x64)"
84.17.44.201 - - [16/May/2026:18:25:02 +0000] "GET /login HTTP/1.1" 200 5946 "-" "Mozilla/5.0 (X11; Linux x86_64)"
172.67.211.55 - - [16/May/2026:18:25:02 +0000] "GET / HTTP/1.1" 200 5536 "-" "python-requests/2.31.0"
84.17.44.201 - - [16/May/2026:18:25:03 +0000] "POST /products HTTP/1.1" 301 5185 "-" "Mozilla/5.0 (X11; Linux x86_64)"
104.26.12.44 - - [16/May/2026:18:25:03 +0000] "POST /register HTTP/1.1" 301 2349 "-" "curl/7.88.1"
84.17.44.201 - - [16/May/2026:18:25:04 +0000] "POST / HTTP/1.1" 301 3071 "-" "python-requests/2.31.0"
104.26.12.44 - - [16/May/2026:18:25:04 +0000] "GET /assets/logo.png HTTP/1.1" 200 3429 "-" "python-requests/2.31.0"
45.83.64.12 - - [16/May/2026:18:25:04 +0000] "GET / HTTP/1.1" 200 11649 "-" "curl/7.88.1"
45.83.64.12 - - [16/May/2026:18:25:04 +0000] "GET /register HTTP/1.1" 302 3173 "-" "Mozilla/5.0 (X11; Linux x86_64)"
172.67.211.55 - - [16/May/2026:18:25:05 +0000] "GET / HTTP/1.1" 200 2844 "-" "Mozilla/5.0 (Macintosh; Intel Mac OS X 10_15_7)"
172.67.211.55 - - [16/May/2026:18:25:05 +0000] "POST /assets/banner.jpg HTTP/1.1" 302 11953 "-" "python-requests/2.31.0"
45.83.64.12 - - [16/May/2026:18:25:06 +0000] "GET /api/search?q=laptop HTTP/1.1" 302 1294 "-" "Mozilla/5.0 (X11; Linux x86_64)"
45.83.64.12 - - [16/May/2026:18:25:06 +0000] "POST /assets/banner.jpg HTTP/1.1" 200 8523 "-" "Mozilla/5.0 (Windows NT 10.0; Win64; x64)"
104.26.12.44 - - [16/May/2026:18:25:06 +0000] "GET /login HTTP/1.1" 200 2501 "-" "python-requests/2.31.0"
91.240.118.172 - - [16/May/2026:18:25:06 +0000] "POST /register HTTP/1.1" 200 3866 "-" "Mozilla/5.0 (Windows NT 10.0; Win64; x64)"
84.17.44.201 - - [16/May/2026:18:25:06 +0000] "POST /login HTTP/1.1" 301 10445 "-" "Mozilla/5.0 (X11; Linux x86_64)"
91.240.118.172 - - [16/May/2026:18:25:06 +0000] "POST /register HTTP/1.1" 200 2083 "-" "python-requests/2.31.0"
84.17.44.201 - - [16/May/2026:18:25:06 +0000] "POST /checkout HTTP/1.1" 301 6061 "-" "Mozilla/5.0 (Macintosh; Intel Mac OS X 10_15_7)"
91.240.118.172 - - [16/May/2026:18:25:06 +0000] "GET /products HTTP/1.1" 200 7321 "-" "Mozilla/5.0 (Windows NT 10.0; Win64; x64)"
91.240.118.172 - - [16/May/2026:18:25:06 +0000] "POST /products HTTP/1.1" 301 9714 "-" "python-requests/2.31.0"
45.83.64.12 - - [16/May/2026:18:25:06 +0000] "POST /contact HTTP/1.1" 200 8956 "-" "Mozilla/5.0 (Macintosh; Intel Mac OS X 10_15_7)"
91.240.118.172 - - [16/May/2026:18:25:06 +0000] "POST /api/search?q=laptop HTTP/1.1" 200 9107 "-" "curl/7.88.1"
84.17.44.201 - - [16/May/2026:18:25:06 +0000] "POST /home HTTP/1.1" 302 4393 "-" "curl/7.88.1"
91.240.118.172 - - [16/May/2026:18:25:06 +0000] "GET /api/search?q=headphones HTTP/1.1" 200 5894 "-" "curl/7.88.1"
172.67.211.55 - - [16/May/2026:18:25:06 +0000] "GET /checkout HTTP/1.1" 302 6384 "-" "python-requests/2.31.0"
91.240.118.172 - - [16/May/2026:18:25:06 +0000] "GET /api/search?q=headphones HTTP/1.1" 302 5116 "-" "Mozilla/5.0 (Macintosh; Intel Mac OS X 10_15_7)"
45.83.64.12 - - [16/May/2026:18:25:06 +0000] "GET /api/search?q=headphones HTTP/1.1" 200 8472 "-" "python-requests/2.31.0"
84.17.44.201 - - [16/May/2026:18:25:06 +0000] "GET /register HTTP/1.1" 200 3936 "-" "python-requests/2.31.0"
91.240.118.172 - - [16/May/2026:18:25:07 +0000] "GET /products HTTP/1.1" 200 6662 "-" "python-requests/2.31.0"
198.98.51.189 - - [16/May/2026:18:25:07 +0000] "GET /admin HTTP/1.1" 404 1086 "-" "Mozilla/5.0 (Macintosh; Intel Mac OS X 10_15_7)"
45.83.64.12 - - [16/May/2026:18:25:08 +0000] "POST /api/search?q=headphones HTTP/1.1" 302 2035 "-" "Mozilla/5.0 (Macintosh; Intel Mac OS X 10_15_7)"
84.17.44.201 - - [16/May/2026:18:25:08 +0000] "GET /cart HTTP/1.1" 200 683 "-" "curl/7.88.1"
45.83.64.12 - - [16/May/2026:18:25:08 +0000] "GET /api/search?q=headphones HTTP/1.1" 200 5212 "-" "python-requests/2.31.0"
185.220.101.45 - - [16/May/2026:18:25:08 +0000] "POST /login HTTP/1.1" 403 576 "-" "curl/7.88.1"
104.26.12.44 - - [16/May/2026:18:25:09 +0000] "POST /cart HTTP/1.1" 200 8960 "-" "python-requests/2.31.0"
91.240.118.172 - - [16/May/2026:18:25:09 +0000] "POST /home HTTP/1.1" 302 7503 "-" "Mozilla/5.0 (X11; Linux x86_64)"
104.26.12.44 - - [16/May/2026:18:25:09 +0000] "POST /assets/banner.jpg HTTP/1.1" 200 4393 "-" "curl/7.88.1"
45.83.64.12 - - [16/May/2026:18:25:10 +0000] "POST /api/search?q=laptop HTTP/1.1" 200 3345 "-" "python-requests/2.31.0"
172.67.211.55 - - [16/May/2026:18:25:10 +0000] "GET /api/search?q=headphones HTTP/1.1" 200 7744 "-" "Mozilla/5.0 (Macintosh; Intel Mac OS X 10_15_7)"
91.240.118.172 - - [16/May/2026:18:25:11 +0000] "POST /cart HTTP/1.1" 301 3117 "-" "Mozilla/5.0 (Macintosh; Intel Mac OS X 10_15_7)"
84.17.44.201 - - [16/May/2026:18:25:11 +0000] "POST /products HTTP/1.1" 200 1330 "-" "python-requests/2.31.0"
104.26.12.44 - - [16/May/2026:18:25:11 +0000] "GET /contact HTTP/1.1" 302 3565 "-" "Mozilla/5.0 (Windows NT 10.0; Win64; x64)"
45.83.64.12 - - [16/May/2026:18:25:12 +0000] "POST /home HTTP/1.1" 302 7291 "-" "python-requests/2.31.0"
91.240.118.172 - - [16/May/2026:18:25:12 +0000] "GET /checkout HTTP/1.1" 200 5705 "-" "Mozilla/5.0 (Windows NT 10.0; Win64; x64)"
45.83.64.12 - - [16/May/2026:18:25:12 +0000] "POST /cart HTTP/1.1" 200 5819 "-" "python-requests/2.31.0"
84.17.44.201 - - [16/May/2026:18:25:12 +0000] "POST /api/search?q=headphones HTTP/1.1" 301 6697 "-" "python-requests/2.31.0"
91.240.118.172 - - [16/May/2026:18:25:13 +0000] "POST /products HTTP/1.1" 200 1774 "-" "Mozilla/5.0 (X11; Linux x86_64)"
104.26.12.44 - - [16/May/2026:18:25:13 +0000] "GET /assets/logo.png HTTP/1.1" 200 1064 "-" "curl/7.88.1"
84.17.44.201 - - [16/May/2026:18:25:13 +0000] "POST /register HTTP/1.1" 301 1202 "-" "curl/7.88.1"
84.17.44.201 - - [16/May/2026:18:25:14 +0000] "POST /login HTTP/1.1" 301 10500 "-" "Mozilla/5.0 (Macintosh; Intel Mac OS X 10_15_7)"
104.26.12.44 - - [16/May/2026:18:25:14 +0000] "GET / HTTP/1.1" 200 9958 "-" "Mozilla/5.0 (Windows NT 10.0; Win64; x64)"
91.240.118.172 - - [16/May/2026:18:25:14 +0000] "POST /contact HTTP/1.1" 200 545 "-" "Mozilla/5.0 (Macintosh; Intel Mac OS X 10_15_7)"
84.17.44.201 - - [16/May/2026:18:25:14 +0000] "GET /products HTTP/1.1" 301 6985 "-" "Mozilla/5.0 (Windows NT 10.0; Win64; x64)"
104.26.12.44 - - [16/May/2026:18:25:15 +0000] "GET /register HTTP/1.1" 200 1949 "-" "Mozilla/5.0 (Windows NT 10.0; Win64; x64)"
172.67.211.55 - - [16/May/2026:18:25:15 +0000] "GET /checkout HTTP/1.1" 200 893 "-" "python-requests/2.31.0"
104.26.12.44 - - [16/May/2026:18:25:16 +0000] "GET /cart HTTP/1.1" 200 9936 "-" "python-requests/2.31.0"
104.26.12.44 - - [16/May/2026:18:25:17 +0000] "POST /register HTTP/1.1" 302 2598 "-" "Mozilla/5.0 (Windows NT 10.0; Win64; x64)"
172.67.211.55 - - [16/May/2026:18:25:17 +0000] "GET /checkout HTTP/1.1" 302 8952 "-" "Mozilla/5.0 (X11; Linux x86_64)"
45.83.64.12 - - [16/May/2026:18:25:17 +0000] "GET /cart HTTP/1.1" 301 725 "-" "Mozilla/5.0 (Macintosh; Intel Mac OS X 10_15_7)"
104.26.12.44 - - [16/May/2026:18:25:17 +0000] "POST /api/search?q=laptop HTTP/1.1" 302 4235 "-" "Mozilla/5.0 (Windows NT 10.0; Win64; x64)"
84.17.44.201 - - [16/May/2026:18:25:18 +0000] "POST /home HTTP/1.1" 200 1283 "-" "Mozilla/5.0 (Windows NT 10.0; Win64; x64)"
104.26.12.44 - - [16/May/2026:18:25:18 +0000] "GET /api/search?q=laptop HTTP/1.1" 302 7873 "-" "Mozilla/5.0 (Windows NT 10.0; Win64; x64)"
45.83.64.12 - - [16/May/2026:18:25:18 +0000] "GET /register HTTP/1.1" 301 2073 "-" "python-requests/2.31.0"
104.26.12.44 - - [16/May/2026:18:25:19 +0000] "GET /contact HTTP/1.1" 200 5027 "-" "Mozilla/5.0 (X11; Linux x86_64)"
104.26.12.44 - - [16/May/2026:18:25:19 +0000] "GET /api/search?q=laptop HTTP/1.1" 302 11663 "-" "Mozilla/5.0 (Windows NT 10.0; Win64; x64)"
45.83.64.12 - - [16/May/2026:18:25:19 +0000] "POST /register HTTP/1.1" 200 1834 "-" "Mozilla/5.0 (Windows NT 10.0; Win64; x64)"
84.17.44.201 - - [16/May/2026:18:25:19 +0000] "GET / HTTP/1.1" 302 1013 "-" "python-requests/2.31.0"
104.26.12.44 - - [16/May/2026:18:25:20 +0000] "POST /register HTTP/1.1" 200 2646 "-" "curl/7.88.1"
104.26.12.44 - - [16/May/2026:18:25:20 +0000] "POST /checkout HTTP/1.1" 200 3844 "-" "curl/7.88.1"
91.240.118.172 - - [16/May/2026:18:25:20 +0000] "POST /checkout HTTP/1.1" 200 1722 "-" "python-requests/2.31.0"
104.26.12.44 - - [16/May/2026:18:25:21 +0000] "GET /api/search?q=headphones HTTP/1.1" 301 3323 "-" "Mozilla/5.0 (Macintosh; Intel Mac OS X 10_15_7)"
91.240.118.172 - - [16/May/2026:18:25:21 +0000] "POST /api/search?q=headphones HTTP/1.1" 200 4350 "-" "python-requests/2.31.0"
84.17.44.201 - - [16/May/2026:18:25:21 +0000] "POST / HTTP/1.1" 200 7867 "-" "curl/7.88.1"
104.26.12.44 - - [16/May/2026:18:25:22 +0000] "GET /home HTTP/1.1" 301 1946 "-" "python-requests/2.31.0"
84.17.44.201 - - [16/May/2026:18:25:22 +0000] "GET /cart HTTP/1.1" 200 9797 "-" "Mozilla/5.0 (X11; Linux x86_64)"
172.67.211.55 - - [16/May/2026:18:25:22 +0000] "POST /api/search?q=headphones HTTP/1.1" 302 10308 "-" "Mozilla/5.0 (X11; Linux x86_64)"
45.83.64.12 - - [16/May/2026:18:25:22 +0000] "POST /assets/banner.jpg HTTP/1.1" 200 6476 "-" "Mozilla/5.0 (Macintosh; Intel Mac OS X 10_15_7)"
104.26.12.44 - - [16/May/2026:18:25:23 +0000] "POST /checkout HTTP/1.1" 200 7025 "-" "Mozilla/5.0 (Windows NT 10.0; Win64; x64)"
172.67.211.55 - - [16/May/2026:18:25:23 +0000] "POST /contact HTTP/1.1" 200 4257 "-" "Mozilla/5.0 (Windows NT 10.0; Win64; x64)"
172.67.211.55 - - [16/May/2026:18:25:24 +0000] "POST /contact HTTP/1.1" 301 8665 "-" "Mozilla/5.0 (X11; Linux x86_64)"
91.240.118.172 - - [16/May/2026:18:25:24 +0000] "GET /cart HTTP/1.1" 200 2859 "-" "Mozilla/5.0 (Macintosh; Intel Mac OS X 10_15_7)"
104.26.12.44 - - [16/May/2026:18:25:24 +0000] "POST /assets/logo.png HTTP/1.1" 301 5001 "-" "python-requests/2.31.0"
172.67.211.55 - - [16/May/2026:18:25:24 +0000] "POST /login HTTP/1.1" 200 6604 "-" "python-requests/2.31.0"
45.83.64.12 - - [16/May/2026:18:25:25 +0000] "GET /assets/banner.jpg HTTP/1.1" 302 9628 "-" "curl/7.88.1"
45.83.64.12 - - [16/May/2026:18:25:26 +0000] "POST /login HTTP/1.1" 200 10119 "-" "Mozilla/5.0 (X11; Linux x86_64)"
172.67.211.55 - - [16/May/2026:18:25:26 +0000] "GET /cart HTTP/1.1" 200 1473 "-" "Mozilla/5.0 (Windows NT 10.0; Win64; x64)"
104.26.12.44 - - [16/May/2026:18:25:26 +0000] "POST /login HTTP/1.1" 302 6187 "-" "Mozilla/5.0 (Macintosh; Intel Mac OS X 10_15_7)"
104.26.12.44 - - [16/May/2026:18:25:27 +0000] "POST /assets/banner.jpg HTTP/1.1" 200 6112 "-" "Mozilla/5.0 (Windows NT 10.0; Win64; x64)"
91.240.118.172 - - [16/May/2026:18:25:27 +0000] "GET /assets/banner.jpg HTTP/1.1" 200 3019 "-" "curl/7.88.1"
84.17.44.201 - - [16/May/2026:18:25:27 +0000] "GET /assets/logo.png HTTP/1.1" 200 7089 "-" "Mozilla/5.0 (Macintosh; Intel Mac OS X 10_15_7)"
45.83.64.12 - - [16/May/2026:18:25:28 +0000] "POST /api/search?q=laptop HTTP/1.1" 200 7405 "-" "Mozilla/5.0 (Windows NT 10.0; Win64; x64)"
172.67.211.55 - - [16/May/2026:18:25:29 +0000] "POST /checkout HTTP/1.1" 200 5859 "-" "Mozilla/5.0 (Macintosh; Intel Mac OS X 10_15_7)"
104.26.12.44 - - [16/May/2026:18:25:29 +0000] "GET /register HTTP/1.1" 200 3297 "-" "Mozilla/5.0 (Macintosh; Intel Mac OS X 10_15_7)"
45.83.64.12 - - [16/May/2026:18:25:29 +0000] "GET /cart HTTP/1.1" 200 6155 "-" "curl/7.88.1"
104.26.12.44 - - [16/May/2026:18:25:30 +0000] "GET /cart HTTP/1.1" 200 11062 "-" "Mozilla/5.0 (X11; Linux x86_64)"
45.83.64.12 - - [16/May/2026:18:25:30 +0000] "POST /login HTTP/1.1" 302 5936 "-" "python-requests/2.31.0"
91.240.118.172 - - [16/May/2026:18:25:30 +0000] "POST /assets/logo.png HTTP/1.1" 200 9179 "-" "python-requests/2.31.0"
45.83.64.12 - - [16/May/2026:18:25:30 +0000] "GET / HTTP/1.1" 302 3482 "-" "python-requests/2.31.0"
172.67.211.55 - - [16/May/2026:18:25:31 +0000] "GET /checkout HTTP/1.1" 200 4484 "-" "python-requests/2.31.0"
172.67.211.55 - - [16/May/2026:18:25:31 +0000] "GET /checkout HTTP/1.1" 200 3145 "-" "Mozilla/5.0 (Macintosh; Intel Mac OS X 10_15_7)"
45.83.64.12 - - [16/May/2026:18:25:31 +0000] "GET /cart HTTP/1.1" 301 6371 "-" "curl/7.88.1"
91.240.118.172 - - [16/May/2026:18:25:31 +0000] "GET /login HTTP/1.1" 301 6725 "-" "Mozilla/5.0 (X11; Linux x86_64)"
104.26.12.44 - - [16/May/2026:18:25:32 +0000] "POST /cart HTTP/1.1" 301 3595 "-" "Mozilla/5.0 (X11; Linux x86_64)"
104.26.12.44 - - [16/May/2026:18:25:32 +0000] "POST /contact HTTP/1.1" 301 8199 "-" "Mozilla/5.0 (Windows NT 10.0; Win64; x64)"
104.26.12.44 - - [16/May/2026:18:25:32 +0000] "POST /cart HTTP/1.1" 302 534 "-" "Mozilla/5.0 (X11; Linux x86_64)"
104.26.12.44 - - [16/May/2026:18:25:33 +0000] "POST /register HTTP/1.1" 301 9814 "-" "python-requests/2.31.0"
104.26.12.44 - - [16/May/2026:18:25:33 +0000] "GET /checkout HTTP/1.1" 200 10698 "-" "curl/7.88.1"
45.83.64.12 - - [16/May/2026:18:25:34 +0000] "POST /assets/banner.jpg HTTP/1.1" 302 605 "-" "Mozilla/5.0 (X11; Linux x86_64)"
91.240.118.172 - - [16/May/2026:18:25:34 +0000] "POST /api/search?q=laptop HTTP/1.1" 200 2826 "-" "Mozilla/5.0 (X11; Linux x86_64)"
84.17.44.201 - - [16/May/2026:18:25:35 +0000] "POST /login HTTP/1.1" 200 11091 "-" "Mozilla/5.0 (Windows NT 10.0; Win64; x64)"
104.26.12.44 - - [16/May/2026:18:25:35 +0000] "GET /cart HTTP/1.1" 302 5698 "-" "python-requests/2.31.0"
172.67.211.55 - - [16/May/2026:18:25:35 +0000] "GET /checkout HTTP/1.1" 200 7981 "-" "Mozilla/5.0 (Macintosh; Intel Mac OS X 10_15_7)"
172.67.211.55 - - [16/May/2026:18:25:36 +0000] "GET /api/search?q=laptop HTTP/1.1" 200 2559 "-" "Mozilla/5.0 (Macintosh; Intel Mac OS X 10_15_7)"
104.26.12.44 - - [16/May/2026:18:25:36 +0000] "GET /contact HTTP/1.1" 301 2113 "-" "curl/7.88.1"
84.17.44.201 - - [16/May/2026:18:25:36 +0000] "GET /assets/banner.jpg HTTP/1.1" 200 7267 "-" "Mozilla/5.0 (Windows NT 10.0; Win64; x64)"
84.17.44.201 - - [16/May/2026:18:25:36 +0000] "GET / HTTP/1.1" 302 6397 "-" "Mozilla/5.0 (Windows NT 10.0; Win64; x64)"
172.67.211.55 - - [16/May/2026:18:25:37 +0000] "GET /assets/banner.jpg HTTP/1.1" 301 9292 "-" "python-requests/2.31.0"
91.240.118.172 - - [16/May/2026:18:25:37 +0000] "POST /cart HTTP/1.1" 302 2057 "-" "python-requests/2.31.0"
91.240.118.172 - - [16/May/2026:18:25:37 +0000] "GET /cart HTTP/1.1" 200 5088 "-" "Mozilla/5.0 (Windows NT 10.0; Win64; x64)"
91.240.118.172 - - [16/May/2026:18:25:37 +0000] "POST /contact HTTP/1.1" 200 1462 "-" "python-requests/2.31.0"
45.83.64.12 - - [16/May/2026:18:25:37 +0000] "POST /checkout HTTP/1.1" 302 6728 "-" "Mozilla/5.0 (Windows NT 10.0; Win64; x64)"
45.83.64.12 - - [16/May/2026:18:25:37 +0000] "GET /assets/banner.jpg HTTP/1.1" 301 9869 "-" "Mozilla/5.0 (Macintosh; Intel Mac OS X 10_15_7)"
84.17.44.201 - - [16/May/2026:18:25:37 +0000] "GET /api/search?q=laptop HTTP/1.1" 301 781 "-" "Mozilla/5.0 (Macintosh; Intel Mac OS X 10_15_7)"
84.17.44.201 - - [16/May/2026:18:25:37 +0000] "POST /assets/logo.png HTTP/1.1" 200 7975 "-" "Mozilla/5.0 (Windows NT 10.0; Win64; x64)"
104.26.12.44 - - [16/May/2026:18:25:37 +0000] "GET / HTTP/1.1" 200 7001 "-" "python-requests/2.31.0"
104.26.12.44 - - [16/May/2026:18:25:37 +0000] "GET /login HTTP/1.1" 302 4111 "-" "python-requests/2.31.0"
104.26.12.44 - - [16/May/2026:18:25:37 +0000] "GET /assets/logo.png HTTP/1.1" 200 2361 "-" "Mozilla/5.0 (Macintosh; Intel Mac OS X 10_15_7)"
104.26.12.44 - - [16/May/2026:18:25:37 +0000] "GET /assets/logo.png HTTP/1.1" 301 2372 "-" "curl/7.88.1"
104.26.12.44 - - [16/May/2026:18:25:37 +0000] "GET /assets/logo.png HTTP/1.1" 200 10187 "-" "python-requests/2.31.0"
172.67.211.55 - - [16/May/2026:18:25:37 +0000] "POST /register HTTP/1.1" 200 9290 "-" "Mozilla/5.0 (Macintosh; Intel Mac OS X 10_15_7)"
45.83.64.12 - - [16/May/2026:18:25:37 +0000] "GET /assets/banner.jpg HTTP/1.1" 302 9086 "-" "Mozilla/5.0 (Windows NT 10.0; Win64; x64)"
172.67.211.55 - - [16/May/2026:18:25:38 +0000] "GET /api/search?q=laptop HTTP/1.1" 200 4994 "-" "Mozilla/5.0 (X11; Linux x86_64)"
84.17.44.201 - - [16/May/2026:18:25:39 +0000] "POST /assets/banner.jpg HTTP/1.1" 302 6104 "-" "Mozilla/5.0 (Windows NT 10.0; Win64; x64)"
45.95.147.21 - - [16/May/2026:18:25:39 +0000] "POST /login HTTP/1.1" 401 589 "-" "Mozilla/5.0 (Windows NT 10.0; Win64; x64)"
104.26.12.44 - - [16/May/2026:18:25:40 +0000] "GET /api/search?q=headphones HTTP/1.1" 200 9226 "-" "curl/7.88.1"
84.17.44.201 - - [16/May/2026:18:25:40 +0000] "POST /api/search?q=laptop HTTP/1.1" 302 10296 "-" "Mozilla/5.0 (X11; Linux x86_64)"
172.67.211.55 - - [16/May/2026:18:25:40 +0000] "POST /api/search?q=headphones HTTP/1.1" 200 6347 "-" "curl/7.88.1"
91.240.118.172 - - [16/May/2026:18:25:40 +0000] "POST /home HTTP/1.1" 200 1452 "-" "curl/7.88.1"
45.83.64.12 - - [16/May/2026:18:25:41 +0000] "POST /home HTTP/1.1" 301 5932 "-" "Mozilla/5.0 (X11; Linux x86_64)"
45.83.64.12 - - [16/May/2026:18:25:41 +0000] "GET /assets/banner.jpg HTTP/1.1" 301 3506 "-" "curl/7.88.1"
91.240.118.172 - - [16/May/2026:18:25:41 +0000] "GET /api/search?q=headphones HTTP/1.1" 302 1223 "-" "Mozilla/5.0 (X11; Linux x86_64)"
185.220.101.45 - - [16/May/2026:18:25:41 +0000] "GET /.env HTTP/1.1" 401 1258 "-" "curl/7.88.1"
84.17.44.201 - - [16/May/2026:18:25:42 +0000] "GET /api/search?q=laptop HTTP/1.1" 302 11203 "-" "python-requests/2.31.0"
172.67.211.55 - - [16/May/2026:18:25:42 +0000] "GET /home HTTP/1.1" 301 3459 "-" "curl/7.88.1"
84.17.44.201 - - [16/May/2026:18:25:42 +0000] "POST /assets/banner.jpg HTTP/1.1" 301 11041 "-" "python-requests/2.31.0"
89.248.165.74 - - [16/May/2026:18:25:42 +0000] "GET /xmlrpc.php HTTP/1.1" 404 1009 "-" "Mozilla/5.0 (Macintosh; Intel Mac OS X 10_15_7)"
84.17.44.201 - - [16/May/2026:18:25:43 +0000] "POST /home HTTP/1.1" 200 5774 "-" "curl/7.88.1"
104.26.12.44 - - [16/May/2026:18:25:43 +0000] "GET /contact HTTP/1.1" 301 501 "-" "Mozilla/5.0 (X11; Linux x86_64)"
91.240.118.172 - - [16/May/2026:18:25:43 +0000] "POST / HTTP/1.1" 302 770 "-" "Mozilla/5.0 (X11; Linux x86_64)"
104.26.12.44 - - [16/May/2026:18:25:44 +0000] "POST /home HTTP/1.1" 302 9035 "-" "curl/7.88.1"
84.17.44.201 - - [16/May/2026:18:25:44 +0000] "GET /cart HTTP/1.1" 200 8465 "-" "Mozilla/5.0 (Macintosh; Intel Mac OS X 10_15_7)"
104.26.12.44 - - [16/May/2026:18:25:44 +0000] "POST /products HTTP/1.1" 301 1329 "-" "Mozilla/5.0 (X11; Linux x86_64)"
185.220.101.45 - - [16/May/2026:18:25:44 +0000] "GET /wp-login.php HTTP/1.1" 404 1232 "-" "curl/7.88.1"
91.240.118.172 - - [16/May/2026:18:25:45 +0000] "GET /api/search?q=headphones HTTP/1.1" 200 3168 "-" "Mozilla/5.0 (Macintosh; Intel Mac OS X 10_15_7)"
45.83.64.12 - - [16/May/2026:18:25:45 +0000] "GET /api/search?q=headphones HTTP/1.1" 301 412 "-" "Mozilla/5.0 (X11; Linux x86_64)"
45.83.64.12 - - [16/May/2026:18:25:45 +0000] "POST /api/search?q=laptop HTTP/1.1" 200 11721 "-" "python-requests/2.31.0"
84.17.44.201 - - [16/May/2026:18:25:46 +0000] "POST /login HTTP/1.1" 200 6271 "-" "python-requests/2.31.0"
172.67.211.55 - - [16/May/2026:18:25:46 +0000] "GET /checkout HTTP/1.1" 302 8148 "-" "python-requests/2.31.0"
185.220.101.45 - - [16/May/2026:18:25:46 +0000] "GET /.env HTTP/1.1" 403 1043 "-" "curl/7.88.1"
104.26.12.44 - - [16/May/2026:18:25:47 +0000] "GET /login HTTP/1.1" 200 4808 "-" "Mozilla/5.0 (X11; Linux x86_64)"
91.240.118.172 - - [16/May/2026:18:25:47 +0000] "POST /cart HTTP/1.1" 200 9205 "-" "Mozilla/5.0 (Windows NT 10.0; Win64; x64)"
91.240.118.172 - - [16/May/2026:18:25:48 +0000] "GET /assets/logo.png HTTP/1.1" 301 7350 "-" "python-requests/2.31.0"
91.240.118.172 - - [16/May/2026:18:25:48 +0000] "POST /assets/banner.jpg HTTP/1.1" 200 4771 "-" "Mozilla/5.0 (Macintosh; Intel Mac OS X 10_15_7)"
91.240.118.172 - - [16/May/2026:18:25:48 +0000] "GET /login HTTP/1.1" 200 8318 "-" "Mozilla/5.0 (Macintosh; Intel Mac OS X 10_15_7)"
104.26.12.44 - - [16/May/2026:18:25:49 +0000] "POST /assets/banner.jpg HTTP/1.1" 301 7289 "-" "Mozilla/5.0 (Windows NT 10.0; Win64; x64)"
172.67.211.55 - - [16/May/2026:18:25:50 +0000] "POST /login HTTP/1.1" 200 2983 "-" "Mozilla/5.0 (Windows NT 10.0; Win64; x64)"
84.17.44.201 - - [16/May/2026:18:25:51 +0000] "GET /assets/logo.png HTTP/1.1" 200 5449 "-" "Mozilla/5.0 (Windows NT 10.0; Win64; x64)"
45.83.64.12 - - [16/May/2026:18:25:51 +0000] "POST /home HTTP/1.1" 200 11923 "-" "Mozilla/5.0 (Macintosh; Intel Mac OS X 10_15_7)"
84.17.44.201 - - [16/May/2026:18:25:51 +0000] "GET /checkout HTTP/1.1" 200 10246 "-" "python-requests/2.31.0"
45.83.64.12 - - [16/May/2026:18:25:51 +0000] "POST /cart HTTP/1.1" 200 4611 "-" "python-requests/2.31.0"
45.83.64.12 - - [16/May/2026:18:25:52 +0000] "POST /register HTTP/1.1" 302 4990 "-" "Mozilla/5.0 (X11; Linux x86_64)"
91.240.118.172 - - [16/May/2026:18:25:53 +0000] "POST /api/search?q=laptop HTTP/1.1" 200 8159 "-" "python-requests/2.31.0"
104.26.12.44 - - [16/May/2026:18:25:53 +0000] "GET /login HTTP/1.1" 301 1560 "-" "curl/7.88.1"
84.17.44.201 - - [16/May/2026:18:25:53 +0000] "GET /assets/logo.png HTTP/1.1" 200 3330 "-" "curl/7.88.1"
45.83.64.12 - - [16/May/2026:18:25:53 +0000] "GET /api/search?q=laptop HTTP/1.1" 200 8897 "-" "Mozilla/5.0 (X11; Linux x86_64)"
91.240.118.172 - - [16/May/2026:18:25:54 +0000] "POST /api/search?q=laptop HTTP/1.1" 301 6093 "-" "curl/7.88.1"
84.17.44.201 - - [16/May/2026:18:25:54 +0000] "POST /login HTTP/1.1" 200 7555 "-" "Mozilla/5.0 (Windows NT 10.0; Win64; x64)"
45.83.64.12 - - [16/May/2026:18:25:54 +0000] "GET /assets/logo.png HTTP/1.1" 301 3318 "-" "Mozilla/5.0 (Windows NT 10.0; Win64; x64)"
172.67.211.55 - - [16/May/2026:18:25:55 +0000] "GET /home HTTP/1.1" 302 4229 "-" "python-requests/2.31.0"
45.83.64.12 - - [16/May/2026:18:25:55 +0000] "GET /login HTTP/1.1" 301 10780 "-" "Mozilla/5.0 (X11; Linux x86_64)"
172.67.211.55 - - [16/May/2026:18:25:55 +0000] "GET /api/search?q=laptop HTTP/1.1" 200 7850 "-" "curl/7.88.1"
84.17.44.201 - - [16/May/2026:18:25:55 +0000] "GET /assets/banner.jpg HTTP/1.1" 302 10911 "-" "Mozilla/5.0 (Macintosh; Intel Mac OS X 10_15_7)"
172.67.211.55 - - [16/May/2026:18:25:55 +0000] "POST /login HTTP/1.1" 200 3296 "-" "Mozilla/5.0 (Windows NT 10.0; Win64; x64)"
84.17.44.201 - - [16/May/2026:18:25:55 +0000] "GET /api/search?q=headphones HTTP/1.1" 301 2891 "-" "Mozilla/5.0 (X11; Linux x86_64)"
45.83.64.12 - - [16/May/2026:18:25:55 +0000] "GET /assets/logo.png HTTP/1.1" 301 3276 "-" "Mozilla/5.0 (Macintosh; Intel Mac OS X 10_15_7)"
84.17.44.201 - - [16/May/2026:18:25:55 +0000] "GET /register HTTP/1.1" 200 10482 "-" "Mozilla/5.0 (X11; Linux x86_64)"
91.240.118.172 - - [16/May/2026:18:25:55 +0000] "POST /assets/logo.png HTTP/1.1" 301 5301 "-" "Mozilla/5.0 (Windows NT 10.0; Win64; x64)"
45.83.64.12 - - [16/May/2026:18:25:55 +0000] "GET /cart HTTP/1.1" 302 433 "-" "python-requests/2.31.0"
45.83.64.12 - - [16/May/2026:18:25:55 +0000] "POST / HTTP/1.1" 200 7050 "-" "curl/7.88.1"
91.240.118.172 - - [16/May/2026:18:25:55 +0000] "POST /cart HTTP/1.1" 200 10688 "-" "Mozilla/5.0 (Windows NT 10.0; Win64; x64)"
91.240.118.172 - - [16/May/2026:18:25:55 +0000] "GET /api/search?q=headphones HTTP/1.1" 200 5131 "-" "Mozilla/5.0 (Macintosh; Intel Mac OS X 10_15_7)"
104.26.12.44 - - [16/May/2026:18:25:55 +0000] "GET /login HTTP/1.1" 302 6897 "-" "Mozilla/5.0 (X11; Linux x86_64)"
104.26.12.44 - - [16/May/2026:18:25:55 +0000] "POST /register HTTP/1.1" 302 6533 "-" "curl/7.88.1"
172.67.211.55 - - [16/May/2026:18:25:55 +0000] "GET /api/search?q=laptop HTTP/1.1" 302 10238 "-" "curl/7.88.1"
172.67.211.55 - - [16/May/2026:18:25:55 +0000] "POST /products HTTP/1.1" 302 6355 "-" "Mozilla/5.0 (Macintosh; Intel Mac OS X 10_15_7)"
104.26.12.44 - - [16/May/2026:18:25:55 +0000] "POST /checkout HTTP/1.1" 200 2039 "-" "Mozilla/5.0 (X11; Linux x86_64)"
84.17.44.201 - - [16/May/2026:18:25:55 +0000] "GET /api/search?q=headphones HTTP/1.1" 200 11189 "-" "Mozilla/5.0 (Windows NT 10.0; Win64; x64)"
104.26.12.44 - - [16/May/2026:18:25:55 +0000] "POST /assets/banner.jpg HTTP/1.1" 301 6632 "-" "Mozilla/5.0 (Windows NT 10.0; Win64; x64)"
84.17.44.201 - - [16/May/2026:18:25:55 +0000] "POST /cart HTTP/1.1" 200 4518 "-" "Mozilla/5.0 (Windows NT 10.0; Win64; x64)"
91.240.118.172 - - [16/May/2026:18:25:56 +0000] "GET /api/search?q=headphones HTTP/1.1" 200 10496 "-" "python-requests/2.31.0"
84.17.44.201 - - [16/May/2026:18:25:57 +0000] "POST /assets/logo.png HTTP/1.1" 302 10011 "-" "Mozilla/5.0 (X11; Linux x86_64)"
198.98.51.189 - - [16/May/2026:18:25:57 +0000] "GET /admin HTTP/1.1" 401 661 "-" "curl/7.88.1"
45.83.64.12 - - [16/May/2026:18:25:58 +0000] "GET / HTTP/1.1" 301 8690 "-" "Mozilla/5.0 (Windows NT 10.0; Win64; x64)"
172.67.211.55 - - [16/May/2026:18:25:59 +0000] "POST / HTTP/1.1" 200 1211 "-" "Mozilla/5.0 (Windows NT 10.0; Win64; x64)"
45.83.64.12 - - [16/May/2026:18:25:59 +0000] "POST /cart HTTP/1.1" 200 11490 "-" "curl/7.88.1"
172.67.211.55 - - [16/May/2026:18:26:00 +0000] "GET /register HTTP/1.1" 302 1328 "-" "Mozilla/5.0 (Windows NT 10.0; Win64; x64)"
45.83.64.12 - - [16/May/2026:18:26:00 +0000] "POST /products HTTP/1.1" 302 3462 "-" "Mozilla/5.0 (Windows NT 10.0; Win64; x64)"
104.26.12.44 - - [16/May/2026:18:26:00 +0000] "GET /login HTTP/1.1" 301 3930 "-" "curl/7.88.1"
104.26.12.44 - - [16/May/2026:18:26:00 +0000] "POST /assets/banner.jpg HTTP/1.1" 200 8738 "-" "Mozilla/5.0 (Macintosh; Intel Mac OS X 10_15_7)"
84.17.44.201 - - [16/May/2026:18:26:01 +0000] "POST /assets/logo.png HTTP/1.1" 200 4433 "-" "python-requests/2.31.0"
91.240.118.172 - - [16/May/2026:18:26:01 +0000] "GET /products HTTP/1.1" 302 9842 "-" "python-requests/2.31.0"
172.67.211.55 - - [16/May/2026:18:26:02 +0000] "POST /checkout HTTP/1.1" 200 502 "-" "Mozilla/5.0 (Macintosh; Intel Mac OS X 10_15_7)"
84.17.44.201 - - [16/May/2026:18:26:02 +0000] "GET /login HTTP/1.1" 200 3714 "-" "curl/7.88.1"
104.26.12.44 - - [16/May/2026:18:26:02 +0000] "POST /cart HTTP/1.1" 301 1193 "-" "Mozilla/5.0 (Windows NT 10.0; Win64; x64)"
45.95.147.21 - - [16/May/2026:18:26:02 +0000] "POST /login HTTP/1.1" 401 528 "-" "curl/7.88.1"
45.83.64.12 - - [16/May/2026:18:26:03 +0000] "POST /checkout HTTP/1.1" 200 8599 "-" "curl/7.88.1"
84.17.44.201 - - [16/May/2026:18:26:03 +0000] "GET /assets/logo.png HTTP/1.1" 200 4296 "-" "python-requests/2.31.0"
45.95.147.21 - - [16/May/2026:18:26:03 +0000] "GET /xmlrpc.php HTTP/1.1" 404 1212 "-" "Mozilla/5.0 (Macintosh; Intel Mac OS X 10_15_7)"
45.83.64.12 - - [16/May/2026:18:26:04 +0000] "POST /register HTTP/1.1" 200 7427 "-" "Mozilla/5.0 (Macintosh; Intel Mac OS X 10_15_7)"
84.17.44.201 - - [16/May/2026:18:26:05 +0000] "POST /contact HTTP/1.1" 200 2741 "-" "Mozilla/5.0 (X11; Linux x86_64)"
91.240.118.172 - - [16/May/2026:18:26:05 +0000] "POST / HTTP/1.1" 200 554 "-" "curl/7.88.1"
91.240.118.172 - - [16/May/2026:18:26:06 +0000] "GET /login HTTP/1.1" 301 3813 "-" "Mozilla/5.0 (X11; Linux x86_64)"
84.17.44.201 - - [16/May/2026:18:26:06 +0000] "GET /register HTTP/1.1" 301 407 "-" "python-requests/2.31.0"
91.240.118.172 - - [16/May/2026:18:26:06 +0000] "POST /contact HTTP/1.1" 200 6873 "-" "Mozilla/5.0 (X11; Linux x86_64)"
45.83.64.12 - - [16/May/2026:18:26:06 +0000] "POST /checkout HTTP/1.1" 200 7579 "-" "python-requests/2.31.0"
103.145.13.99 - - [16/May/2026:18:26:06 +0000] "POST /login HTTP/1.1" 401 914 "-" "Mozilla/5.0 (Windows NT 10.0; Win64; x64)"
45.83.64.12 - - [16/May/2026:18:26:07 +0000] "GET /contact HTTP/1.1" 301 8141 "-" "Mozilla/5.0 (Windows NT 10.0; Win64; x64)"
45.83.64.12 - - [16/May/2026:18:26:07 +0000] "GET /checkout HTTP/1.1" 200 4117 "-" "python-requests/2.31.0"
104.26.12.44 - - [16/May/2026:18:26:07 +0000] "POST /login HTTP/1.1" 200 878 "-" "python-requests/2.31.0"
104.26.12.44 - - [16/May/2026:18:26:08 +0000] "POST /assets/logo.png HTTP/1.1" 200 9868 "-" "python-requests/2.31.0"
172.67.211.55 - - [16/May/2026:18:26:08 +0000] "GET /checkout HTTP/1.1" 301 11117 "-" "Mozilla/5.0 (Macintosh; Intel Mac OS X 10_15_7)"
84.17.44.201 - - [16/May/2026:18:26:08 +0000] "POST /assets/banner.jpg HTTP/1.1" 301 1312 "-" "curl/7.88.1"
91.240.118.172 - - [16/May/2026:18:26:09 +0000] "POST /api/search?q=headphones HTTP/1.1" 200 7472 "-" "curl/7.88.1"
104.26.12.44 - - [16/May/2026:18:26:10 +0000] "POST /cart HTTP/1.1" 200 3680 "-" "Mozilla/5.0 (X11; Linux x86_64)"
84.17.44.201 - - [16/May/2026:18:26:10 +0000] "POST /api/search?q=laptop HTTP/1.1" 200 11378 "-" "python-requests/2.31.0"
45.83.64.12 - - [16/May/2026:18:26:10 +0000] "POST /home HTTP/1.1" 200 2201 "-" "python-requests/2.31.0"
84.17.44.201 - - [16/May/2026:18:26:11 +0000] "POST /api/search?q=laptop HTTP/1.1" 302 6729 "-" "Mozilla/5.0 (X11; Linux x86_64)"
104.26.12.44 - - [16/May/2026:18:26:11 +0000] "GET /products HTTP/1.1" 200 6003 "-" "Mozilla/5.0 (Macintosh; Intel Mac OS X 10_15_7)"
84.17.44.201 - - [16/May/2026:18:26:11 +0000] "GET /api/search?q=headphones HTTP/1.1" 200 7773 "-" "Mozilla/5.0 (Macintosh; Intel Mac OS X 10_15_7)"
