45.83.64.12 - - [16/May/2026:18:37:44 +0000] "POST /checkout HTTP/1.1" 301 11631 "-" "Mozilla/5.0 (X11; Linux x86_64)"
91.240.118.172 - - [16/May/2026:18:37:44 +0000] "GET /contact HTTP/1.1" 200 2003 "-" "curl/7.88.1"
104.26.12.44 - - [16/May/2026:18:37:44 +0000] "GET /assets/banner.jpg HTTP/1.1" 200 7494 "-" "Mozilla/5.0 (Macintosh; Intel Mac OS X 10_15_7)"
84.17.44.201 - - [16/May/2026:18:37:44 +0000] "POST / HTTP/1.1" 200 6151 "-" "curl/7.88.1"
45.83.64.12 - - [16/May/2026:18:37:45 +0000] "POST /api/search?q=headphones HTTP/1.1" 200 3656 "-" "curl/7.88.1"
104.26.12.44 - - [16/May/2026:18:37:46 +0000] "POST /register HTTP/1.1" 301 3439 "-" "Mozilla/5.0 (Windows NT 10.0; Win64; x64)"
172.67.211.55 - - [16/May/2026:18:37:46 +0000] "GET /cart HTTP/1.1" 200 11514 "-" "curl/7.88.1"
91.240.118.172 - - [16/May/2026:18:37:47 +0000] "GET /api/search?q=laptop HTTP/1.1" 301 2768 "-" "Mozilla/5.0 (X11; Linux x86_64)"
84.17.44.201 - - [16/May/2026:18:37:47 +0000] "GET /contact HTTP/1.1" 200 5245 "-" "Mozilla/5.0 (Macintosh; Intel Mac OS X 10_15_7)"
104.26.12.44 - - [16/May/2026:18:37:47 +0000] "POST /products HTTP/1.1" 200 1398 "-" "Mozilla/5.0 (X11; Linux x86_64)"
172.67.211.55 - - [16/May/2026:18:37:48 +0000] "GET /login HTTP/1.1" 200 11954 "-" "Mozilla/5.0 (Windows NT 10.0; Win64; x64)"
103.145.13.99 - - [16/May/2026:18:37:48 +0000] "POST /login HTTP/1.1" 401 1037 "-" "curl/7.88.1"
84.17.44.201 - - [16/May/2026:18:37:49 +0000] "GET /assets/banner.jpg HTTP/1.1" 200 3116 "-" "curl/7.88.1"
84.17.44.201 - - [16/May/2026:18:37:49 +0000] "POST /api/search?q=headphones HTTP/1.1" 200 10482 "-" "python-requests/2.31.0"
104.26.12.44 - - [16/May/2026:18:37:49 +0000] "GET /checkout HTTP/1.1" 200 10002 "-" "Mozilla/5.0 (Windows NT 10.0; Win64; x64)"
172.67.211.55 - - [16/May/2026:18:37:49 +0000] "GET /api/search?q=laptop HTTP/1.1" 200 1815 "-" "Mozilla/5.0 (Macintosh; Intel Mac OS X 10_15_7)"
172.67.211.55 - - [16/May/2026:18:37:50 +0000] "POST / HTTP/1.1" 301 10200 "-" "Mozilla/5.0 (Macintosh; Intel Mac OS X 10_15_7)"
172.67.211.55 - - [16/May/2026:18:37:50 +0000] "GET /assets/logo.png HTTP/1.1" 200 4501 "-" "curl/7.88.1"
45.83.64.12 - - [16/May/2026:18:37:51 +0000] "POST /assets/logo.png HTTP/1.1" 200 3642 "-" "Mozilla/5.0 (Macintosh; Intel Mac OS X 10_15_7)"
104.26.12.44 - - [16/May/2026:18:37:52 +0000] "GET /assets/banner.jpg HTTP/1.1" 200 2668 "-" "curl/7.88.1"
84.17.44.201 - - [16/May/2026:18:37:52 +0000] "GET /api/search?q=laptop HTTP/1.1" 200 10699 "-" "curl/7.88.1"
91.240.118.172 - - [16/May/2026:18:37:52 +0000] "GET /register HTTP/1.1" 301 2493 "-" "Mozilla/5.0 (X11; Linux x86_64)"
84.17.44.201 - - [16/May/2026:18:37:53 +0000] "GET /api/search?q=headphones HTTP/1.1" 302 10026 "-" "Mozilla/5.0 (Windows NT 10.0; Win64; x64)"
172.67.211.55 - - [16/May/2026:18:37:53 +0000] "POST /api/search?q=headphones HTTP/1.1" 200 11934 "-" "Mozilla/5.0 (Windows NT 10.0; Win64; x64)"
104.26.12.44 - - [16/May/2026:18:37:53 +0000] "POST /api/search?q=headphones HTTP/1.1" 200 11154 "-" "Mozilla/5.0 (Macintosh; Intel Mac OS X 10_15_7)"
91.240.118.172 - - [16/May/2026:18:37:53 +0000] "GET /cart HTTP/1.1" 301 10609 "-" "Mozilla/5.0 (X11; Linux x86_64)"
172.67.211.55 - - [16/May/2026:18:37:54 +0000] "POST /contact HTTP/1.1" 302 7062 "-" "python-requests/2.31.0"
45.83.64.12 - - [16/May/2026:18:37:54 +0000] "GET /products HTTP/1.1" 301 3294 "-" "Mozilla/5.0 (Macintosh; Intel Mac OS X 10_15_7)"
104.26.12.44 - - [16/May/2026:18:37:54 +0000] "GET /home HTTP/1.1" 200 11243 "-" "Mozilla/5.0 (Macintosh; Intel Mac OS X 10_15_7)"
104.26.12.44 - - [16/May/2026:18:37:54 +0000] "GET /products HTTP/1.1" 200 537 "-" "python-requests/2.31.0"
91.240.118.172 - - [16/May/2026:18:37:55 +0000] "GET /register HTTP/1.1" 200 11020 "-" "curl/7.88.1"
45.83.64.12 - - [16/May/2026:18:37:55 +0000] "GET /home HTTP/1.1" 200 840 "-" "Mozilla/5.0 (Windows NT 10.0; Win64; x64)"
45.83.64.12 - - [16/May/2026:18:37:55 +0000] "GET /login HTTP/1.1" 200 6509 "-" "Mozilla/5.0 (Macintosh; Intel Mac OS X 10_15_7)"
84.17.44.201 - - [16/May/2026:18:37:55 +0000] "POST / HTTP/1.1" 301 6627 "-" "curl/7.88.1"
91.240.118.172 - - [16/May/2026:18:37:56 +0000] "POST /contact HTTP/1.1" 200 3774 "-" "Mozilla/5.0 (Windows NT 10.0; Win64; x64)"
84.17.44.201 - - [16/May/2026:18:37:56 +0000] "POST /api/search?q=headphones HTTP/1.1" 200 2028 "-" "Mozilla/5.0 (Windows NT 10.0; Win64; x64)"
172.67.211.55 - - [16/May/2026:18:37:57 +0000] "GET /register HTTP/1.1" 302 8983 "-" "Mozilla/5.0 (Windows NT 10.0; Win64; x64)"
103.145.13.99 - - [16/May/2026:18:37:57 +0000] "POST /login HTTP/1.1" 401 791 "-" "curl/7.88.1"
45.83.64.12 - - [16/May/2026:18:37:58 +0000] "POST /register HTTP/1.1" 302 11171 "-" "Mozilla/5.0 (Windows NT 10.0; Win64; x64)"
172.67.211.55 - - [16/May/2026:18:37:58 +0000] "POST / HTTP/1.1" 200 7504 "-" "Mozilla/5.0 (Windows NT 10.0; Win64; x64)"
104.26.12.44 - - [16/May/2026:18:37:58 +0000] "POST /assets/banner.jpg HTTP/1.1" 200 3767 "-" "curl/7.88.1"
104.26.12.44 - - [16/May/2026:18:37:59 +0000] "GET /products HTTP/1.1" 302 2120 "-" "curl/7.88.1"
104.26.12.44 - - [16/May/2026:18:37:59 +0000] "POST /api/search?q=headphones HTTP/1.1" 302 1789 "-" "python-requests/2.31.0"
172.67.211.55 - - [16/May/2026:18:38:00 +0000] "GET /assets/logo.png HTTP/1.1" 200 11021 "-" "python-requests/2.31.0"
84.17.44.201 - - [16/May/2026:18:38:00 +0000] "GET /home HTTP/1.1" 200 7825 "-" "Mozilla/5.0 (Windows NT 10.0; Win64; x64)"
172.67.211.55 - - [16/May/2026:18:38:00 +0000] "GET /register HTTP/1.1" 200 11198 "-" "curl/7.88.1"
91.240.118.172 - - [16/May/2026:18:38:00 +0000] "POST /api/search?q=headphones HTTP/1.1" 200 11586 "-" "Mozilla/5.0 (Macintosh; Intel Mac OS X 10_15_7)"
172.67.211.55 - - [16/May/2026:18:38:01 +0000] "GET / HTTP/1.1" 200 5361 "-" "Mozilla/5.0 (Macintosh; Intel Mac OS X 10_15_7)"
84.17.44.201 - - [16/May/2026:18:38:01 +0000] "POST /cart HTTP/1.1" 302 6574 "-" "Mozilla/5.0 (X11; Linux x86_64)"
172.67.211.55 - - [16/May/2026:18:38:01 +0000] "POST /login HTTP/1.1" 200 10135 "-" "python-requests/2.31.0"
91.240.118.172 - - [16/May/2026:18:38:01 +0000] "GET /home HTTP/1.1" 200 8848 "-" "curl/7.88.1"
185.220.101.45 - - [16/May/2026:18:38:01 +0000] "GET /server-status HTTP/1.1" 401 1008 "-" "Mozilla/5.0 (X11; Linux x86_64)"
91.240.118.172 - - [16/May/2026:18:38:02 +0000] "GET /api/search?q=headphones HTTP/1.1" 200 2341 "-" "curl/7.88.1"
84.17.44.201 - - [16/May/2026:18:38:03 +0000] "POST /assets/logo.png HTTP/1.1" 302 982 "-" "Mozilla/5.0 (X11; Linux x86_64)"
84.17.44.201 - - [16/May/2026:18:38:03 +0000] "GET /home HTTP/1.1" 200 6350 "-" "Mozilla/5.0 (X11; Linux x86_64)"
84.17.44.201 - - [16/May/2026:18:38:03 +0000] "GET /api/search?q=laptop HTTP/1.1" 302 4983 "-" "Mozilla/5.0 (X11; Linux x86_64)"
185.220.101.45 - - [16/May/2026:18:38:03 +0000] "GET /admin HTTP/1.1" 404 671 "-" "curl/7.88.1"
84.17.44.201 - - [16/May/2026:18:38:04 +0000] "POST /checkout HTTP/1.1" 301 10895 "-" "Mozilla/5.0 (X11; Linux x86_64)"
45.83.64.12 - - [16/May/2026:18:38:04 +0000] "GET /register HTTP/1.1" 301 10881 "-" "python-requests/2.31.0"
84.17.44.201 - - [16/May/2026:18:38:05 +0000] "GET /api/search?q=headphones HTTP/1.1" 200 11794 "-" "curl/7.88.1"
84.17.44.201 - - [16/May/2026:18:38:05 +0000] "POST /assets/banner.jpg HTTP/1.1" 302 4031 "-" "curl/7.88.1"
91.240.118.172 - - [16/May/2026:18:38:05 +0000] "GET /api/search?q=headphones HTTP/1.1" 301 3604 "-" "python-requests/2.31.0"
172.67.211.55 - - [16/May/2026:18:38:06 +0000] "GET /checkout HTTP/1.1" 302 7887 "-" "Mozilla/5.0 (X11; Linux x86_64)"
104.26.12.44 - - [16/May/2026:18:38:06 +0000] "GET /products HTTP/1.1" 200 10981 "-" "python-requests/2.31.0"
91.240.118.172 - - [16/May/2026:18:38:06 +0000] "GET /api/search?q=laptop HTTP/1.1" 200 1656 "-" "python-requests/2.31.0"
104.26.12.44 - - [16/May/2026:18:38:07 +0000] "GET /api/search?q=laptop HTTP/1.1" 301 4870 "-" "curl/7.88.1"
104.26.12.44 - - [16/May/2026:18:38:07 +0000] "POST /api/search?q=laptop HTTP/1.1" 301 10500 "-" "curl/7.88.1"
104.26.12.44 - - [16/May/2026:18:38:07 +0000] "GET /home HTTP/1.1" 200 539 "-" "Mozilla/5.0 (Windows NT 10.0; Win64; x64)"
84.17.44.201 - - [16/May/2026:18:38:08 +0000] "POST /assets/logo.png HTTP/1.1" 301 5566 "-" "curl/7.88.1"
91.240.118.172 - - [16/May/2026:18:38:09 +0000] "POST /api/search?q=laptop HTTP/1.1" 200 1846 "-" "python-requests/2.31.0"
45.83.64.12 - - [16/May/2026:18:38:09 +0000] "GET /login HTTP/1.1" 200 1149 "-" "Mozilla/5.0 (X11; Linux x86_64)"
91.240.118.172 - - [16/May/2026:18:38:10 +0000] "POST /cart HTTP/1.1" 301 6716 "-" "Mozilla/5.0 (Windows NT 10.0; Win64; x64)"
91.240.118.172 - - [16/May/2026:18:38:10 +0000] "GET /home HTTP/1.1" 301 8161 "-" "Mozilla/5.0 (X11; Linux x86_64)"
84.17.44.201 - - [16/May/2026:18:38:11 +0000] "GET /contact HTTP/1.1" 302 5117 "-" "python-requests/2.31.0"
104.26.12.44 - - [16/May/2026:18:38:11 +0000] "GET /cart HTTP/1.1" 200 11352 "-" "curl/7.88.1"
91.240.118.172 - - [16/May/2026:18:38:12 +0000] "POST /cart HTTP/1.1" 200 4395 "-" "curl/7.88.1"
91.240.118.172 - - [16/May/2026:18:38:12 +0000] "GET /checkout HTTP/1.1" 200 2364 "-" "Mozilla/5.0 (Macintosh; Intel Mac OS X 10_15_7)"
91.240.118.172 - - [16/May/2026:18:38:12 +0000] "GET /login HTTP/1.1" 200 7208 "-" "curl/7.88.1"
45.83.64.12 - - [16/May/2026:18:38:13 +0000] "POST /home HTTP/1.1" 302 9897 "-" "Mozilla/5.0 (X11; Linux x86_64)"
45.83.64.12 - - [16/May/2026:18:38:13 +0000] "GET /register HTTP/1.1" 302 9440 "-" "curl/7.88.1"
91.240.118.172 - - [16/May/2026:18:38:13 +0000] "GET /checkout HTTP/1.1" 301 11539 "-" "Mozilla/5.0 (X11; Linux x86_64)"
91.240.118.172 - - [16/May/2026:18:38:14 +0000] "GET / HTTP/1.1" 200 429 "-" "Mozilla/5.0 (X11; Linux x86_64)"
172.67.211.55 - - [16/May/2026:18:38:14 +0000] "GET /assets/banner.jpg HTTP/1.1" 301 6429 "-" "Mozilla/5.0 (Macintosh; Intel Mac OS X 10_15_7)"
84.17.44.201 - - [16/May/2026:18:38:15 +0000] "GET /api/search?q=laptop HTTP/1.1" 200 4673 "-" "Mozilla/5.0 (Macintosh; Intel Mac OS X 10_15_7)"
172.67.211.55 - - [16/May/2026:18:38:15 +0000] "POST /home HTTP/1.1" 200 2438 "-" "Mozilla/5.0 (X11; Linux x86_64)"
45.83.64.12 - - [16/May/2026:18:38:16 +0000] "GET /assets/logo.png HTTP/1.1" 200 1173 "-" "curl/7.88.1"
104.26.12.44 - - [16/May/2026:18:38:16 +0000] "GET /checkout HTTP/1.1" 302 1668 "-" "Mozilla/5.0 (X11; Linux x86_64)"
84.17.44.201 - - [16/May/2026:18:38:17 +0000] "POST /api/search?q=headphones HTTP/1.1" 200 3469 "-" "python-requests/2.31.0"
172.67.211.55 - - [16/May/2026:18:38:17 +0000] "GET /api/search?q=headphones HTTP/1.1" 200 10826 "-" "Mozilla/5.0 (Macintosh; Intel Mac OS X 10_15_7)"
172.67.211.55 - - [16/May/2026:18:38:18 +0000] "GET /assets/logo.png HTTP/1.1" 200 9343 "-" "python-requests/2.31.0"
45.83.64.12 - - [16/May/2026:18:38:18 +0000] "GET /home HTTP/1.1" 301 4575 "-" "python-requests/2.31.0"
91.240.118.172 - - [16/May/2026:18:38:19 +0000] "GET /api/search?q=laptop HTTP/1.1" 302 11733 "-" "curl/7.88.1"
84.17.44.201 - - [16/May/2026:18:38:20 +0000] "POST /products HTTP/1.1" 200 10584 "-" "Mozilla/5.0 (X11; Linux x86_64)"
45.83.64.12 - - [16/May/2026:18:38:20 +0000] "POST /login HTTP/1.1" 200 9021 "-" "Mozilla/5.0 (X11; Linux x86_64)"
172.67.211.55 - - [16/May/2026:18:38:20 +0000] "POST /checkout HTTP/1.1" 302 3614 "-" "curl/7.88.1"
45.83.64.12 - - [16/May/2026:18:38:20 +0000] "POST /checkout HTTP/1.1" 301 3123 "-" "Mozilla/5.0 (X11; Linux x86_64)"
104.26.12.44 - - [16/May/2026:18:38:21 +0000] "POST /cart HTTP/1.1" 301 5721 "-" "Mozilla/5.0 (X11; Linux x86_64)"
45.83.64.12 - - [16/May/2026:18:38:21 +0000] "POST /register HTTP/1.1" 302 3321 "-" "python-requests/2.31.0"
91.240.118.172 - - [16/May/2026:18:38:21 +0000] "GET /assets/banner.jpg HTTP/1.1" 301 4561 "-" "curl/7.88.1"
84.17.44.201 - - [16/May/2026:18:38:22 +0000] "POST /cart HTTP/1.1" 301 6075 "-" "Mozilla/5.0 (Windows NT 10.0; Win64; x64)"
45.83.64.12 - - [16/May/2026:18:38:22 +0000] "GET /login HTTP/1.1" 200 961 "-" "Mozilla/5.0 (X11; Linux x86_64)"
172.67.211.55 - - [16/May/2026:18:38:22 +0000] "GET /products HTTP/1.1" 200 4120 "-" "Mozilla/5.0 (X11; Linux x86_64)"
45.83.64.12 - - [16/May/2026:18:38:22 +0000] "POST /login HTTP/1.1" 302 7289 "-" "Mozilla/5.0 (Windows NT 10.0; Win64; x64)"
84.17.44.201 - - [16/May/2026:18:38:23 +0000] "GET /register HTTP/1.1" 302 2480 "-" "Mozilla/5.0 (Windows NT 10.0; Win64; x64)"
91.240.118.172 - - [16/May/2026:18:38:23 +0000] "GET /cart HTTP/1.1" 302 8769 "-" "Mozilla/5.0 (Windows NT 10.0; Win64; x64)"
45.83.64.12 - - [16/May/2026:18:38:23 +0000] "POST / HTTP/1.1" 301 2056 "-" "curl/7.88.1"
45.83.64.12 - - [16/May/2026:18:38:23 +0000] "POST /login HTTP/1.1" 200 1435 "-" "Mozilla/5.0 (Windows NT 10.0; Win64; x64)"
104.26.12.44 - - [16/May/2026:18:38:23 +0000] "GET /home HTTP/1.1" 200 6423 "-" "Mozilla/5.0 (X11; Linux x86_64)"
104.26.12.44 - - [16/May/2026:18:38:23 +0000] "GET /api/search?q=headphones HTTP/1.1" 301 6853 "-" "curl/7.88.1"
91.240.118.172 - - [16/May/2026:18:38:23 +0000] "POST /products HTTP/1.1" 200 8051 "-" "Mozilla/5.0 (Macintosh; Intel Mac OS X 10_15_7)"
104.26.12.44 - - [16/May/2026:18:38:23 +0000] "POST /assets/logo.png HTTP/1.1" 200 10279 "-" "Mozilla/5.0 (Macintosh; Intel Mac OS X 10_15_7)"
45.83.64.12 - - [16/May/2026:18:38:23 +0000] "GET /checkout HTTP/1.1" 200 3477 "-" "python-requests/2.31.0"
104.26.12.44 - - [16/May/2026:18:38:23 +0000] "POST /login HTTP/1.1" 200 5749 "-" "curl/7.88.1"
84.17.44.201 - - [16/May/2026:18:38:23 +0000] "POST /register HTTP/1.1" 200 5437 "-" "Mozilla/5.0 (X11; Linux x86_64)"
172.67.211.55 - - [16/May/2026:18:38:23 +0000] "POST /home HTTP/1.1" 302 11633 "-" "curl/7.88.1"
84.17.44.201 - - [16/May/2026:18:38:23 +0000] "GET /assets/logo.png HTTP/1.1" 301 9040 "-" "Mozilla/5.0 (X11; Linux x86_64)"
45.83.64.12 - - [16/May/2026:18:38:23 +0000] "POST /checkout HTTP/1.1" 200 6739 "-" "curl/7.88.1"
104.26.12.44 - - [16/May/2026:18:38:23 +0000] "POST /home HTTP/1.1" 302 8618 "-" "Mozilla/5.0 (Macintosh; Intel Mac OS X 10_15_7)"
172.67.211.55 - - [16/May/2026:18:38:23 +0000] "GET /checkout HTTP/1.1" 200 405 "-" "Mozilla/5.0 (X11; Linux x86_64)"
172.67.211.55 - - [16/May/2026:18:38:23 +0000] "POST /register HTTP/1.1" 301 11840 "-" "Mozilla/5.0 (X11; Linux x86_64)"
84.17.44.201 - - [16/May/2026:18:38:23 +0000] "GET /login HTTP/1.1" 200 9679 "-" "Mozilla/5.0 (Windows NT 10.0; Win64; x64)"
172.67.211.55 - - [16/May/2026:18:38:24 +0000] "POST /api/search?q=laptop HTTP/1.1" 200 2500 "-" "curl/7.88.1"
104.26.12.44 - - [16/May/2026:18:38:24 +0000] "POST /register HTTP/1.1" 301 10687 "-" "Mozilla/5.0 (Macintosh; Intel Mac OS X 10_15_7)"
172.67.211.55 - - [16/May/2026:18:38:25 +0000] "GET /checkout HTTP/1.1" 200 3452 "-" "Mozilla/5.0 (X11; Linux x86_64)"
104.26.12.44 - - [16/May/2026:18:38:25 +0000] "GET /cart HTTP/1.1" 302 5971 "-" "curl/7.88.1"
91.240.118.172 - - [16/May/2026:18:38:25 +0000] "GET /api/search?q=laptop HTTP/1.1" 302 4591 "-" "Mozilla/5.0 (Macintosh; Intel Mac OS X 10_15_7)"
91.240.118.172 - - [16/May/2026:18:38:25 +0000] "POST /products HTTP/1.1" 200 10401 "-" "Mozilla/5.0 (X11; Linux x86_64)"
91.240.118.172 - - [16/May/2026:18:38:26 +0000] "POST / HTTP/1.1" 200 7555 "-" "Mozilla/5.0 (Macintosh; Intel Mac OS X 10_15_7)"
104.26.12.44 - - [16/May/2026:18:38:26 +0000] "POST /checkout HTTP/1.1" 200 4202 "-" "Mozilla/5.0 (Windows NT 10.0; Win64; x64)"
104.26.12.44 - - [16/May/2026:18:38:26 +0000] "POST /products HTTP/1.1" 302 8988 "-" "curl/7.88.1"
91.240.118.172 - - [16/May/2026:18:38:26 +0000] "GET /api/search?q=laptop HTTP/1.1" 200 10753 "-" "Mozilla/5.0 (Macintosh; Intel Mac OS X 10_15_7)"
172.67.211.55 - - [16/May/2026:18:38:27 +0000] "POST /register HTTP/1.1" 200 2104 "-" "python-requests/2.31.0"
172.67.211.55 - - [16/May/2026:18:38:27 +0000] "POST /products HTTP/1.1" 301 769 "-" "Mozilla/5.0 (Windows NT 10.0; Win64; x64)"
172.67.211.55 - - [16/May/2026:18:38:27 +0000] "GET /cart HTTP/1.1" 302 4309 "-" "curl/7.88.1"
91.240.118.172 - - [16/May/2026:18:38:28 +0000] "POST /products HTTP/1.1" 200 8801 "-" "curl/7.88.1"
91.240.118.172 - - [16/May/2026:18:38:29 +0000] "POST /login HTTP/1.1" 200 5149 "-" "Mozilla/5.0 (X11; Linux x86_64)"
172.67.211.55 - - [16/May/2026:18:38:29 +0000] "POST /home HTTP/1.1" 301 11388 "-" "curl/7.88.1"
84.17.44.201 - - [16/May/2026:18:38:29 +0000] "POST /home HTTP/1.1" 200 7775 "-" "python-requests/2.31.0"
104.26.12.44 - - [16/May/2026:18:38:29 +0000] "POST /login HTTP/1.1" 200 3175 "-" "Mozilla/5.0 (Windows NT 10.0; Win64; x64)"
91.240.118.172 - - [16/May/2026:18:38:30 +0000] "GET /contact HTTP/1.1" 200 6730 "-" "Mozilla/5.0 (X11; Linux x86_64)"
45.83.64.12 - - [16/May/2026:18:38:30 +0000] "POST /api/search?q=headphones HTTP/1.1" 302 3357 "-" "python-requests/2.31.0"
45.83.64.12 - - [16/May/2026:18:38:30 +0000] "POST /login HTTP/1.1" 200 8797 "-" "curl/7.88.1"
91.240.118.172 - - [16/May/2026:18:38:30 +0000] "GET /checkout HTTP/1.1" 200 10795 "-" "curl/7.88.1"
45.83.64.12 - - [16/May/2026:18:38:31 +0000] "POST /register HTTP/1.1" 200 7444 "-" "Mozilla/5.0 (X11; Linux x86_64)"
91.240.118.172 - - [16/May/2026:18:38:31 +0000] "POST /assets/banner.jpg HTTP/1.1" 302 10099 "-" "python-requests/2.31.0"
103.145.13.99 - - [16/May/2026:18:38:31 +0000] "POST /login HTTP/1.1" 401 1526 "-" "Mozilla/5.0 (Windows NT 10.0; Win64; x64)"
104.26.12.44 - - [16/May/2026:18:38:32 +0000] "POST / HTTP/1.1" 200 961 "-" "curl/7.88.1"
91.240.118.172 - - [16/May/2026:18:38:33 +0000] "GET /assets/logo.png HTTP/1.1" 301 1942 "-" "python-requests/2.31.0"
91.240.118.172 - - [16/May/2026:18:38:34 +0000] "POST /login HTTP/1.1" 200 4199 "-" "python-requests/2.31.0"
172.67.211.55 - - [16/May/2026:18:38:34 +0000] "GET /api/search?q=laptop HTTP/1.1" 302 6176 "-" "curl/7.88.1"
91.240.118.172 - - [16/May/2026:18:38:34 +0000] "GET /login HTTP/1.1" 200 5513 "-" "Mozilla/5.0 (Windows NT 10.0; Win64; x64)"
84.17.44.201 - - [16/May/2026:18:38:34 +0000] "GET /home HTTP/1.1" 302 6755 "-" "Mozilla/5.0 (X11; Linux x86_64)"
172.67.211.55 - - [16/May/2026:18:38:35 +0000] "GET /home HTTP/1.1" 200 11185 "-" "curl/7.88.1"
198.98.51.189 - - [16/May/2026:18:38:35 +0000] "GET /wp-login.php HTTP/1.1" 404 1459 "-" "python-requests/2.31.0"
84.17.44.201 - - [16/May/2026:18:38:36 +0000] "POST /api/search?q=headphones HTTP/1.1" 301 6537 "-" "curl/7.88.1"
84.17.44.201 - - [16/May/2026:18:38:37 +0000] "POST /api/search?q=laptop HTTP/1.1" 200 5428 "-" "curl/7.88.1"
91.240.118.172 - - [16/May/2026:18:38:37 +0000] "GET /api/search?q=laptop HTTP/1.1" 302 5735 "-" "Mozilla/5.0 (Windows NT 10.0; Win64; x64)"
172.67.211.55 - - [16/May/2026:18:38:37 +0000] "GET /api/search?q=headphones HTTP/1.1" 200 9042 "-" "curl/7.88.1"
45.83.64.12 - - [16/May/2026:18:38:37 +0000] "POST /api/search?q=laptop HTTP/1.1" 200 9173 "-" "Mozilla/5.0 (X11; Linux x86_64)"
89.248.165.74 - - [16/May/2026:18:38:37 +0000] "GET /phpmyadmin HTTP/1.1" 403 844 "-" "Mozilla/5.0 (Windows NT 10.0; Win64; x64)"
104.26.12.44 - - [16/May/2026:18:38:38 +0000] "POST /api/search?q=headphones HTTP/1.1" 200 3824 "-" "Mozilla/5.0 (X11; Linux x86_64)"
104.26.12.44 - - [16/May/2026:18:38:38 +0000] "GET /checkout HTTP/1.1" 200 961 "-" "Mozilla/5.0 (X11; Linux x86_64)"
104.26.12.44 - - [16/May/2026:18:38:38 +0000] "GET /assets/logo.png HTTP/1.1" 302 9166 "-" "python-requests/2.31.0"
172.67.211.55 - - [16/May/2026:18:38:38 +0000] "POST /register HTTP/1.1" 200 7842 "-" "Mozilla/5.0 (Macintosh; Intel Mac OS X 10_15_7)"
91.240.118.172 - - [16/May/2026:18:38:39 +0000] "POST /api/search?q=headphones HTTP/1.1" 301 6519 "-" "Mozilla/5.0 (Windows NT 10.0; Win64; x64)"
84.17.44.201 - - [16/May/2026:18:38:39 +0000] "GET /checkout HTTP/1.1" 301 11778 "-" "curl/7.88.1"
91.240.118.172 - - [16/May/2026:18:38:39 +0000] "GET /assets/banner.jpg HTTP/1.1" 200 7006 "-" "Mozilla/5.0 (Macintosh; Intel Mac OS X 10_15_7)"
84.17.44.201 - - [16/May/2026:18:38:39 +0000] "POST /home HTTP/1.1" 200 9933 "-" "Mozilla/5.0 (X11; Linux x86_64)"
84.17.44.201 - - [16/May/2026:18:38:40 +0000] "GET /assets/logo.png HTTP/1.1" 200 6353 "-" "python-requests/2.31.0"
84.17.44.201 - - [16/May/2026:18:38:40 +0000] "GET /products HTTP/1.1" 302 422 "-" "python-requests/2.31.0"
104.26.12.44 - - [16/May/2026:18:38:40 +0000] "POST /login HTTP/1.1" 302 3291 "-" "Mozilla/5.0 (X11; Linux x86_64)"
172.67.211.55 - - [16/May/2026:18:38:40 +0000] "GET /cart HTTP/1.1" 200 10279 "-" "python-requests/2.31.0"
84.17.44.201 - - [16/May/2026:18:38:41 +0000] "GET /api/search?q=laptop HTTP/1.1" 302 5228 "-" "Mozilla/5.0 (Macintosh; Intel Mac OS X 10_15_7)"
84.17.44.201 - - [16/May/2026:18:38:41 +0000] "GET /login HTTP/1.1" 200 5289 "-" "Mozilla/5.0 (Macintosh; Intel Mac OS X 10_15_7)"
91.240.118.172 - - [16/May/2026:18:38:41 +0000] "GET /register HTTP/1.1" 200 11395 "-" "Mozilla/5.0 (Windows NT 10.0; Win64; x64)"
91.240.118.172 - - [16/May/2026:18:38:42 +0000] "POST /api/search?q=laptop HTTP/1.1" 301 6995 "-" "Mozilla/5.0 (Windows NT 10.0; Win64; x64)"
91.240.118.172 - - [16/May/2026:18:38:43 +0000] "POST /api/search?q=laptop HTTP/1.1" 200 9358 "-" "Mozilla/5.0 (Macintosh; Intel Mac OS X 10_15_7)"
91.240.118.172 - - [16/May/2026:18:38:43 +0000] "GET /contact HTTP/1.1" 200 2681 "-" "Mozilla/5.0 (Windows NT 10.0; Win64; x64)"
91.240.118.172 - - [16/May/2026:18:38:43 +0000] "POST /cart HTTP/1.1" 200 4448 "-" "Mozilla/5.0 (Macintosh; Intel Mac OS X 10_15_7)"
91.240.118.172 - - [16/May/2026:18:38:44 +0000] "POST /cart HTTP/1.1" 302 10695 "-" "Mozilla/5.0 (Windows NT 10.0; Win64; x64)"
84.17.44.201 - - [16/May/2026:18:38:44 +0000] "POST /home HTTP/1.1" 200 10877 "-" "python-requests/2.31.0"
91.240.118.172 - - [16/May/2026:18:38:45 +0000] "GET /home HTTP/1.1" 301 4828 "-" "Mozilla/5.0 (X11; Linux x86_64)"
84.17.44.201 - - [16/May/2026:18:38:45 +0000] "GET /api/search?q=headphones HTTP/1.1" 200 6239 "-" "python-requests/2.31.0"
104.26.12.44 - - [16/May/2026:18:38:45 +0000] "POST /assets/logo.png HTTP/1.1" 200 4016 "-" "Mozilla/5.0 (Macintosh; Intel Mac OS X 10_15_7)"
89.248.165.74 - - [16/May/2026:18:38:45 +0000] "GET /.env HTTP/1.1" 401 502 "-" "Mozilla/5.0 (X11; Linux x86_64)"
104.26.12.44 - - [16/May/2026:18:38:46 +0000] "POST /contact HTTP/1.1" 200 6127 "-" "Mozilla/5.0 (X11; Linux x86_64)"
172.67.211.55 - - [16/May/2026:18:38:46 +0000] "POST /home HTTP/1.1" 301 4931 "-" "Mozilla/5.0 (Windows NT 10.0; Win64; x64)"
45.83.64.12 - - [16/May/2026:18:38:47 +0000] "POST /contact HTTP/1.1" 302 1108 "-" "Mozilla/5.0 (Windows NT 10.0; Win64; x64)"
91.240.118.172 - - [16/May/2026:18:38:47 +0000] "GET /register HTTP/1.1" 302 1813 "-" "Mozilla/5.0 (Windows NT 10.0; Win64; x64)"
84.17.44.201 - - [16/May/2026:18:38:47 +0000] "POST /api/search?q=headphones HTTP/1.1" 200 8516 "-" "Mozilla/5.0 (X11; Linux x86_64)"
45.83.64.12 - - [16/May/2026:18:38:48 +0000] "GET / HTTP/1.1" 200 1643 "-" "curl/7.88.1"
104.26.12.44 - - [16/May/2026:18:38:48 +0000] "POST /api/search?q=laptop HTTP/1.1" 302 7570 "-" "python-requests/2.31.0"
45.83.64.12 - - [16/May/2026:18:38:48 +0000] "GET /contact HTTP/1.1" 200 10330 "-" "Mozilla/5.0 (Macintosh; Intel Mac OS X 10_15_7)"
172.67.211.55 - - [16/May/2026:18:38:48 +0000] "GET /assets/banner.jpg HTTP/1.1" 200 2757 "-" "Mozilla/5.0 (X11; Linux x86_64)"
91.240.118.172 - - [16/May/2026:18:38:49 +0000] "POST /register HTTP/1.1" 200 8108 "-" "Mozilla/5.0 (X11; Linux x86_64)"
172.67.211.55 - - [16/May/2026:18:38:49 +0000] "GET /home HTTP/1.1" 302 10906 "-" "Mozilla/5.0 (Windows NT 10.0; Win64; x64)"
172.67.211.55 - - [16/May/2026:18:38:49 +0000] "POST /products HTTP/1.1" 200 10128 "-" "Mozilla/5.0 (X11; Linux x86_64)"
104.26.12.44 - - [16/May/2026:18:38:49 +0000] "GET /register HTTP/1.1" 200 8914 "-" "Mozilla/5.0 (Macintosh; Intel Mac OS X 10_15_7)"
84.17.44.201 - - [16/May/2026:18:38:50 +0000] "POST /checkout HTTP/1.1" 301 3880 "-" "Mozilla/5.0 (Windows NT 10.0; Win64; x64)"
84.17.44.201 - - [16/May/2026:18:38:50 +0000] "POST /checkout HTTP/1.1" 200 4056 "-" "curl/7.88.1"
84.17.44.201 - - [16/May/2026:18:38:51 +0000] "POST /assets/logo.png HTTP/1.1" 301 11380 "-" "Mozilla/5.0 (Windows NT 10.0; Win64; x64)"
84.17.44.201 - - [16/May/2026:18:38:52 +0000] "GET /cart HTTP/1.1" 200 4074 "-" "Mozilla/5.0 (X11; Linux x86_64)"
172.67.211.55 - - [16/May/2026:18:38:52 +0000] "GET /products HTTP/1.1" 301 3388 "-" "curl/7.88.1"
45.83.64.12 - - [16/May/2026:18:38:53 +0000] "GET /checkout HTTP/1.1" 200 4882 "-" "curl/7.88.1"
84.17.44.201 - - [16/May/2026:18:38:53 +0000] "POST /home HTTP/1.1" 301 9180 "-" "Mozilla/5.0 (Windows NT 10.0; Win64; x64)"
104.26.12.44 - - [16/May/2026:18:38:53 +0000] "GET / HTTP/1.1" 200 10695 "-" "Mozilla/5.0 (X11; Linux x86_64)"
172.67.211.55 - - [16/May/2026:18:38:53 +0000] "POST /login HTTP/1.1" 302 2573 "-" "Mozilla/5.0 (Macintosh; Intel Mac OS X 10_15_7)"
91.240.118.172 - - [16/May/2026:18:38:54 +0000] "GET /assets/banner.jpg HTTP/1.1" 200 5400 "-" "python-requests/2.31.0"
104.26.12.44 - - [16/May/2026:18:38:54 +0000] "GET /api/search?q=laptop HTTP/1.1" 200 6471 "-" "Mozilla/5.0 (Macintosh; Intel Mac OS X 10_15_7)"
172.67.211.55 - - [16/May/2026:18:38:54 +0000] "GET /home HTTP/1.1" 301 619 "-" "curl/7.88.1"
84.17.44.201 - - [16/May/2026:18:38:54 +0000] "GET /contact HTTP/1.1" 200 1445 "-" "Mozilla/5.0 (Macintosh; Intel Mac OS X 10_15_7)"
91.240.118.172 - - [16/May/2026:18:38:55 +0000] "GET /assets/logo.png HTTP/1.1" 301 3607 "-" "Mozilla/5.0 (Windows NT 10.0; Win64; x64)"
91.240.118.172 - - [16/May/2026:18:38:55 +0000] "POST / HTTP/1.1" 302 1672 "-" "Mozilla/5.0 (Windows NT 10.0; Win64; x64)"
84.17.44.201 - - [16/May/2026:18:38:55 +0000] "POST /api/search?q=laptop HTTP/1.1" 301 5584 "-" "curl/7.88.1"
104.26.12.44 - - [16/May/2026:18:38:56 +0000] "POST /contact HTTP/1.1" 200 1218 "-" "Mozilla/5.0 (X11; Linux x86_64)"
172.67.211.55 - - [16/May/2026:18:38:56 +0000] "GET /assets/banner.jpg HTTP/1.1" 301 5990 "-" "curl/7.88.1"
84.17.44.201 - - [16/May/2026:18:38:57 +0000] "POST /products HTTP/1.1" 301 2885 "-" "python-requests/2.31.0"
172.67.211.55 - - [16/May/2026:18:38:58 +0000] "GET /assets/logo.png HTTP/1.1" 200 749 "-" "Mozilla/5.0 (Windows NT 10.0; Win64; x64)"
172.67.211.55 - - [16/May/2026:18:38:59 +0000] "POST /login HTTP/1.1" 200 9619 "-" "curl/7.88.1"
91.240.118.172 - - [16/May/2026:18:38:59 +0000] "GET /cart HTTP/1.1" 200 1713 "-" "Mozilla/5.0 (Windows NT 10.0; Win64; x64)"
45.83.64.12 - - [16/May/2026:18:38:59 +0000] "POST /checkout HTTP/1.1" 301 1718 "-" "Mozilla/5.0 (X11; Linux x86_64)"
45.83.64.12 - - [16/May/2026:18:39:00 +0000] "GET /assets/logo.png HTTP/1.1" 302 5128 "-" "curl/7.88.1"
84.17.44.201 - - [16/May/2026:18:39:00 +0000] "POST /login HTTP/1.1" 301 8778 "-" "Mozilla/5.0 (Windows NT 10.0; Win64; x64)"
84.17.44.201 - - [16/May/2026:18:39:00 +0000] "GET /home HTTP/1.1" 200 871 "-" "Mozilla/5.0 (Windows NT 10.0; Win64; x64)"
45.83.64.12 - - [16/May/2026:18:39:01 +0000] "POST /login HTTP/1.1" 200 4593 "-" "Mozilla/5.0 (Macintosh; Intel Mac OS X 10_15_7)"
89.248.165.74 - - [16/May/2026:18:39:01 +0000] "POST /login HTTP/1.1" 401 1833 "-" "curl/7.88.1"
45.83.64.12 - - [16/May/2026:18:39:02 +0000] "GET /products HTTP/1.1" 200 6368 "-" "python-requests/2.31.0"
172.67.211.55 - - [16/May/2026:18:39:02 +0000] "POST /api/search?q=laptop HTTP/1.1" 302 2136 "-" "python-requests/2.31.0"
172.67.211.55 - - [16/May/2026:18:39:02 +0000] "GET /register HTTP/1.1" 200 4840 "-" "python-requests/2.31.0"
45.83.64.12 - - [16/May/2026:18:39:03 +0000] "POST /assets/logo.png HTTP/1.1" 200 11817 "-" "Mozilla/5.0 (Windows NT 10.0; Win64; x64)"
45.83.64.12 - - [16/May/2026:18:39:03 +0000] "POST /login HTTP/1.1" 301 1433 "-" "Mozilla/5.0 (X11; Linux x86_64)"
172.67.211.55 - - [16/May/2026:18:39:03 +0000] "POST /api/search?q=headphones HTTP/1.1" 200 10723 "-" "Mozilla/5.0 (Macintosh; Intel Mac OS X 10_15_7)"
185.220.101.45 - - [16/May/2026:18:39:03 +0000] "GET /wp-login.php HTTP/1.1" 403 544 "-" "Mozilla/5.0 (Windows NT 10.0; Win64; x64)"
91.240.118.172 - - [16/May/2026:18:39:04 +0000] "POST /login HTTP/1.1" 301 11275 "-" "Mozilla/5.0 (Macintosh; Intel Mac OS X 10_15_7)"
104.26.12.44 - - [16/May/2026:18:39:04 +0000] "POST /cart HTTP/1.1" 200 4113 "-" "curl/7.88.1"
172.67.211.55 - - [16/May/2026:18:39:04 +0000] "POST /login HTTP/1.1" 200 9122 "-" "Mozilla/5.0 (Windows NT 10.0; Win64; x64)"
84.17.44.201 - - [16/May/2026:18:39:05 +0000] "GET /cart HTTP/1.1" 302 8037 "-" "Mozilla/5.0 (Macintosh; Intel Mac OS X 10_15_7)"
104.26.12.44 - - [16/May/2026:18:39:05 +0000] "GET /assets/banner.jpg HTTP/1.1" 200 7995 "-" "python-requests/2.31.0"
172.67.211.55 - - [16/May/2026:18:39:06 +0000] "GET /home HTTP/1.1" 301 3271 "-" "python-requests/2.31.0"
104.26.12.44 - - [16/May/2026:18:39:07 +0000] "POST /register HTTP/1.1" 302 8675 "-" "Mozilla/5.0 (X11; Linux x86_64)"
45.83.64.12 - - [16/May/2026:18:39:08 +0000] "POST /home HTTP/1.1" 200 9577 "-" "python-requests/2.31.0"
45.83.64.12 - - [16/May/2026:18:39:09 +0000] "POST /api/search?q=laptop HTTP/1.1" 200 10383 "-" "Mozilla/5.0 (Macintosh; Intel Mac OS X 10_15_7)"
84.17.44.201 - - [16/May/2026:18:39:09 +0000] "GET /assets/logo.png HTTP/1.1" 301 990 "-" "curl/7.88.1"
104.26.12.44 - - [16/May/2026:18:39:09 +0000] "GET /api/search?q=headphones HTTP/1.1" 200 2349 "-" "Mozilla/5.0 (X11; Linux x86_64)"
45.83.64.12 - - [16/May/2026:18:39:09 +0000] "POST /register HTTP/1.1" 302 2922 "-" "python-requests/2.31.0"
84.17.44.201 - - [16/May/2026:18:39:10 +0000] "POST /cart HTTP/1.1" 200 5039 "-" "curl/7.88.1"
45.83.64.12 - - [16/May/2026:18:39:10 +0000] "POST / HTTP/1.1" 301 4573 "-" "curl/7.88.1"
91.240.118.172 - - [16/May/2026:18:39:10 +0000] "POST / HTTP/1.1" 302 3627 "-" "Mozilla/5.0 (Macintosh; Intel Mac OS X 10_15_7)"
104.26.12.44 - - [16/May/2026:18:39:11 +0000] "GET /api/search?q=headphones HTTP/1.1" 200 10497 "-" "Mozilla/5.0 (X11; Linux x86_64)"
45.83.64.12 - - [16/May/2026:18:39:11 +0000] "GET /products HTTP/1.1" 200 6116 "-" "Mozilla/5.0 (Windows NT 10.0; Win64; x64)"
104.26.12.44 - - [16/May/2026:18:39:11 +0000] "GET /products HTTP/1.1" 302 3091 "-" "python-requests/2.31.0"
172.67.211.55 - - [16/May/2026:18:39:12 +0000] "GET /assets/banner.jpg HTTP/1.1" 200 6502 "-" "curl/7.88.1"
104.26.12.44 - - [16/May/2026:18:39:12 +0000] "GET /login HTTP/1.1" 200 11743 "-" "Mozilla/5.0 (X11; Linux x86_64)"
45.83.64.12 - - [16/May/2026:18:39:13 +0000] "GET /assets/logo.png HTTP/1.1" 302 4638 "-" "Mozilla/5.0 (Windows NT 10.0; Win64; x64)"
91.240.118.172 - - [16/May/2026:18:39:13 +0000] "POST /register HTTP/1.1" 302 5182 "-" "Mozilla/5.0 (Windows NT 10.0; Win64; x64)"
91.240.118.172 - - [16/May/2026:18:39:13 +0000] "GET / HTTP/1.1" 200 977 "-" "Mozilla/5.0 (Windows NT 10.0; Win64; x64)"
172.67.211.55 - - [16/May/2026:18:39:14 +0000] "GET /assets/banner.jpg HTTP/1.1" 200 11951 "-" "curl/7.88.1"
84.17.44.201 - - [16/May/2026:18:39:14 +0000] "GET /home HTTP/1.1" 200 9943 "-" "Mozilla/5.0 (Macintosh; Intel Mac OS X 10_15_7)"
104.26.12.44 - - [16/May/2026:18:39:15 +0000] "POST /checkout HTTP/1.1" 301 1592 "-" "Mozilla/5.0 (X11; Linux x86_64)"
172.67.211.55 - - [16/May/2026:18:39:16 +0000] "POST /api/search?q=headphones HTTP/1.1" 200 7924 "-" "Mozilla/5.0 (Macintosh; Intel Mac OS X 10_15_7)"
172.67.211.55 - - [16/May/2026:18:39:16 +0000] "POST / HTTP/1.1" 200 6052 "-" "Mozilla/5.0 (Macintosh; Intel Mac OS X 10_15_7)"
104.26.12.44 - - [16/May/2026:18:39:16 +0000] "GET / HTTP/1.1" 200 10831 "-" "python-requests/2.31.0"
172.67.211.55 - - [16/May/2026:18:39:16 +0000] "GET /products HTTP/1.1" 200 5747 "-" "curl/7.88.1"
84.17.44.201 - - [16/May/2026:18:39:17 +0000] "POST / HTTP/1.1" 200 644 "-" "Mozilla/5.0 (Macintosh; Intel Mac OS X 10_15_7)"
91.240.118.172 - - [16/May/2026:18:39:17 +0000] "POST /checkout HTTP/1.1" 200 5053 "-" "Mozilla/5.0 (Macintosh; Intel Mac OS X 10_15_7)"
172.67.211.55 - - [16/May/2026:18:39:17 +0000] "POST /api/search?q=laptop HTTP/1.1" 200 10093 "-" "Mozilla/5.0 (Macintosh; Intel Mac OS X 10_15_7)"
45.83.64.12 - - [16/May/2026:18:39:18 +0000] "GET /api/search?q=headphones HTTP/1.1" 302 8023 "-" "Mozilla/5.0 (Windows NT 10.0; Win64; x64)"
91.240.118.172 - - [16/May/2026:18:39:18 +0000] "GET / HTTP/1.1" 200 2594 "-" "python-requests/2.31.0"
84.17.44.201 - - [16/May/2026:18:39:18 +0000] "POST /api/search?q=laptop HTTP/1.1" 301 9477 "-" "python-requests/2.31.0"
45.83.64.12 - - [16/May/2026:18:39:19 +0000] "GET /login HTTP/1.1" 200 11632 "-" "Mozilla/5.0 (X11; Linux x86_64)"
84.17.44.201 - - [16/May/2026:18:39:19 +0000] "GET /assets/logo.png HTTP/1.1" 301 11046 "-" "Mozilla/5.0 (Windows NT 10.0; Win64; x64)"
104.26.12.44 - - [16/May/2026:18:39:19 +0000] "GET /contact HTTP/1.1" 302 2236 "-" "python-requests/2.31.0"
45.83.64.12 - - [16/May/2026:18:39:20 +0000] "POST /assets/logo.png HTTP/1.1" 200 8366 "-" "Mozilla/5.0 (X11; Linux x86_64)"
45.83.64.12 - - [16/May/2026:18:39:20 +0000] "POST /checkout HTTP/1.1" 200 4820 "-" "curl/7.88.1"
172.67.211.55 - - [16/May/2026:18:39:20 +0000] "POST /register HTTP/1.1" 200 10113 "-" "python-requests/2.31.0"
91.240.118.172 - - [16/May/2026:18:39:20 +0000] "GET /login HTTP/1.1" 200 11051 "-" "Mozilla/5.0 (X11; Linux x86_64)"
45.83.64.12 - - [16/May/2026:18:39:21 +0000] "GET /assets/logo.png HTTP/1.1" 301 739 "-" "curl/7.88.1"
45.83.64.12 - - [16/May/2026:18:39:21 +0000] "GET /checkout HTTP/1.1" 302 11571 "-" "Mozilla/5.0 (Macintosh; Intel Mac OS X 10_15_7)"
45.83.64.12 - - [16/May/2026:18:39:21 +0000] "POST /contact HTTP/1.1" 301 6804 "-" "Mozilla/5.0 (X11; Linux x86_64)"
45.83.64.12 - - [16/May/2026:18:39:22 +0000] "POST /products HTTP/1.1" 302 3875 "-" "curl/7.88.1"
172.67.211.55 - - [16/May/2026:18:39:22 +0000] "GET /api/search?q=headphones HTTP/1.1" 302 8537 "-" "Mozilla/5.0 (Macintosh; Intel Mac OS X 10_15_7)"
198.98.51.189 - - [16/May/2026:18:39:22 +0000] "GET /server-status HTTP/1.1" 404 561 "-" "Mozilla/5.0 (Windows NT 10.0; Win64; x64)"
45.83.64.12 - - [16/May/2026:18:39:23 +0000] "POST / HTTP/1.1" 200 9445 "-" "Mozilla/5.0 (X11; Linux x86_64)"
45.83.64.12 - - [16/May/2026:18:39:23 +0000] "POST /assets/logo.png HTTP/1.1" 301 5212 "-" "Mozilla/5.0 (X11; Linux x86_64)"
45.83.64.12 - - [16/May/2026:18:39:23 +0000] "POST /contact HTTP/1.1" 200 2015 "-" "Mozilla/5.0 (Windows NT 10.0; Win64; x64)"
84.17.44.201 - - [16/May/2026:18:39:24 +0000] "GET /assets/logo.png HTTP/1.1" 200 10028 "-" "curl/7.88.1"
172.67.211.55 - - [16/May/2026:18:39:25 +0000] "GET / HTTP/1.1" 301 2795 "-" "Mozilla/5.0 (Windows NT 10.0; Win64; x64)"
45.83.64.12 - - [16/May/2026:18:39:26 +0000] "POST /login HTTP/1.1" 200 1234 "-" "curl/7.88.1"
45.83.64.12 - - [16/May/2026:18:39:26 +0000] "POST /products HTTP/1.1" 301 4271 "-" "curl/7.88.1"
172.67.211.55 - - [16/May/2026:18:39:26 +0000] "POST /home HTTP/1.1" 302 8047 "-" "Mozilla/5.0 (Macintosh; Intel Mac OS X 10_15_7)"
45.83.64.12 - - [16/May/2026:18:39:27 +0000] "GET /checkout HTTP/1.1" 200 1075 "-" "Mozilla/5.0 (Windows NT 10.0; Win64; x64)"
45.83.64.12 - - [16/May/2026:18:39:28 +0000] "POST /cart HTTP/1.1" 200 9266 "-" "Mozilla/5.0 (X11; Linux x86_64)"
45.83.64.12 - - [16/May/2026:18:39:29 +0000] "GET /login HTTP/1.1" 302 6475 "-" "Mozilla/5.0 (X11; Linux x86_64)"
91.240.118.172 - - [16/May/2026:18:39:29 +0000] "POST /assets/logo.png HTTP/1.1" 302 4721 "-" "Mozilla/5.0 (Macintosh; Intel Mac OS X 10_15_7)"
84.17.44.201 - - [16/May/2026:18:39:29 +0000] "GET /assets/logo.png HTTP/1.1" 302 4527 "-" "curl/7.88.1"
91.240.118.172 - - [16/May/2026:18:39:30 +0000] "GET /api/search?q=laptop HTTP/1.1" 200 1295 "-" "curl/7.88.1"
45.83.64.12 - - [16/May/2026:18:39:30 +0000] "GET /cart HTTP/1.1" 301 6145 "-" "Mozilla/5.0 (Macintosh; Intel Mac OS X 10_15_7)"
45.83.64.12 - - [16/May/2026:18:39:30 +0000] "POST /assets/logo.png HTTP/1.1" 200 4597 "-" "Mozilla/5.0 (X11; Linux x86_64)"
84.17.44.201 - - [16/May/2026:18:39:30 +0000] "POST /products HTTP/1.1" 200 2253 "-" "Mozilla/5.0 (Windows NT 10.0; Win64; x64)"
104.26.12.44 - - [16/May/2026:18:39:31 +0000] "POST /checkout HTTP/1.1" 200 952 "-" "curl/7.88.1"
103.145.13.99 - - [16/May/2026:18:39:31 +0000] "POST /login HTTP/1.1" 401 1867 "-" "Mozilla/5.0 (Windows NT 10.0; Win64; x64)"
84.17.44.201 - - [16/May/2026:18:39:32 +0000] "GET /checkout HTTP/1.1" 302 7742 "-" "Mozilla/5.0 (Macintosh; Intel Mac OS X 10_15_7)"
84.17.44.201 - - [16/May/2026:18:39:32 +0000] "GET /register HTTP/1.1" 200 994 "-" "Mozilla/5.0 (X11; Linux x86_64)"
84.17.44.201 - - [16/May/2026:18:39:32 +0000] "POST /api/search?q=laptop HTTP/1.1" 200 7176 "-" "Mozilla/5.0 (Macintosh; Intel Mac OS X 10_15_7)"
104.26.12.44 - - [16/May/2026:18:39:32 +0000] "POST /api/search?q=laptop HTTP/1.1" 200 4542 "-" "python-requests/2.31.0"
84.17.44.201 - - [16/May/2026:18:39:33 +0000] "GET /assets/logo.png HTTP/1.1" 200 1422 "-" "Mozilla/5.0 (Windows NT 10.0; Win64; x64)"
104.26.12.44 - - [16/May/2026:18:39:34 +0000] "POST /api/search?q=laptop HTTP/1.1" 301 4161 "-" "Mozilla/5.0 (X11; Linux x86_64)"
89.248.165.74 - - [16/May/2026:18:39:34 +0000] "GET /.env HTTP/1.1" 403 292 "-" "python-requests/2.31.0"
172.67.211.55 - - [16/May/2026:18:39:35 +0000] "GET /login HTTP/1.1" 200 704 "-" "python-requests/2.31.0"
84.17.44.201 - - [16/May/2026:18:39:36 +0000] "GET /api/search?q=laptop HTTP/1.1" 301 4593 "-" "Mozilla/5.0 (Windows NT 10.0; Win64; x64)"
84.17.44.201 - - [16/May/2026:18:39:36 +0000] "GET /assets/logo.png HTTP/1.1" 301 9379 "-" "Mozilla/5.0 (Windows NT 10.0; Win64; x64)"
104.26.12.44 - - [16/May/2026:18:39:36 +0000] "GET /products HTTP/1.1" 200 8374 "-" "curl/7.88.1"
172.67.211.55 - - [16/May/2026:18:39:36 +0000] "GET /register HTTP/1.1" 301 5931 "-" "python-requests/2.31.0"
45.83.64.12 - - [16/May/2026:18:39:37 +0000] "POST /products HTTP/1.1" 200 10886 "-" "Mozilla/5.0 (X11; Linux x86_64)"
91.240.118.172 - - [16/May/2026:18:39:37 +0000] "GET /cart HTTP/1.1" 200 2283 "-" "curl/7.88.1"
45.83.64.12 - - [16/May/2026:18:39:37 +0000] "POST /api/search?q=headphones HTTP/1.1" 200 7587 "-" "Mozilla/5.0 (X11; Linux x86_64)"
91.240.118.172 - - [16/May/2026:18:39:37 +0000] "GET /api/search?q=headphones HTTP/1.1" 200 10520 "-" "Mozilla/5.0 (Windows NT 10.0; Win64; x64)"
89.248.165.74 - - [16/May/2026:18:39:37 +0000] "GET /phpmyadmin HTTP/1.1" 401 752 "-" "python-requests/2.31.0"
84.17.44.201 - - [16/May/2026:18:39:38 +0000] "POST /assets/banner.jpg HTTP/1.1" 301 4828 "-" "Mozilla/5.0 (X11; Linux x86_64)"
172.67.211.55 - - [16/May/2026:18:39:39 +0000] "GET / HTTP/1.1" 200 1455 "-" "curl/7.88.1"
104.26.12.44 - - [16/May/2026:18:39:40 +0000] "GET /assets/banner.jpg HTTP/1.1" 200 6386 "-" "Mozilla/5.0 (Windows NT 10.0; Win64; x64)"
91.240.118.172 - - [16/May/2026:18:39:40 +0000] "GET /assets/logo.png HTTP/1.1" 302 2769 "-" "Mozilla/5.0 (Macintosh; Intel Mac OS X 10_15_7)"
91.240.118.172 - - [16/May/2026:18:39:41 +0000] "POST /register HTTP/1.1" 301 2167 "-" "Mozilla/5.0 (Macintosh; Intel Mac OS X 10_15_7)"
172.67.211.55 - - [16/May/2026:18:39:42 +0000] "POST / HTTP/1.1" 302 9141 "-" "curl/7.88.1"
45.83.64.12 - - [16/May/2026:18:39:42 +0000] "GET /products HTTP/1.1" 200 1588 "-" "curl/7.88.1"
84.17.44.201 - - [16/May/2026:18:39:42 +0000] "GET /register HTTP/1.1" 200 1455 "-" "Mozilla/5.0 (X11; Linux x86_64)"
45.83.64.12 - - [16/May/2026:18:39:43 +0000] "POST /assets/logo.png HTTP/1.1" 301 2902 "-" "Mozilla/5.0 (X11; Linux x86_64)"
104.26.12.44 - - [16/May/2026:18:39:43 +0000] "POST /api/search?q=laptop HTTP/1.1" 200 6137 "-" "curl/7.88.1"
185.220.101.45 - - [16/May/2026:18:39:43 +0000] "GET /.env HTTP/1.1" 403 674 "-" "curl/7.88.1"
172.67.211.55 - - [16/May/2026:18:39:44 +0000] "POST /register HTTP/1.1" 200 1312 "-" "curl/7.88.1"
104.26.12.44 - - [16/May/2026:18:39:44 +0000] "POST /home HTTP/1.1" 200 2063 "-" "python-requests/2.31.0"
104.26.12.44 - - [16/May/2026:18:39:45 +0000] "POST / HTTP/1.1" 200 3539 "-" "python-requests/2.31.0"
104.26.12.44 - - [16/May/2026:18:39:45 +0000] "GET /api/search?q=headphones HTTP/1.1" 301 4777 "-" "python-requests/2.31.0"
104.26.12.44 - - [16/May/2026:18:39:45 +0000] "GET /products HTTP/1.1" 302 6478 "-" "python-requests/2.31.0"
45.83.64.12 - - [16/May/2026:18:39:45 +0000] "POST /assets/banner.jpg HTTP/1.1" 301 8285 "-" "Mozilla/5.0 (Macintosh; Intel Mac OS X 10_15_7)"
91.240.118.172 - - [16/May/2026:18:39:46 +0000] "GET /assets/banner.jpg HTTP/1.1" 200 7117 "-" "Mozilla/5.0 (Windows NT 10.0; Win64; x64)"
45.83.64.12 - - [16/May/2026:18:39:46 +0000] "GET /api/search?q=headphones HTTP/1.1" 301 5699 "-" "python-requests/2.31.0"
91.240.118.172 - - [16/May/2026:18:39:46 +0000] "POST /register HTTP/1.1" 302 10136 "-" "Mozilla/5.0 (Macintosh; Intel Mac OS X 10_15_7)"
185.220.101.45 - - [16/May/2026:18:39:46 +0000] "GET /server-status HTTP/1.1" 404 1365 "-" "python-requests/2.31.0"
172.67.211.55 - - [16/May/2026:18:39:47 +0000] "POST /products HTTP/1.1" 200 3106 "-" "Mozilla/5.0 (Macintosh; Intel Mac OS X 10_15_7)"
104.26.12.44 - - [16/May/2026:18:39:47 +0000] "GET /home HTTP/1.1" 302 5047 "-" "Mozilla/5.0 (Macintosh; Intel Mac OS X 10_15_7)"
91.240.118.172 - - [16/May/2026:18:39:47 +0000] "POST /api/search?q=laptop HTTP/1.1" 301 2540 "-" "Mozilla/5.0 (Windows NT 10.0; Win64; x64)"
104.26.12.44 - - [16/May/2026:18:39:47 +0000] "GET /contact HTTP/1.1" 302 2508 "-" "Mozilla/5.0 (Macintosh; Intel Mac OS X 10_15_7)"
104.26.12.44 - - [16/May/2026:18:39:47 +0000] "GET /cart HTTP/1.1" 200 2644 "-" "curl/7.88.1"
45.83.64.12 - - [16/May/2026:18:39:47 +0000] "GET /register HTTP/1.1" 301 9905 "-" "Mozilla/5.0 (Windows NT 10.0; Win64; x64)"
104.26.12.44 - - [16/May/2026:18:39:47 +0000] "POST /assets/logo.png HTTP/1.1" 200 6041 "-" "python-requests/2.31.0"
172.67.211.55 - - [16/May/2026:18:39:47 +0000] "POST /api/search?q=headphones HTTP/1.1" 302 4033 "-" "curl/7.88.1"
172.67.211.55 - - [16/May/2026:18:39:47 +0000] "GET /cart HTTP/1.1" 302 11464 "-" "Mozilla/5.0 (Macintosh; Intel Mac OS X 10_15_7)"
45.83.64.12 - - [16/May/2026:18:39:47 +0000] "POST /login HTTP/1.1" 302 11238 "-" "Mozilla/5.0 (Windows NT 10.0; Win64; x64)"
172.67.211.55 - - [16/May/2026:18:39:47 +0000] "POST /register HTTP/1.1" 200 11043 "-" "Mozilla/5.0 (X11; Linux x86_64)"
91.240.118.172 - - [16/May/2026:18:39:47 +0000] "GET /assets/banner.jpg HTTP/1.1" 301 11450 "-" "Mozilla/5.0 (X11; Linux x86_64)"
45.83.64.12 - - [16/May/2026:18:39:47 +0000] "POST /cart HTTP/1.1" 200 2287 "-" "curl/7.88.1"
45.83.64.12 - - [16/May/2026:18:39:48 +0000] "GET /home HTTP/1.1" 200 1195 "-" "python-requests/2.31.0"
91.240.118.172 - - [16/May/2026:18:39:49 +0000] "POST /login HTTP/1.1" 302 10718 "-" "python-requests/2.31.0"
172.67.211.55 - - [16/May/2026:18:39:49 +0000] "GET /api/search?q=headphones HTTP/1.1" 200 6937 "-" "Mozilla/5.0 (Windows NT 10.0; Win64; x64)"
172.67.211.55 - - [16/May/2026:18:39:49 +0000] "POST /home HTTP/1.1" 200 5846 "-" "python-requests/2.31.0"
91.240.118.172 - - [16/May/2026:18:39:50 +0000] "POST /checkout HTTP/1.1" 200 4357 "-" "curl/7.88.1"
91.240.118.172 - - [16/May/2026:18:39:50 +0000] "GET /home HTTP/1.1" 301 8099 "-" "python-requests/2.31.0"
84.17.44.201 - - [16/May/2026:18:39:50 +0000] "POST /contact HTTP/1.1" 200 10897 "-" "Mozilla/5.0 (Macintosh; Intel Mac OS X 10_15_7)"
91.240.118.172 - - [16/May/2026:18:39:51 +0000] "POST /home HTTP/1.1" 200 6682 "-" "Mozilla/5.0 (Macintosh; Intel Mac OS X 10_15_7)"
45.83.64.12 - - [16/May/2026:18:39:52 +0000] "POST /checkout HTTP/1.1" 200 2319 "-" "Mozilla/5.0 (X11; Linux x86_64)"
172.67.211.55 - - [16/May/2026:18:39:52 +0000] "POST /cart HTTP/1.1" 200 10118 "-" "curl/7.88.1"
198.98.51.189 - - [16/May/2026:18:39:52 +0000] "GET /server-status HTTP/1.1" 404 886 "-" "Mozilla/5.0 (Macintosh; Intel Mac OS X 10_15_7)"
104.26.12.44 - - [16/May/2026:18:39:53 +0000] "GET /api/search?q=laptop HTTP/1.1" 302 2787 "-" "Mozilla/5.0 (X11; Linux x86_64)"
104.26.12.44 - - [16/May/2026:18:39:53 +0000] "GET /assets/banner.jpg HTTP/1.1" 200 1016 "-" "Mozilla/5.0 (Windows NT 10.0; Win64; x64)"
45.83.64.12 - - [16/May/2026:18:39:54 +0000] "GET /contact HTTP/1.1" 302 7064 "-" "Mozilla/5.0 (X11; Linux x86_64)"
45.83.64.12 - - [16/May/2026:18:39:54 +0000] "GET /products HTTP/1.1" 302 2190 "-" "Mozilla/5.0 (X11; Linux x86_64)"
84.17.44.201 - - [16/May/2026:18:39:55 +0000] "GET /register HTTP/1.1" 301 3514 "-" "python-requests/2.31.0"
84.17.44.201 - - [16/May/2026:18:39:55 +0000] "GET /home HTTP/1.1" 200 5239 "-" "python-requests/2.31.0"
45.83.64.12 - - [16/May/2026:18:39:55 +0000] "POST /assets/logo.png HTTP/1.1" 200 6632 "-" "curl/7.88.1"
172.67.211.55 - - [16/May/2026:18:39:55 +0000] "POST /contact HTTP/1.1" 301 6647 "-" "curl/7.88.1"
84.17.44.201 - - [16/May/2026:18:39:56 +0000] "POST / HTTP/1.1" 200 10138 "-" "Mozilla/5.0 (Macintosh; Intel Mac OS X 10_15_7)"
45.83.64.12 - - [16/May/2026:18:39:57 +0000] "POST / HTTP/1.1" 301 8914 "-" "curl/7.88.1"
84.17.44.201 - - [16/May/2026:18:39:57 +0000] "GET /assets/logo.png HTTP/1.1" 302 702 "-" "Mozilla/5.0 (X11; Linux x86_64)"
172.67.211.55 - - [16/May/2026:18:39:57 +0000] "POST /api/search?q=headphones HTTP/1.1" 200 918 "-" "Mozilla/5.0 (Macintosh; Intel Mac OS X 10_15_7)"
91.240.118.172 - - [16/May/2026:18:39:58 +0000] "GET /register HTTP/1.1" 200 7009 "-" "curl/7.88.1"
84.17.44.201 - - [16/May/2026:18:39:59 +0000] "GET /contact HTTP/1.1" 302 6020 "-" "Mozilla/5.0 (X11; Linux x86_64)"
45.83.64.12 - - [16/May/2026:18:39:59 +0000] "GET /register HTTP/1.1" 301 8801 "-" "python-requests/2.31.0"
172.67.211.55 - - [16/May/2026:18:39:59 +0000] "GET /api/search?q=laptop HTTP/1.1" 200 3076 "-" "Mozilla/5.0 (Macintosh; Intel Mac OS X 10_15_7)"
104.26.12.44 - - [16/May/2026:18:40:00 +0000] "POST /checkout HTTP/1.1" 200 10205 "-" "Mozilla/5.0 (Macintosh; Intel Mac OS X 10_15_7)"
91.240.118.172 - - [16/May/2026:18:40:00 +0000] "POST /login HTTP/1.1" 200 7174 "-" "Mozilla/5.0 (Windows NT 10.0; Win64; x64)"
84.17.44.201 - - [16/May/2026:18:40:00 +0000] "POST /home HTTP/1.1" 200 8993 "-" "Mozilla/5.0 (X11; Linux x86_64)"
45.83.64.12 - - [16/May/2026:18:40:01 +0000] "GET /contact HTTP/1.1" 200 1208 "-" "curl/7.88.1"
84.17.44.201 - - [16/May/2026:18:40:01 +0000] "POST /checkout HTTP/1.1" 200 7634 "-" "Mozilla/5.0 (Windows NT 10.0; Win64; x64)"
84.17.44.201 - - [16/May/2026:18:40:01 +0000] "GET /register HTTP/1.1" 200 753 "-" "Mozilla/5.0 (Windows NT 10.0; Win64; x64)"
172.67.211.55 - - [16/May/2026:18:40:02 +0000] "GET /api/search?q=headphones HTTP/1.1" 200 1303 "-" "Mozilla/5.0 (X11; Linux x86_64)"
104.26.12.44 - - [16/May/2026:18:40:02 +0000] "POST /assets/logo.png HTTP/1.1" 301 4675 "-" "Mozilla/5.0 (Macintosh; Intel Mac OS X 10_15_7)"
91.240.118.172 - - [16/May/2026:18:40:02 +0000] "POST /register HTTP/1.1" 301 9663 "-" "curl/7.88.1"
104.26.12.44 - - [16/May/2026:18:40:02 +0000] "POST / HTTP/1.1" 200 6164 "-" "curl/7.88.1"
185.220.101.45 - - [16/May/2026:18:40:02 +0000] "GET /phpmyadmin HTTP/1.1" 404 1022 "-" "python-requests/2.31.0"
172.67.211.55 - - [16/May/2026:18:40:03 +0000] "GET / HTTP/1.1" 302 9909 "-" "Mozilla/5.0 (X11; Linux x86_64)"
104.26.12.44 - - [16/May/2026:18:40:03 +0000] "GET /checkout HTTP/1.1" 200 5445 "-" "python-requests/2.31.0"
89.248.165.74 - - [16/May/2026:18:40:03 +0000] "POST /login HTTP/1.1" 403 1337 "-" "python-requests/2.31.0"
104.26.12.44 - - [16/May/2026:18:40:04 +0000] "POST /api/search?q=headphones HTTP/1.1" 301 10188 "-" "Mozilla/5.0 (Windows NT 10.0; Win64; x64)"
84.17.44.201 - - [16/May/2026:18:40:04 +0000] "POST /contact HTTP/1.1" 200 11804 "-" "python-requests/2.31.0"
45.83.64.12 - - [16/May/2026:18:40:05 +0000] "POST /login HTTP/1.1" 301 2142 "-" "Mozilla/5.0 (X11; Linux x86_64)"
104.26.12.44 - - [16/May/2026:18:40:05 +0000] "GET /login HTTP/1.1" 301 9297 "-" "Mozilla/5.0 (Windows NT 10.0; Win64; x64)"
104.26.12.44 - - [16/May/2026:18:40:05 +0000] "POST /checkout HTTP/1.1" 200 11362 "-" "curl/7.88.1"
84.17.44.201 - - [16/May/2026:18:40:05 +0000] "GET /register HTTP/1.1" 302 11319 "-" "python-requests/2.31.0"
104.26.12.44 - - [16/May/2026:18:40:06 +0000] "GET /api/search?q=laptop HTTP/1.1" 301 4867 "-" "Mozilla/5.0 (Windows NT 10.0; Win64; x64)"
91.240.118.172 - - [16/May/2026:18:40:06 +0000] "POST /assets/banner.jpg HTTP/1.1" 200 11009 "-" "Mozilla/5.0 (Macintosh; Intel Mac OS X 10_15_7)"
91.240.118.172 - - [16/May/2026:18:40:07 +0000] "POST /cart HTTP/1.1" 302 11950 "-" "Mozilla/5.0 (X11; Linux x86_64)"
103.145.13.99 - - [16/May/2026:18:40:07 +0000] "POST /login HTTP/1.1" 401 1038 "-" "Mozilla/5.0 (X11; Linux x86_64)"
91.240.118.172 - - [16/May/2026:18:40:08 +0000] "POST /api/search?q=headphones HTTP/1.1" 200 1064 "-" "curl/7.88.1"
104.26.12.44 - - [16/May/2026:18:40:09 +0000] "GET / HTTP/1.1" 302 11309 "-" "Mozilla/5.0 (X11; Linux x86_64)"
104.26.12.44 - - [16/May/2026:18:40:09 +0000] "POST /cart HTTP/1.1" 200 6560 "-" "Mozilla/5.0 (Macintosh; Intel Mac OS X 10_15_7)"
84.17.44.201 - - [16/May/2026:18:40:10 +0000] "GET /cart HTTP/1.1" 200 1664 "-" "Mozilla/5.0 (Windows NT 10.0; Win64; x64)"
45.83.64.12 - - [16/May/2026:18:40:11 +0000] "POST /products HTTP/1.1" 200 11145 "-" "curl/7.88.1"
172.67.211.55 - - [16/May/2026:18:40:11 +0000] "GET /assets/logo.png HTTP/1.1" 200 1918 "-" "Mozilla/5.0 (Macintosh; Intel Mac OS X 10_15_7)"
91.240.118.172 - - [16/May/2026:18:40:11 +0000] "POST /checkout HTTP/1.1" 200 10481 "-" "Mozilla/5.0 (Windows NT 10.0; Win64; x64)"
45.83.64.12 - - [16/May/2026:18:40:12 +0000] "GET /products HTTP/1.1" 200 3080 "-" "Mozilla/5.0 (Windows NT 10.0; Win64; x64)"
91.240.118.172 - - [16/May/2026:18:40:13 +0000] "POST /api/search?q=laptop HTTP/1.1" 302 9938 "-" "python-requests/2.31.0"
172.67.211.55 - - [16/May/2026:18:40:13 +0000] "POST /assets/logo.png HTTP/1.1" 302 6515 "-" "curl/7.88.1"
91.240.118.172 - - [16/May/2026:18:40:13 +0000] "POST /login HTTP/1.1" 302 6762 "-" "Mozilla/5.0 (Windows NT 10.0; Win64; x64)"
45.83.64.12 - - [16/May/2026:18:40:13 +0000] "GET /cart HTTP/1.1" 200 8522 "-" "python-requests/2.31.0"
91.240.118.172 - - [16/May/2026:18:40:14 +0000] "POST /api/search?q=headphones HTTP/1.1" 301 5047 "-" "Mozilla/5.0 (X11; Linux x86_64)"
45.83.64.12 - - [16/May/2026:18:40:14 +0000] "POST /assets/banner.jpg HTTP/1.1" 302 8276 "-" "python-requests/2.31.0"
91.240.118.172 - - [16/May/2026:18:40:14 +0000] "POST /assets/banner.jpg HTTP/1.1" 200 10155 "-" "python-requests/2.31.0"
45.83.64.12 - - [16/May/2026:18:40:14 +0000] "GET /checkout HTTP/1.1" 200 6110 "-" "Mozilla/5.0 (X11; Linux x86_64)"
